******************************************************************************
                  TI ARM Linker PC v18.1.1                     
******************************************************************************
>> Linked Wed Mar 20 17:53:19 2019

OUTPUT FILE NAME:   <Ignition_Cycle_Project.out>
ENTRY POINT SYMBOL: "_c_int00_noargs"  address: 000035f5


MEMORY CONFIGURATION

         name            origin    length      used     unused   attr    fill
----------------------  --------  ---------  --------  --------  ----  --------
  FLASH                 00000000   00040000  00003896  0003c76a  R  X
  SRAM                  20000000   00008000  00007973  0000068d  RW X


SEGMENT ALLOCATION MAP

run origin  load origin   length   init length attrs members
----------  ----------- ---------- ----------- ----- -------
00000000    00000000    00003898   00003898    r-x
  00000000    00000000    0000026c   0000026c    r-- .intvecs
  0000026c    0000026c    000034f2   000034f2    r-x .text
  00003760    00003760    00000100   00000100    r-- .const
  00003860    00003860    00000038   00000038    r-- .cinit
20000000    20000000    00007977   00000000    rw-
  20000000    20000000    00007734   00000000    rw- .bss
  20007738    20007738    00000200   00000000    rw- .stack
  20007938    20007938    0000003f   00000000    rw- .data


SECTION ALLOCATION MAP

 output                                  attributes/
section   page    origin      length       input sections
--------  ----  ----------  ----------   ----------------
.intvecs   0    00000000    0000026c     
                  00000000    0000026c     tm4c123gh6pm_startup_ccs.obj (.intvecs)

.text      0    0000026c    000034f2     
                  0000026c    00001780     tasks.obj (.text)
                  000019ec    00000990     queue.obj (.text)
                  0000237c    000003ae     event_groups.obj (.text)
                  0000272a    00000002     --HOLE-- [fill = 0]
                  0000272c    00000238     FSM.obj (.text)
                  00002964    00000132     driverlib.lib : gpio.obj (.text:GPIOPadConfigSet)
                  00002a96    0000012a     list.obj (.text)
                  00002bc0    00000128     port.obj (.text)
                  00002ce8    00000110     driverlib.lib : sysctl.obj (.text:SysCtlClockGet)
                  00002df8    000000fc     rtsv7M4_T_le_v4SPD16_eabi.lib : fd_mul_t2.asm.obj (.text)
                  00002ef4    000000d2     portasm.obj (.text)
                  00002fc6    00000002     --HOLE-- [fill = 0]
                  00002fc8    000000cc     main.obj (.text)
                  00003094    000000c8     UART.obj (.text)
                  0000315c    000000c4     Btn.obj (.text)
                  00003220    0000009c     heap_1.obj (.text)
                  000032bc    0000009c     rtsv7M4_T_le_v4SPD16_eabi.lib : memcpy_t2.asm.obj (.text)
                  00003358    0000007a                                   : memset_t2.asm.obj (.text)
                  000033d2    00000068                                   : copy_decompress_lzss.c.obj (.text:decompress:lzss:__TI_decompress_lzss)
                  0000343a    00000002     --HOLE-- [fill = 0]
                  0000343c    00000064     Manager.obj (.text)
                  000034a0    00000048     driverlib.lib : gpio.obj (.text:GPIOPinConfigure)
                  000034e8    00000048     rtsv7M4_T_le_v4SPD16_eabi.lib : fd_toi_t2.asm.obj (.text)
                  00003530    00000046     driverlib.lib : uart.obj (.text:UARTConfigSetExpClk)
                  00003576    00000002     --HOLE-- [fill = 0]
                  00003578    00000044     rtsv7M4_T_le_v4SPD16_eabi.lib : autoinit.c.obj (.text:__TI_auto_init_nobinit_nopinit:__TI_auto_init_nobinit_nopinit)
                  000035bc    00000038     driverlib.lib : sysctl.obj (.text:SysCtlPeripheralReady)
                  000035f4    00000038     rtsv7M4_T_le_v4SPD16_eabi.lib : boot_cortex_m.c.obj (.text:_c_int00_noargs:_c_int00_noargs)
                  0000362c    00000034     driverlib.lib : sysctl.obj (.text:SysCtlPeripheralEnable)
                  00003660    0000002a                   : gpio.obj (.text:GPIODirModeSet)
                  0000368a    00000002     --HOLE-- [fill = 0]
                  0000368c    00000020                   : uart.obj (.text:UARTDisable)
                  000036ac    00000020     rtsv7M4_T_le_v4SPD16_eabi.lib : u_tofd_t2.asm.obj (.text)
                  000036cc    00000014     driverlib.lib : uart.obj (.text:UARTEnable)
                  000036e0    00000012                   : gpio.obj (.text:GPIOPinTypeGPIOInput)
                  000036f2    00000012                   : gpio.obj (.text:GPIOPinTypeUART)
                  00003704    0000000e                   : uart.obj (.text:UARTCharGetNonBlocking)
                  00003712    0000000e                   : uart.obj (.text:UARTCharsAvail)
                  00003720    0000000e     rtsv7M4_T_le_v4SPD16_eabi.lib : copy_decompress_none.c.obj (.text:decompress:none:__TI_decompress_none)
                  0000372e    0000000c                                   : copy_zero_init.c.obj (.text:decompress:ZI:__TI_zero_init)
                  0000373a    0000000c     tm4c123gh6pm_startup_ccs.obj (.text)
                  00003746    0000000a     driverlib.lib : uart.obj (.text:UARTCharPut)
                  00003750    00000006                   : gpio.obj (.text:GPIOPinRead)
                  00003756    00000004     rtsv7M4_T_le_v4SPD16_eabi.lib : pre_init.c.obj (.text:_system_pre_init)
                  0000375a    00000004                                   : exit.c.obj (.text:abort:abort)

.const     0    00003760    00000100     
                  00003760    00000090     driverlib.lib : gpio.obj (.const:g_pui32GPIOBaseAddrs)
                  000037f0    0000006c                   : sysctl.obj (.const:g_pui32Xtals)
                  0000385c    00000004     port.obj (.const)

.cinit     0    00003860    00000038     
                  00003860    0000000d     (.cinit..data.load) [load image, compression = lzss]
                  0000386d    00000003     --HOLE-- [fill = 0]
                  00003870    0000000c     (__TI_handler_table)
                  0000387c    00000004     --HOLE-- [fill = 0]
                  00003880    00000008     (.cinit..bss.load) [load image, compression = zero_init]
                  00003888    00000010     (__TI_cinit_table)

.init_array 
*          0    00000000    00000000     UNINITIALIZED

.bss       0    20000000    00007734     UNINITIALIZED
                  20000000    00007530     heap_1.obj (.bss:ucHeap)
                  20007530    00000140     tasks.obj (.bss:pxReadyTasksLists)
                  20007670    00000050     (.common:xQueueRegistry)
                  200076c0    00000014     tasks.obj (.bss:xDelayedTaskList1)
                  200076d4    00000014     tasks.obj (.bss:xDelayedTaskList2)
                  200076e8    00000014     tasks.obj (.bss:xPendingReadyList)
                  200076fc    00000014     tasks.obj (.bss:xSuspendedTaskList)
                  20007710    00000014     tasks.obj (.bss:xTasksWaitingTermination)
                  20007724    00000008     tasks.obj (.bss)
                  2000772c    00000004     (.common:xBtnEventGroup)
                  20007730    00000004     (.common:xUartRecv)

.data      0    20007938    0000003f     UNINITIALIZED
                  20007938    00000030     tasks.obj (.data)
                  20007968    00000008     heap_1.obj (.data)
                  20007970    00000004     port.obj (.data)
                  20007974    00000002     Btn.obj (.data)
                  20007976    00000001     FSM.obj (.data)

.stack     0    20007738    00000200     UNINITIALIZED
                  20007738    00000004     rtsv7M4_T_le_v4SPD16_eabi.lib : boot_cortex_m.c.obj (.stack)
                  2000773c    000001fc     --HOLE--

MODULE SUMMARY

       Module                         code    ro data   rw data
       ------                         ----    -------   -------
    .\
       heap_1.obj                     156     0         30008  
       tasks.obj                      6016    0         476    
       queue.obj                      2448    0         80     
       event_groups.obj               942     0         0      
       tm4c123gh6pm_startup_ccs.obj   12      620       0      
       port.obj                       296     4         4      
       list.obj                       298     0         0      
       main.obj                       204     0         8      
       portasm.obj                    210     0         0      
    +--+------------------------------+-------+---------+---------+
       Total:                         10582   624       30576  
                                                               
    .\Button\
       Btn.obj                        196     0         2      
    +--+------------------------------+-------+---------+---------+
       Total:                         196     0         2      
                                                               
    .\FSM\
       FSM.obj                        568     0         1      
    +--+------------------------------+-------+---------+---------+
       Total:                         568     0         1      
                                                               
    .\Manager\
       Manager.obj                    100     0         0      
    +--+------------------------------+-------+---------+---------+
       Total:                         100     0         0      
                                                               
    .\Uart\
       UART.obj                       200     0         0      
    +--+------------------------------+-------+---------+---------+
       Total:                         200     0         0      
                                                               
    C:/ti/TivaWare_C_Series-2.1.4.178/driverlib/ccs/Debug/driverlib.lib
       gpio.obj                       462     144       0      
       sysctl.obj                     380     108       0      
       uart.obj                       160     0         0      
    +--+------------------------------+-------+---------+---------+
       Total:                         1002    252       0      
                                                               
    C:\ti\ccsv8\tools\compiler\ti-cgt-arm_18.1.1.LTS\lib\rtsv7M4_T_le_v4SPD16_eabi.lib
       fd_mul_t2.asm.obj              252     0         0      
       memcpy_t2.asm.obj              156     0         0      
       memset_t2.asm.obj              122     0         0      
       copy_decompress_lzss.c.obj     104     0         0      
       fd_toi_t2.asm.obj              72      0         0      
       autoinit.c.obj                 68      0         0      
       boot_cortex_m.c.obj            56      0         0      
       u_tofd_t2.asm.obj              32      0         0      
       copy_decompress_none.c.obj     14      0         0      
       copy_zero_init.c.obj           12      0         0      
       exit.c.obj                     4       0         0      
       pre_init.c.obj                 4       0         0      
    +--+------------------------------+-------+---------+---------+
       Total:                         896     0         0      
                                                               
       Stack:                         0       0         512    
       Linker Generated:              0       49        0      
    +--+------------------------------+-------+---------+---------+
       Grand Total:                   13544   925       31091  


LINKER GENERATED COPY TABLES

__TI_cinit_table @ 00003888 records: 2, size/record: 8, table size: 16
	.data: load addr=00003860, load size=0000000d bytes, run addr=20007938, run size=0000003f bytes, compression=lzss
	.bss: load addr=00003880, load size=00000008 bytes, run addr=20000000, run size=00007734 bytes, compression=zero_init


LINKER GENERATED HANDLER TABLE

__TI_handler_table @ 00003870 records: 3, size/record: 4, table size: 12
	index: 0, handler: __TI_decompress_lzss
	index: 1, handler: __TI_decompress_none
	index: 2, handler: __TI_zero_init


GLOBAL SYMBOLS: SORTED ALPHABETICALLY BY Name 

address   name                             
-------   ----                             
0000272d  AlignData                        
00003195  Btn1_Read                        
000031bb  Btn1_Task                        
0000315d  Btns_Init                        
0000375b  C$$EXIT                          
00002767  FSM_Handler_Task                 
00003661  GPIODirModeSet                   
00002965  GPIOPadConfigSet                 
000034a1  GPIOPinConfigure                 
00003751  GPIOPinRead                      
000036e1  GPIOPinTypeGPIOInput             
000036f3  GPIOPinTypeUART                  
0000343d  Get_Distance                     
0000373b  ResetISR                         
00002ce9  SysCtlClockGet                   
0000362d  SysCtlPeripheralEnable           
000035bd  SysCtlPeripheralReady            
000030f5  UART0_Recv                       
000030e3  UART0_Send                       
00003095  UART0_init                       
00003705  UARTCharGetNonBlocking           
00003747  UARTCharPut                      
00003713  UARTCharsAvail                   
00003531  UARTConfigSetExpClk              
0000368d  UARTDisable                      
000036cd  UARTEnable                       
00003115  UartRecv_Task                    
20007938  __STACK_END                      
00000200  __STACK_SIZE                     
20007938  __STACK_TOP                      
00003888  __TI_CINIT_Base                  
00003898  __TI_CINIT_Limit                 
00003870  __TI_Handler_Table_Base          
0000387c  __TI_Handler_Table_Limit         
00003579  __TI_auto_init_nobinit_nopinit   
000033d3  __TI_decompress_lzss             
00003721  __TI_decompress_none             
ffffffff  __TI_pprof_out_hndl              
ffffffff  __TI_prof_data_size              
ffffffff  __TI_prof_data_start             
00000000  __TI_static_base__               
0000372f  __TI_zero_init                   
000034e9  __aeabi_d2iz                     
00002df9  __aeabi_dmul                     
00003359  __aeabi_memclr                   
00003359  __aeabi_memclr4                  
00003359  __aeabi_memclr8                  
000032bd  __aeabi_memcpy                   
000032bd  __aeabi_memcpy4                  
000032bd  __aeabi_memcpy8                  
0000335b  __aeabi_memset                   
0000335b  __aeabi_memset4                  
0000335b  __aeabi_memset8                  
000036ad  __aeabi_ui2d                     
ffffffff  __binit__                        
ffffffff  __c_args__                       
UNDEFED   __mpu_init                       
20007738  __stack                          
000035f5  _c_int00_noargs                  
UNDEFED   _system_post_cinit               
00003757  _system_pre_init                 
0000375b  abort                            
ffffffff  binit                            
00000000  g_pfnVectors                     
00002fd3  main                             
000032bd  memcpy                           
00003361  memset                           
00003221  pvPortMalloc                     
00001533  pvTaskIncrementMutexHeldCount    
20007938  pxCurrentTCB                     
00002bc1  pxPortInitialiseStack            
000020e3  ucQueueGetQueueType              
0000385c  ulMaxSyscallInterruptPriority    
00002f05  ulPortGetIPSR                    
0000154b  ulTaskNotifyTake                 
0000270b  uxEventGroupGetNumber            
00002b79  uxListRemove                     
000020c3  uxQueueGetQueueNumber            
00002065  uxQueueMessagesWaiting           
0000209b  uxQueueMessagesWaitingFromISR    
0000207b  uxQueueSpacesAvailable           
00000a55  uxTaskGetNumberOfTasks           
0000130d  uxTaskGetStackHighWaterMark      
00000a61  uxTaskGetSystemState             
00000f79  uxTaskGetTaskNumber              
00000527  uxTaskPriorityGet                
00000559  uxTaskPriorityGetFromISR         
00001511  uxTaskResetEventItemValue        
00002fc9  vApplicationStackOverflowHook    
000026c5  vEventGroupClearBitsCallback     
00002681  vEventGroupDelete                
000026b5  vEventGroupSetBitsCallback       
00002a97  vListInitialise                  
00002ac7  vListInitialiseItem              
00002b13  vListInsert                      
00002ad7  vListInsertEnd                   
00002fb9  vPortEnableVFP                   
00002c5d  vPortEndScheduler                
00002c5f  vPortEnterCritical               
00002c7f  vPortExitCritical                
00003291  vPortFree                        
0000329b  vPortInitialiseBlocks            
00002f7d  vPortSVCHandler                  
00002cbb  vPortSetupTimerInterrupt         
00002f9d  vPortStartFirstTask              
000022f7  vQueueAddToRegistry              
000020ad  vQueueDelete                     
000020d1  vQueueSetQueueNumber             
00002339  vQueueUnregisterQueue            
000004cb  vTaskDelay                       
00000423  vTaskDelayUntil                  
00000387  vTaskDelete                      
00000921  vTaskEndScheduler                
00000f67  vTaskMissedYield                 
000018f5  vTaskNotifyGiveFromISR           
00000d05  vTaskPlaceOnEventList            
00000d6d  vTaskPlaceOnUnorderedEventList   
000013b9  vTaskPriorityInherit             
000005ad  vTaskPrioritySet                 
000007b5  vTaskResume                      
00000f99  vTaskSetTaskNumber               
00000ecf  vTaskSetTimeOutState             
000008c9  vTaskStartScheduler              
000006c1  vTaskSuspend                     
0000093d  vTaskSuspendAll                  
00000c5d  vTaskSwitchContext               
2000772c  xBtnEventGroup                   
00002557  xEventGroupClearBits             
0000237d  xEventGroupCreate                
00002583  xEventGroupGetBitsFromISR        
000025b3  xEventGroupSetBits               
0000239d  xEventGroupSync                  
0000246d  xEventGroupWaitBits              
000032a3  xPortGetFreeHeapSize             
00002f1d  xPortPendSVHandler               
00002c27  xPortStartScheduler              
00002c95  xPortSysTickHandler              
00001af9  xQueueCreateMutex                
00001a89  xQueueGenericCreate              
00001e27  xQueueGenericReceive             
000019ed  xQueueGenericReset               
00001bf5  xQueueGenericSend                
00001d1b  xQueueGenericSendFromISR         
00001da7  xQueueGiveFromISR                
00001b6f  xQueueGiveMutexRecursive         
00002293  xQueueIsQueueEmptyFromISR        
000022d5  xQueueIsQueueFullFromISR         
00002013  xQueuePeekFromISR                
00001f8d  xQueueReceiveFromISR             
20007670  xQueueRegistry                   
00001bab  xQueueTakeMutexRecursive         
00000eed  xTaskCheckForTimeOut             
0000026d  xTaskGenericCreate               
000016fb  xTaskGenericNotify               
000017ed  xTaskGenericNotifyFromISR        
0000139d  xTaskGetCurrentTaskHandle        
00000a2b  xTaskGetTickCount                
00000a41  xTaskGetTickCountFromISR         
00000b35  xTaskIncrementTick               
0000199b  xTaskNotifyStateClear            
00001611  xTaskNotifyWait                  
00001473  xTaskPriorityDisinherit          
00000de1  xTaskRemoveFromEventList         
00000e5d  xTaskRemoveFromUnorderedEventList
00000955  xTaskResumeAll                   
00000837  xTaskResumeFromISR               
20007730  xUartRecv                        


GLOBAL SYMBOLS: SORTED BY Symbol Address 

address   name                             
-------   ----                             
00000000  __TI_static_base__               
00000000  g_pfnVectors                     
00000200  __STACK_SIZE                     
0000026d  xTaskGenericCreate               
00000387  vTaskDelete                      
00000423  vTaskDelayUntil                  
000004cb  vTaskDelay                       
00000527  uxTaskPriorityGet                
00000559  uxTaskPriorityGetFromISR         
000005ad  vTaskPrioritySet                 
000006c1  vTaskSuspend                     
000007b5  vTaskResume                      
00000837  xTaskResumeFromISR               
000008c9  vTaskStartScheduler              
00000921  vTaskEndScheduler                
0000093d  vTaskSuspendAll                  
00000955  xTaskResumeAll                   
00000a2b  xTaskGetTickCount                
00000a41  xTaskGetTickCountFromISR         
00000a55  uxTaskGetNumberOfTasks           
00000a61  uxTaskGetSystemState             
00000b35  xTaskIncrementTick               
00000c5d  vTaskSwitchContext               
00000d05  vTaskPlaceOnEventList            
00000d6d  vTaskPlaceOnUnorderedEventList   
00000de1  xTaskRemoveFromEventList         
00000e5d  xTaskRemoveFromUnorderedEventList
00000ecf  vTaskSetTimeOutState             
00000eed  xTaskCheckForTimeOut             
00000f67  vTaskMissedYield                 
00000f79  uxTaskGetTaskNumber              
00000f99  vTaskSetTaskNumber               
0000130d  uxTaskGetStackHighWaterMark      
0000139d  xTaskGetCurrentTaskHandle        
000013b9  vTaskPriorityInherit             
00001473  xTaskPriorityDisinherit          
00001511  uxTaskResetEventItemValue        
00001533  pvTaskIncrementMutexHeldCount    
0000154b  ulTaskNotifyTake                 
00001611  xTaskNotifyWait                  
000016fb  xTaskGenericNotify               
000017ed  xTaskGenericNotifyFromISR        
000018f5  vTaskNotifyGiveFromISR           
0000199b  xTaskNotifyStateClear            
000019ed  xQueueGenericReset               
00001a89  xQueueGenericCreate              
00001af9  xQueueCreateMutex                
00001b6f  xQueueGiveMutexRecursive         
00001bab  xQueueTakeMutexRecursive         
00001bf5  xQueueGenericSend                
00001d1b  xQueueGenericSendFromISR         
00001da7  xQueueGiveFromISR                
00001e27  xQueueGenericReceive             
00001f8d  xQueueReceiveFromISR             
00002013  xQueuePeekFromISR                
00002065  uxQueueMessagesWaiting           
0000207b  uxQueueSpacesAvailable           
0000209b  uxQueueMessagesWaitingFromISR    
000020ad  vQueueDelete                     
000020c3  uxQueueGetQueueNumber            
000020d1  vQueueSetQueueNumber             
000020e3  ucQueueGetQueueType              
00002293  xQueueIsQueueEmptyFromISR        
000022d5  xQueueIsQueueFullFromISR         
000022f7  vQueueAddToRegistry              
00002339  vQueueUnregisterQueue            
0000237d  xEventGroupCreate                
0000239d  xEventGroupSync                  
0000246d  xEventGroupWaitBits              
00002557  xEventGroupClearBits             
00002583  xEventGroupGetBitsFromISR        
000025b3  xEventGroupSetBits               
00002681  vEventGroupDelete                
000026b5  vEventGroupSetBitsCallback       
000026c5  vEventGroupClearBitsCallback     
0000270b  uxEventGroupGetNumber            
0000272d  AlignData                        
00002767  FSM_Handler_Task                 
00002965  GPIOPadConfigSet                 
00002a97  vListInitialise                  
00002ac7  vListInitialiseItem              
00002ad7  vListInsertEnd                   
00002b13  vListInsert                      
00002b79  uxListRemove                     
00002bc1  pxPortInitialiseStack            
00002c27  xPortStartScheduler              
00002c5d  vPortEndScheduler                
00002c5f  vPortEnterCritical               
00002c7f  vPortExitCritical                
00002c95  xPortSysTickHandler              
00002cbb  vPortSetupTimerInterrupt         
00002ce9  SysCtlClockGet                   
00002df9  __aeabi_dmul                     
00002f05  ulPortGetIPSR                    
00002f1d  xPortPendSVHandler               
00002f7d  vPortSVCHandler                  
00002f9d  vPortStartFirstTask              
00002fb9  vPortEnableVFP                   
00002fc9  vApplicationStackOverflowHook    
00002fd3  main                             
00003095  UART0_init                       
000030e3  UART0_Send                       
000030f5  UART0_Recv                       
00003115  UartRecv_Task                    
0000315d  Btns_Init                        
00003195  Btn1_Read                        
000031bb  Btn1_Task                        
00003221  pvPortMalloc                     
00003291  vPortFree                        
0000329b  vPortInitialiseBlocks            
000032a3  xPortGetFreeHeapSize             
000032bd  __aeabi_memcpy                   
000032bd  __aeabi_memcpy4                  
000032bd  __aeabi_memcpy8                  
000032bd  memcpy                           
00003359  __aeabi_memclr                   
00003359  __aeabi_memclr4                  
00003359  __aeabi_memclr8                  
0000335b  __aeabi_memset                   
0000335b  __aeabi_memset4                  
0000335b  __aeabi_memset8                  
00003361  memset                           
000033d3  __TI_decompress_lzss             
0000343d  Get_Distance                     
000034a1  GPIOPinConfigure                 
000034e9  __aeabi_d2iz                     
00003531  UARTConfigSetExpClk              
00003579  __TI_auto_init_nobinit_nopinit   
000035bd  SysCtlPeripheralReady            
000035f5  _c_int00_noargs                  
0000362d  SysCtlPeripheralEnable           
00003661  GPIODirModeSet                   
0000368d  UARTDisable                      
000036ad  __aeabi_ui2d                     
000036cd  UARTEnable                       
000036e1  GPIOPinTypeGPIOInput             
000036f3  GPIOPinTypeUART                  
00003705  UARTCharGetNonBlocking           
00003713  UARTCharsAvail                   
00003721  __TI_decompress_none             
0000372f  __TI_zero_init                   
0000373b  ResetISR                         
00003747  UARTCharPut                      
00003751  GPIOPinRead                      
00003757  _system_pre_init                 
0000375b  C$$EXIT                          
0000375b  abort                            
0000385c  ulMaxSyscallInterruptPriority    
00003870  __TI_Handler_Table_Base          
0000387c  __TI_Handler_Table_Limit         
00003888  __TI_CINIT_Base                  
00003898  __TI_CINIT_Limit                 
20007670  xQueueRegistry                   
2000772c  xBtnEventGroup                   
20007730  xUartRecv                        
20007738  __stack                          
20007938  __STACK_END                      
20007938  __STACK_TOP                      
20007938  pxCurrentTCB                     
ffffffff  __TI_pprof_out_hndl              
ffffffff  __TI_prof_data_size              
ffffffff  __TI_prof_data_start             
ffffffff  __binit__                        
ffffffff  __c_args__                       
ffffffff  binit                            
UNDEFED   __mpu_init                       
UNDEFED   _system_post_cinit               

[167 symbols]
