******************************************************************************
                  TI ARM Linker PC v18.1.1                     
******************************************************************************
>> Linked Thu Mar 21 16:13:17 2019

OUTPUT FILE NAME:   <Ignition_Cycle_Project_R.out>
ENTRY POINT SYMBOL: "_c_int00_noargs"  address: 000035c1


MEMORY CONFIGURATION

         name            origin    length      used     unused   attr    fill
----------------------  --------  ---------  --------  --------  ----  --------
  FLASH                 00000000   00040000  0000382a  0003c7d6  R  X
  SRAM                  20000000   00008000  00007970  00000690  RW X


SEGMENT ALLOCATION MAP

run origin  load origin   length   init length attrs members
----------  ----------- ---------- ----------- ----- -------
00000000    00000000    00003830   00003830    r-x
  00000000    00000000    0000026c   0000026c    r-- .intvecs
  0000026c    0000026c    0000348e   0000348e    r-x .text
  000036fc    000036fc    00000100   00000100    r-- .const
  00003800    00003800    00000030   00000030    r-- .cinit
20000000    20000000    00007974   00000000    rw-
  20000000    20000000    00007734   00000000    rw- .bss
  20007738    20007738    00000200   00000000    rw- .stack
  20007938    20007938    0000003c   00000000    rw- .data


SECTION ALLOCATION MAP

 output                                  attributes/
section   page    origin      length       input sections
--------  ----  ----------  ----------   ----------------
.intvecs   0    00000000    0000026c     
                  00000000    0000026c     tm4c123gh6pm_startup_ccs.obj (.intvecs)

.text      0    0000026c    0000348e     
                  0000026c    00001780     tasks.obj (.text)
                  000019ec    00000990     queue.obj (.text)
                  0000237c    000006f8     Lcd.obj (.text)
                  00002a74    00000132     driverlib.lib : gpio.obj (.text:GPIOPadConfigSet)
                  00002ba6    0000012a     list.obj (.text)
                  00002cd0    00000128     port.obj (.text)
                  00002df8    00000110     driverlib.lib : sysctl.obj (.text:SysCtlClockGet)
                  00002f08    000000fc     rtsv7M4_T_le_v4SPD16_eabi.lib : fd_mul_t2.asm.obj (.text)
                  00003004    000000f0     Spi.obj (.text)
                  000030f4    000000d2     portasm.obj (.text)
                  000031c6    00000002     --HOLE-- [fill = 0]
                  000031c8    0000009c     heap_1.obj (.text)
                  00003264    0000009c     rtsv7M4_T_le_v4SPD16_eabi.lib : memcpy_t2.asm.obj (.text)
                  00003300    00000094     main.obj (.text)
                  00003394    0000007a     rtsv7M4_T_le_v4SPD16_eabi.lib : memset_t2.asm.obj (.text)
                  0000340e    00000068                                   : copy_decompress_lzss.c.obj (.text:decompress:lzss:__TI_decompress_lzss)
                  00003476    00000002     --HOLE-- [fill = 0]
                  00003478    00000048     driverlib.lib : gpio.obj (.text:GPIOPinConfigure)
                  000034c0    00000048     rtsv7M4_T_le_v4SPD16_eabi.lib : fd_toi_t2.asm.obj (.text)
                  00003508    00000044                                   : autoinit.c.obj (.text:__TI_auto_init_nobinit_nopinit:__TI_auto_init_nobinit_nopinit)
                  0000354c    0000003c     driverlib.lib : ssi.obj (.text:SSIConfigSetExpClk)
                  00003588    00000038                   : sysctl.obj (.text:SysCtlPeripheralReady)
                  000035c0    00000038     rtsv7M4_T_le_v4SPD16_eabi.lib : boot_cortex_m.c.obj (.text:_c_int00_noargs:_c_int00_noargs)
                  000035f8    00000034     driverlib.lib : sysctl.obj (.text:SysCtlPeripheralEnable)
                  0000362c    0000002a                   : gpio.obj (.text:GPIODirModeSet)
                  00003656    00000020     rtsv7M4_T_le_v4SPD16_eabi.lib : u_tofd_t2.asm.obj (.text)
                  00003676    00000018     driverlib.lib : gpio.obj (.text:GPIOPinTypeGPIOOutput)
                  0000368e    00000012                   : gpio.obj (.text:GPIOPinTypeSSI)
                  000036a0    00000012                   : ssi.obj (.text:SSIDataGetNonBlocking)
                  000036b2    0000000e     rtsv7M4_T_le_v4SPD16_eabi.lib : copy_decompress_none.c.obj (.text:decompress:none:__TI_decompress_none)
                  000036c0    0000000c                                   : copy_zero_init.c.obj (.text:decompress:ZI:__TI_zero_init)
                  000036cc    0000000c     tm4c123gh6pm_startup_ccs.obj (.text)
                  000036d8    0000000a     driverlib.lib : ssi.obj (.text:SSIDataPut)
                  000036e2    0000000a                   : ssi.obj (.text:SSIEnable)
                  000036ec    00000006                   : gpio.obj (.text:GPIOPinWrite)
                  000036f2    00000004     rtsv7M4_T_le_v4SPD16_eabi.lib : pre_init.c.obj (.text:_system_pre_init)
                  000036f6    00000004                                   : exit.c.obj (.text:abort:abort)

.const     0    000036fc    00000100     
                  000036fc    00000090     driverlib.lib : gpio.obj (.const:g_pui32GPIOBaseAddrs)
                  0000378c    0000006c                   : sysctl.obj (.const:g_pui32Xtals)
                  000037f8    00000004     port.obj (.const)

.cinit     0    00003800    00000030     
                  00003800    0000000c     (__TI_handler_table)
                  0000380c    0000000b     (.cinit..data.load) [load image, compression = lzss]
                  00003817    00000001     --HOLE-- [fill = 0]
                  00003818    00000008     (.cinit..bss.load) [load image, compression = zero_init]
                  00003820    00000010     (__TI_cinit_table)

.init_array 
*          0    00000000    00000000     UNINITIALIZED

.bss       0    20000000    00007734     UNINITIALIZED
                  20000000    00007530     heap_1.obj (.bss:ucHeap)
                  20007530    00000140     tasks.obj (.bss:pxReadyTasksLists)
                  20007670    00000050     (.common:xQueueRegistry)
                  200076c0    00000014     tasks.obj (.bss:xDelayedTaskList1)
                  200076d4    00000014     tasks.obj (.bss:xDelayedTaskList2)
                  200076e8    00000014     tasks.obj (.bss:xPendingReadyList)
                  200076fc    00000014     tasks.obj (.bss:xSuspendedTaskList)
                  20007710    00000014     tasks.obj (.bss:xTasksWaitingTermination)
                  20007724    00000008     tasks.obj (.bss)
                  2000772c    00000004     Spi.obj (.bss)
                  20007730    00000004     (.common:xSPIRecv)

.data      0    20007938    0000003c     UNINITIALIZED
                  20007938    00000030     tasks.obj (.data)
                  20007968    00000008     heap_1.obj (.data)
                  20007970    00000004     port.obj (.data)

.stack     0    20007738    00000200     UNINITIALIZED
                  20007738    00000004     rtsv7M4_T_le_v4SPD16_eabi.lib : boot_cortex_m.c.obj (.stack)
                  2000773c    000001fc     --HOLE--

MODULE SUMMARY

       Module                         code    ro data   rw data
       ------                         ----    -------   -------
    .\
       heap_1.obj                     156     0         30008  
       tasks.obj                      6016    0         476    
       queue.obj                      2448    0         80     
       tm4c123gh6pm_startup_ccs.obj   12      620       0      
       port.obj                       296     4         4      
       list.obj                       298     0         0      
       portasm.obj                    210     0         0      
       main.obj                       148     0         4      
    +--+------------------------------+-------+---------+---------+
       Total:                         9584    624       30572  
                                                               
    .\Lcd\
       Lcd.obj                        1784    0         0      
    +--+------------------------------+-------+---------+---------+
       Total:                         1784    0         0      
                                                               
    .\SPI\
       Spi.obj                        240     0         4      
    +--+------------------------------+-------+---------+---------+
       Total:                         240     0         4      
                                                               
    C:/ti/TivaWare_C_Series-2.1.4.178/driverlib/ccs/Debug/driverlib.lib
       gpio.obj                       468     144       0      
       sysctl.obj                     380     108       0      
       ssi.obj                        98      0         0      
    +--+------------------------------+-------+---------+---------+
       Total:                         946     252       0      
                                                               
    C:\ti\ccsv8\tools\compiler\ti-cgt-arm_18.1.1.LTS\lib\rtsv7M4_T_le_v4SPD16_eabi.lib
       fd_mul_t2.asm.obj              252     0         0      
       memcpy_t2.asm.obj              156     0         0      
       memset_t2.asm.obj              122     0         0      
       copy_decompress_lzss.c.obj     104     0         0      
       fd_toi_t2.asm.obj              72      0         0      
       autoinit.c.obj                 68      0         0      
       boot_cortex_m.c.obj            56      0         0      
       u_tofd_t2.asm.obj              32      0         0      
       copy_decompress_none.c.obj     14      0         0      
       copy_zero_init.c.obj           12      0         0      
       exit.c.obj                     4       0         0      
       pre_init.c.obj                 4       0         0      
    +--+------------------------------+-------+---------+---------+
       Total:                         896     0         0      
                                                               
       Stack:                         0       0         512    
       Linker Generated:              0       47        0      
    +--+------------------------------+-------+---------+---------+
       Grand Total:                   13450   923       31088  


LINKER GENERATED COPY TABLES

__TI_cinit_table @ 00003820 records: 2, size/record: 8, table size: 16
	.data: load addr=0000380c, load size=0000000b bytes, run addr=20007938, run size=0000003c bytes, compression=lzss
	.bss: load addr=00003818, load size=00000008 bytes, run addr=20000000, run size=00007734 bytes, compression=zero_init


LINKER GENERATED HANDLER TABLE

__TI_handler_table @ 00003800 records: 3, size/record: 4, table size: 12
	index: 0, handler: __TI_decompress_lzss
	index: 1, handler: __TI_decompress_none
	index: 2, handler: __TI_zero_init


GLOBAL SYMBOLS: SORTED ALPHABETICALLY BY Name 

address   name                             
-------   ----                             
000036f7  C$$EXIT                          
0000362d  GPIODirModeSet                   
00002a75  GPIOPadConfigSet                 
00003479  GPIOPinConfigure                 
00003677  GPIOPinTypeGPIOOutput            
0000368f  GPIOPinTypeSSI                   
000036ed  GPIOPinWrite                     
000025d3  LCD_Clear                        
0000237d  LCD_INIT                         
000023ef  LCD_Send_Command                 
000024e1  LCD_Send_Data                    
000025dd  LCD_diplayString                 
0000261b  LCD_gotoRowColumn                
00002659  LCD_sendString_RowCol            
0000268d  Lcd_Task                         
000036cd  ResetISR                         
00003067  SPI2_Send                        
00003079  SPI3_Recieve                     
00003005  SPI3_Slave_Init                  
0000308f  SPI_Recieve_Task                 
0000354d  SSIConfigSetExpClk               
000036a1  SSIDataGetNonBlocking            
000036d9  SSIDataPut                       
000036e3  SSIEnable                        
00002df9  SysCtlClockGet                   
000035f9  SysCtlPeripheralEnable           
00003589  SysCtlPeripheralReady            
20007938  __STACK_END                      
00000200  __STACK_SIZE                     
20007938  __STACK_TOP                      
00003820  __TI_CINIT_Base                  
00003830  __TI_CINIT_Limit                 
00003800  __TI_Handler_Table_Base          
0000380c  __TI_Handler_Table_Limit         
00003509  __TI_auto_init_nobinit_nopinit   
0000340f  __TI_decompress_lzss             
000036b3  __TI_decompress_none             
ffffffff  __TI_pprof_out_hndl              
ffffffff  __TI_prof_data_size              
ffffffff  __TI_prof_data_start             
00000000  __TI_static_base__               
000036c1  __TI_zero_init                   
000034c1  __aeabi_d2iz                     
00002f09  __aeabi_dmul                     
00003395  __aeabi_memclr                   
00003395  __aeabi_memclr4                  
00003395  __aeabi_memclr8                  
00003265  __aeabi_memcpy                   
00003265  __aeabi_memcpy4                  
00003265  __aeabi_memcpy8                  
00003397  __aeabi_memset                   
00003397  __aeabi_memset4                  
00003397  __aeabi_memset8                  
00003657  __aeabi_ui2d                     
ffffffff  __binit__                        
ffffffff  __c_args__                       
UNDEFED   __mpu_init                       
20007738  __stack                          
000035c1  _c_int00_noargs                  
UNDEFED   _system_post_cinit               
000036f3  _system_pre_init                 
000036f7  abort                            
ffffffff  binit                            
00000000  g_pfnVectors                     
0000330b  main                             
00003265  memcpy                           
0000339d  memset                           
000031c9  pvPortMalloc                     
00001533  pvTaskIncrementMutexHeldCount    
20007938  pxCurrentTCB                     
00002cd1  pxPortInitialiseStack            
000020e3  ucQueueGetQueueType              
000037f8  ulMaxSyscallInterruptPriority    
00003105  ulPortGetIPSR                    
0000154b  ulTaskNotifyTake                 
00002c89  uxListRemove                     
000020c3  uxQueueGetQueueNumber            
00002065  uxQueueMessagesWaiting           
0000209b  uxQueueMessagesWaitingFromISR    
0000207b  uxQueueSpacesAvailable           
00000a55  uxTaskGetNumberOfTasks           
0000130d  uxTaskGetStackHighWaterMark      
00000a61  uxTaskGetSystemState             
00000f79  uxTaskGetTaskNumber              
00000527  uxTaskPriorityGet                
00000559  uxTaskPriorityGetFromISR         
00001511  uxTaskResetEventItemValue        
00003301  vApplicationStackOverflowHook    
00002ba7  vListInitialise                  
00002bd7  vListInitialiseItem              
00002c23  vListInsert                      
00002be7  vListInsertEnd                   
000031b9  vPortEnableVFP                   
00002d6d  vPortEndScheduler                
00002d6f  vPortEnterCritical               
00002d8f  vPortExitCritical                
00003239  vPortFree                        
00003243  vPortInitialiseBlocks            
0000317d  vPortSVCHandler                  
00002dcb  vPortSetupTimerInterrupt         
0000319d  vPortStartFirstTask              
000022f7  vQueueAddToRegistry              
000020ad  vQueueDelete                     
000020d1  vQueueSetQueueNumber             
00002339  vQueueUnregisterQueue            
000004cb  vTaskDelay                       
00000423  vTaskDelayUntil                  
00000387  vTaskDelete                      
00000921  vTaskEndScheduler                
00000f67  vTaskMissedYield                 
000018f5  vTaskNotifyGiveFromISR           
00000d05  vTaskPlaceOnEventList            
00000d6d  vTaskPlaceOnUnorderedEventList   
000013b9  vTaskPriorityInherit             
000005ad  vTaskPrioritySet                 
000007b5  vTaskResume                      
00000f99  vTaskSetTaskNumber               
00000ecf  vTaskSetTimeOutState             
000008c9  vTaskStartScheduler              
000006c1  vTaskSuspend                     
0000093d  vTaskSuspendAll                  
00000c5d  vTaskSwitchContext               
0000324b  xPortGetFreeHeapSize             
0000311d  xPortPendSVHandler               
00002d37  xPortStartScheduler              
00002da5  xPortSysTickHandler              
00001af9  xQueueCreateMutex                
00001a89  xQueueGenericCreate              
00001e27  xQueueGenericReceive             
000019ed  xQueueGenericReset               
00001bf5  xQueueGenericSend                
00001d1b  xQueueGenericSendFromISR         
00001da7  xQueueGiveFromISR                
00001b6f  xQueueGiveMutexRecursive         
00002293  xQueueIsQueueEmptyFromISR        
000022d5  xQueueIsQueueFullFromISR         
00002013  xQueuePeekFromISR                
00001f8d  xQueueReceiveFromISR             
20007670  xQueueRegistry                   
00001bab  xQueueTakeMutexRecursive         
20007730  xSPIRecv                         
00000eed  xTaskCheckForTimeOut             
0000026d  xTaskGenericCreate               
000016fb  xTaskGenericNotify               
000017ed  xTaskGenericNotifyFromISR        
0000139d  xTaskGetCurrentTaskHandle        
00000a2b  xTaskGetTickCount                
00000a41  xTaskGetTickCountFromISR         
00000b35  xTaskIncrementTick               
0000199b  xTaskNotifyStateClear            
00001611  xTaskNotifyWait                  
00001473  xTaskPriorityDisinherit          
00000de1  xTaskRemoveFromEventList         
00000e5d  xTaskRemoveFromUnorderedEventList
00000955  xTaskResumeAll                   
00000837  xTaskResumeFromISR               


GLOBAL SYMBOLS: SORTED BY Symbol Address 

address   name                             
-------   ----                             
00000000  __TI_static_base__               
00000000  g_pfnVectors                     
00000200  __STACK_SIZE                     
0000026d  xTaskGenericCreate               
00000387  vTaskDelete                      
00000423  vTaskDelayUntil                  
000004cb  vTaskDelay                       
00000527  uxTaskPriorityGet                
00000559  uxTaskPriorityGetFromISR         
000005ad  vTaskPrioritySet                 
000006c1  vTaskSuspend                     
000007b5  vTaskResume                      
00000837  xTaskResumeFromISR               
000008c9  vTaskStartScheduler              
00000921  vTaskEndScheduler                
0000093d  vTaskSuspendAll                  
00000955  xTaskResumeAll                   
00000a2b  xTaskGetTickCount                
00000a41  xTaskGetTickCountFromISR         
00000a55  uxTaskGetNumberOfTasks           
00000a61  uxTaskGetSystemState             
00000b35  xTaskIncrementTick               
00000c5d  vTaskSwitchContext               
00000d05  vTaskPlaceOnEventList            
00000d6d  vTaskPlaceOnUnorderedEventList   
00000de1  xTaskRemoveFromEventList         
00000e5d  xTaskRemoveFromUnorderedEventList
00000ecf  vTaskSetTimeOutState             
00000eed  xTaskCheckForTimeOut             
00000f67  vTaskMissedYield                 
00000f79  uxTaskGetTaskNumber              
00000f99  vTaskSetTaskNumber               
0000130d  uxTaskGetStackHighWaterMark      
0000139d  xTaskGetCurrentTaskHandle        
000013b9  vTaskPriorityInherit             
00001473  xTaskPriorityDisinherit          
00001511  uxTaskResetEventItemValue        
00001533  pvTaskIncrementMutexHeldCount    
0000154b  ulTaskNotifyTake                 
00001611  xTaskNotifyWait                  
000016fb  xTaskGenericNotify               
000017ed  xTaskGenericNotifyFromISR        
000018f5  vTaskNotifyGiveFromISR           
0000199b  xTaskNotifyStateClear            
000019ed  xQueueGenericReset               
00001a89  xQueueGenericCreate              
00001af9  xQueueCreateMutex                
00001b6f  xQueueGiveMutexRecursive         
00001bab  xQueueTakeMutexRecursive         
00001bf5  xQueueGenericSend                
00001d1b  xQueueGenericSendFromISR         
00001da7  xQueueGiveFromISR                
00001e27  xQueueGenericReceive             
00001f8d  xQueueReceiveFromISR             
00002013  xQueuePeekFromISR                
00002065  uxQueueMessagesWaiting           
0000207b  uxQueueSpacesAvailable           
0000209b  uxQueueMessagesWaitingFromISR    
000020ad  vQueueDelete                     
000020c3  uxQueueGetQueueNumber            
000020d1  vQueueSetQueueNumber             
000020e3  ucQueueGetQueueType              
00002293  xQueueIsQueueEmptyFromISR        
000022d5  xQueueIsQueueFullFromISR         
000022f7  vQueueAddToRegistry              
00002339  vQueueUnregisterQueue            
0000237d  LCD_INIT                         
000023ef  LCD_Send_Command                 
000024e1  LCD_Send_Data                    
000025d3  LCD_Clear                        
000025dd  LCD_diplayString                 
0000261b  LCD_gotoRowColumn                
00002659  LCD_sendString_RowCol            
0000268d  Lcd_Task                         
00002a75  GPIOPadConfigSet                 
00002ba7  vListInitialise                  
00002bd7  vListInitialiseItem              
00002be7  vListInsertEnd                   
00002c23  vListInsert                      
00002c89  uxListRemove                     
00002cd1  pxPortInitialiseStack            
00002d37  xPortStartScheduler              
00002d6d  vPortEndScheduler                
00002d6f  vPortEnterCritical               
00002d8f  vPortExitCritical                
00002da5  xPortSysTickHandler              
00002dcb  vPortSetupTimerInterrupt         
00002df9  SysCtlClockGet                   
00002f09  __aeabi_dmul                     
00003005  SPI3_Slave_Init                  
00003067  SPI2_Send                        
00003079  SPI3_Recieve                     
0000308f  SPI_Recieve_Task                 
00003105  ulPortGetIPSR                    
0000311d  xPortPendSVHandler               
0000317d  vPortSVCHandler                  
0000319d  vPortStartFirstTask              
000031b9  vPortEnableVFP                   
000031c9  pvPortMalloc                     
00003239  vPortFree                        
00003243  vPortInitialiseBlocks            
0000324b  xPortGetFreeHeapSize             
00003265  __aeabi_memcpy                   
00003265  __aeabi_memcpy4                  
00003265  __aeabi_memcpy8                  
00003265  memcpy                           
00003301  vApplicationStackOverflowHook    
0000330b  main                             
00003395  __aeabi_memclr                   
00003395  __aeabi_memclr4                  
00003395  __aeabi_memclr8                  
00003397  __aeabi_memset                   
00003397  __aeabi_memset4                  
00003397  __aeabi_memset8                  
0000339d  memset                           
0000340f  __TI_decompress_lzss             
00003479  GPIOPinConfigure                 
000034c1  __aeabi_d2iz                     
00003509  __TI_auto_init_nobinit_nopinit   
0000354d  SSIConfigSetExpClk               
00003589  SysCtlPeripheralReady            
000035c1  _c_int00_noargs                  
000035f9  SysCtlPeripheralEnable           
0000362d  GPIODirModeSet                   
00003657  __aeabi_ui2d                     
00003677  GPIOPinTypeGPIOOutput            
0000368f  GPIOPinTypeSSI                   
000036a1  SSIDataGetNonBlocking            
000036b3  __TI_decompress_none             
000036c1  __TI_zero_init                   
000036cd  ResetISR                         
000036d9  SSIDataPut                       
000036e3  SSIEnable                        
000036ed  GPIOPinWrite                     
000036f3  _system_pre_init                 
000036f7  C$$EXIT                          
000036f7  abort                            
000037f8  ulMaxSyscallInterruptPriority    
00003800  __TI_Handler_Table_Base          
0000380c  __TI_Handler_Table_Limit         
00003820  __TI_CINIT_Base                  
00003830  __TI_CINIT_Limit                 
20007670  xQueueRegistry                   
20007730  xSPIRecv                         
20007738  __stack                          
20007938  __STACK_END                      
20007938  __STACK_TOP                      
20007938  pxCurrentTCB                     
ffffffff  __TI_pprof_out_hndl              
ffffffff  __TI_prof_data_size              
ffffffff  __TI_prof_data_start             
ffffffff  __binit__                        
ffffffff  __c_args__                       
ffffffff  binit                            
UNDEFED   __mpu_init                       
UNDEFED   _system_post_cinit               

[156 symbols]
