******************************************************************************
                  TI ARM Linker PC v18.1.1                     
******************************************************************************
>> Linked Tue Mar 26 14:57:50 2019

OUTPUT FILE NAME:   <DIO AutoSar.out>
ENTRY POINT SYMBOL: "_c_int00_noargs"  address: 00000fc5


MEMORY CONFIGURATION

         name            origin    length      used     unused   attr    fill
----------------------  --------  ---------  --------  --------  ----  --------
  FLASH                 00000000   00040000  00001052  0003efae  R  X
  SRAM                  20000000   00008000  0000021c  00007de4  RW X


SEGMENT ALLOCATION MAP

run origin  load origin   length   init length attrs members
----------  ----------- ---------- ----------- ----- -------
00000000    00000000    00001054   00001054    r-x
  00000000    00000000    0000026c   0000026c    r-- .intvecs
  0000026c    0000026c    00000db2   00000db2    r-x .text
  00001020    00001020    00000034   00000034    r-- .cinit
20000000    20000000    0000021c   00000000    rw-
  20000000    20000000    00000200   00000000    rw- .stack
  20000200    20000200    0000001c   00000000    rw- .data


SECTION ALLOCATION MAP

 output                                  attributes/
section   page    origin      length       input sections
--------  ----  ----------  ----------   ----------------
.intvecs   0    00000000    0000026c     
                  00000000    0000026c     tm4c123gh6pm_startup_ccs.obj (.intvecs)

.text      0    0000026c    00000db2     
                  0000026c    00000a18     Dio.obj (.text)
                  00000c84    0000016c     main.obj (.text)
                  00000df0    0000009c     rtsv7M4_T_le_v4SPD16_eabi.lib : memcpy_t2.asm.obj (.text)
                  00000e8c    0000008c     Det.obj (.text)
                  00000f18    00000068     rtsv7M4_T_le_v4SPD16_eabi.lib : copy_decompress_lzss.c.obj (.text:decompress:lzss:__TI_decompress_lzss)
                  00000f80    00000044                                   : autoinit.c.obj (.text:__TI_auto_init_nobinit_nopinit:__TI_auto_init_nobinit_nopinit)
                  00000fc4    00000038                                   : boot_cortex_m.c.obj (.text:_c_int00_noargs:_c_int00_noargs)
                  00000ffc    0000000e                                   : copy_decompress_none.c.obj (.text:decompress:none:__TI_decompress_none)
                  0000100a    0000000c     tm4c123gh6pm_startup_ccs.obj (.text)
                  00001016    00000004     rtsv7M4_T_le_v4SPD16_eabi.lib : pre_init.c.obj (.text:_system_pre_init)
                  0000101a    00000004                                   : exit.c.obj (.text:abort:abort)

.cinit     0    00001020    00000034     
                  00001020    00000022     (.cinit..data.load) [load image, compression = lzss]
                  00001042    00000002     --HOLE-- [fill = 0]
                  00001044    00000008     (__TI_handler_table)
                  0000104c    00000008     (__TI_cinit_table)

.init_array 
*          0    00000000    00000000     UNINITIALIZED

.data      0    20000200    0000001c     UNINITIALIZED
                  20000200    00000010     Dio_Lcfg.obj (.data:Dio_Channels)
                  20000210    00000006     Dio_Lcfg.obj (.data:Channel_Groups)
                  20000216    00000003     main.obj (.data:str2)
                  20000219    00000003     main.obj (.data:str)

.stack     0    20000000    00000200     UNINITIALIZED
                  20000000    00000004     rtsv7M4_T_le_v4SPD16_eabi.lib : boot_cortex_m.c.obj (.stack)
                  20000004    000001fc     --HOLE--

MODULE SUMMARY

       Module                         code   ro data   rw data
       ------                         ----   -------   -------
    .\
       tm4c123gh6pm_startup_ccs.obj   12     620       0      
       main.obj                       364    0         6      
    +--+------------------------------+------+---------+---------+
       Total:                         376    620       6      
                                                              
    .\DIO\
       Dio.obj                        2584   0         0      
       Det.obj                        140    0         0      
       Dio_Lcfg.obj                   0      0         22     
    +--+------------------------------+------+---------+---------+
       Total:                         2724   0         22     
                                                              
    C:\ti\ccsv8\tools\compiler\ti-cgt-arm_18.1.1.LTS\lib\rtsv7M4_T_le_v4SPD16_eabi.lib
       memcpy_t2.asm.obj              156    0         0      
       copy_decompress_lzss.c.obj     104    0         0      
       autoinit.c.obj                 68     0         0      
       boot_cortex_m.c.obj            56     0         0      
       copy_decompress_none.c.obj     14     0         0      
       exit.c.obj                     4      0         0      
       pre_init.c.obj                 4      0         0      
    +--+------------------------------+------+---------+---------+
       Total:                         406    0         0      
                                                              
       Stack:                         0      0         512    
       Linker Generated:              0      50        0      
    +--+------------------------------+------+---------+---------+
       Grand Total:                   3506   670       540    


LINKER GENERATED COPY TABLES

__TI_cinit_table @ 0000104c records: 1, size/record: 8, table size: 8
	.data: load addr=00001020, load size=00000022 bytes, run addr=20000200, run size=0000001c bytes, compression=lzss


LINKER GENERATED HANDLER TABLE

__TI_handler_table @ 00001044 records: 2, size/record: 4, table size: 8
	index: 0, handler: __TI_decompress_lzss
	index: 1, handler: __TI_decompress_none


GLOBAL SYMBOLS: SORTED ALPHABETICALLY BY Name 

address   name                          
-------   ----                          
0000101b  C$$EXIT                       
20000210  Channel_Groups                
00000e8d  Det_ReportError               
20000200  Dio_Channels                  
00000b55  Dio_FlipChannel               
0000026d  Dio_ReadChannel               
000008b9  Dio_ReadChannelGroup          
000005dd  Dio_ReadPort                  
000003c3  Dio_WriteChannel              
00000a01  Dio_WriteChannelGroup         
000006d5  Dio_WritePort                 
0000100b  ResetISR                      
00000d53  Test_ReadChannelGroup         
00000cc3  Test_WriteChannel             
00000d0b  Test_WritePort                
20000200  __STACK_END                   
00000200  __STACK_SIZE                  
20000200  __STACK_TOP                   
0000104c  __TI_CINIT_Base               
00001054  __TI_CINIT_Limit              
00001044  __TI_Handler_Table_Base       
0000104c  __TI_Handler_Table_Limit      
00000f81  __TI_auto_init_nobinit_nopinit
00000f19  __TI_decompress_lzss          
00000ffd  __TI_decompress_none          
ffffffff  __TI_pprof_out_hndl           
ffffffff  __TI_prof_data_size           
ffffffff  __TI_prof_data_start          
00000000  __TI_static_base__            
00000df1  __aeabi_memcpy                
00000df1  __aeabi_memcpy4               
00000df1  __aeabi_memcpy8               
ffffffff  __binit__                     
ffffffff  __c_args__                    
UNDEFED   __mpu_init                    
20000000  __stack                       
00000fc5  _c_int00_noargs               
UNDEFED   _system_post_cinit            
00001017  _system_pre_init              
0000101b  abort                         
ffffffff  binit                         
00000000  g_pfnVectors                  
00000c85  main                          
00000df1  memcpy                        
20000219  str                           
20000216  str2                          


GLOBAL SYMBOLS: SORTED BY Symbol Address 

address   name                          
-------   ----                          
00000000  __TI_static_base__            
00000000  g_pfnVectors                  
00000200  __STACK_SIZE                  
0000026d  Dio_ReadChannel               
000003c3  Dio_WriteChannel              
000005dd  Dio_ReadPort                  
000006d5  Dio_WritePort                 
000008b9  Dio_ReadChannelGroup          
00000a01  Dio_WriteChannelGroup         
00000b55  Dio_FlipChannel               
00000c85  main                          
00000cc3  Test_WriteChannel             
00000d0b  Test_WritePort                
00000d53  Test_ReadChannelGroup         
00000df1  __aeabi_memcpy                
00000df1  __aeabi_memcpy4               
00000df1  __aeabi_memcpy8               
00000df1  memcpy                        
00000e8d  Det_ReportError               
00000f19  __TI_decompress_lzss          
00000f81  __TI_auto_init_nobinit_nopinit
00000fc5  _c_int00_noargs               
00000ffd  __TI_decompress_none          
0000100b  ResetISR                      
00001017  _system_pre_init              
0000101b  C$$EXIT                       
0000101b  abort                         
00001044  __TI_Handler_Table_Base       
0000104c  __TI_CINIT_Base               
0000104c  __TI_Handler_Table_Limit      
00001054  __TI_CINIT_Limit              
20000000  __stack                       
20000200  Dio_Channels                  
20000200  __STACK_END                   
20000200  __STACK_TOP                   
20000210  Channel_Groups                
20000216  str2                          
20000219  str                           
ffffffff  __TI_pprof_out_hndl           
ffffffff  __TI_prof_data_size           
ffffffff  __TI_prof_data_start          
ffffffff  __binit__                     
ffffffff  __c_args__                    
ffffffff  binit                         
UNDEFED   __mpu_init                    
UNDEFED   _system_post_cinit            

[46 symbols]
