******************************************************************************
                  TI ARM Linker PC v18.1.1                     
******************************************************************************
>> Linked Wed Mar 13 18:30:23 2019

OUTPUT FILE NAME:   <freertos_demo.out>
ENTRY POINT SYMBOL: "_c_int00_noargs"  address: 00001175


MEMORY CONFIGURATION

         name            origin    length      used     unused   attr    fill
----------------------  --------  ---------  --------  --------  ----  --------
  FLASH                 00000000   00040000  0000160a  0003e9f6  R  X
  SRAM                  20000000   00008000  00007937  000006c9  RW X


SEGMENT ALLOCATION MAP

run origin  load origin   length   init length attrs members
----------  ----------- ---------- ----------- ----- -------
00000000    00000000    00001610   00001610    r-x
  00000000    00000000    0000026c   0000026c    r-- .intvecs
  0000026c    0000026c    00001352   00001352    r-x .text
  000015c0    000015c0    00000004   00000004    r-- .const
  000015c8    000015c8    00000048   00000048    r-- .cinit
20000000    20000000    0000793b   00000000    rw-
  20000000    20000000    000076ec   00000000    rw- .bss
  200076f0    200076f0    00000200   00000000    rw- .stack
  200078f0    200078f0    0000004b   00000000    rw- .data


SECTION ALLOCATION MAP

 output                                  attributes/
section   page    origin      length       input sections
--------  ----  ----------  ----------   ----------------
.intvecs   0    00000000    0000026c     
                  00000000    0000026c     startup_ccs.obj (.intvecs)

.text      0    0000026c    00001352     
                  0000026c    00000132     driverlib.lib : gpio.obj (.text:GPIOPadConfigSet)
                  0000039e    00000002     startup_ccs.obj (.text:FaultISR)
                  000003a0    00000104     tasks.obj (.text:xTaskIncrementTick)
                  000004a4    00000100     tasks.obj (.text:xTaskGenericCreate)
                  000005a4    000000e4     freertos_demo.obj (.text:main)
                  00000688    000000e4     tasks.obj (.text:xTaskResumeAll)
                  0000076c    000000d8     Lcd.obj (.text:LCD_Send_Command)
                  00000844    000000d8     Lcd.obj (.text:LCD_Send_Data)
                  0000091c    000000d2     portasm.obj (.text)
                  000009ee    00000002     startup_ccs.obj (.text:IntDefaultHandler)
                  000009f0    000000b0     tasks.obj (.text:vTaskSuspend)
                  00000aa0    000000ac     heap_2.obj (.text:pvPortMalloc)
                  00000b4c    0000009c     rtsv7M4_T_le_v4SPD16_eabi.lib : memcpy_t2.asm.obj (.text)
                  00000be8    00000090     Lcd.obj (.text:LCD_INIT)
                  00000c78    0000008c     tasks.obj (.text:vTaskSwitchContext)
                  00000d04    0000007a     rtsv7M4_T_le_v4SPD16_eabi.lib : memset_t2.asm.obj (.text)
                  00000d7e    00000068                                   : copy_decompress_lzss.c.obj (.text:decompress:lzss:__TI_decompress_lzss)
                  00000de6    00000002     startup_ccs.obj (.text:NmiSR)
                  00000de8    00000060     tasks.obj (.text:prvInitialiseTaskLists)
                  00000e48    00000060     tasks.obj (.text:vTaskStartScheduler)
                  00000ea8    0000005c     tasks.obj (.text:vTaskDelay)
                  00000f04    00000058     tasks.obj (.text:prvCheckTasksWaitingTermination)
                  00000f5c    00000056     tasks.obj (.text:prvInitialiseTCBVariables)
                  00000fb2    00000002     freertos_demo.obj (.text:vApplicationStackOverflowHook)
                  00000fb4    0000004c     tasks.obj (.text:prvAddCurrentTaskToDelayedList)
                  00001000    00000044     rtsv7M4_T_le_v4SPD16_eabi.lib : autoinit.c.obj (.text:__TI_auto_init_nobinit_nopinit:__TI_auto_init_nobinit_nopinit)
                  00001044    00000044     heap_2.obj (.text:vPortFree)
                  00001088    00000040     port.obj (.text:xPortStartScheduler)
                  000010c8    0000003a     tasks.obj (.text:prvAllocateTCBAndStack)
                  00001102    00000002     --HOLE-- [fill = 0]
                  00001104    00000038     Leds.obj (.text:Leds_Init)
                  0000113c    00000038     driverlib.lib : sysctl.obj (.text:SysCtlPeripheralReady)
                  00001174    00000038     rtsv7M4_T_le_v4SPD16_eabi.lib : boot_cortex_m.c.obj (.text:_c_int00_noargs:_c_int00_noargs)
                  000011ac    00000038     list.obj (.text:vListInsert)
                  000011e4    00000034     driverlib.lib : sysctl.obj (.text:SysCtlPeripheralEnable)
                  00001218    00000030     Tasks.obj (.text:LED1Task)
                  00001248    00000030     Tasks.obj (.text:LED2Task)
                  00001278    00000030     Tasks.obj (.text:LED3Task)
                  000012a8    00000030     heap_2.obj (.text:prvHeapInit)
                  000012d8    0000002c     Buzzer.obj (.text:Buzzer_Toggle)
                  00001304    0000002c     Leds.obj (.text:Led1_Blink)
                  00001330    0000002c     Leds.obj (.text:Led2_Blink)
                  0000135c    0000002c     Leds.obj (.text:Led3_Blink)
                  00001388    0000002c     port.obj (.text:xPortSysTickHandler)
                  000013b4    0000002a     driverlib.lib : gpio.obj (.text:GPIODirModeSet)
                  000013de    00000002     --HOLE-- [fill = 0]
                  000013e0    00000028     Buzzer.obj (.text:Buzzer_Init)
                  00001408    00000028     tasks.obj (.text:prvResetNextTaskUnblockTime)
                  00001430    00000028     port.obj (.text:pxPortInitialiseStack)
                  00001458    00000020     list.obj (.text:uxListRemove)
                  00001478    0000001c     port.obj (.text:vPortEnterCritical)
                  00001494    00000018     driverlib.lib : gpio.obj (.text:GPIOPinTypeGPIOOutput)
                  000014ac    00000018     Tasks.obj (.text:LcdTask)
                  000014c4    00000018     list.obj (.text:vListInsertEnd)
                  000014dc    00000018     port.obj (.text:vPortExitCritical)
                  000014f4    00000016     Tasks.obj (.text:TaskInit)
                  0000150a    00000016     list.obj (.text:vListInitialise)
                  00001520    00000014     Tasks.obj (.text:BuzzerTask)
                  00001534    00000014     port.obj (.text:vPortSetupTimerInterrupt)
                  00001548    00000012     tasks.obj (.text:prvDeleteTCB)
                  0000155a    00000010     port.obj (.text:prvTaskExitError)
                  0000156a    00000002     --HOLE-- [fill = 0]
                  0000156c    00000010     tasks.obj (.text:vTaskSuspendAll)
                  0000157c    0000000e     rtsv7M4_T_le_v4SPD16_eabi.lib : copy_decompress_none.c.obj (.text:decompress:none:__TI_decompress_none)
                  0000158a    0000000c                                   : copy_zero_init.c.obj (.text:decompress:ZI:__TI_zero_init)
                  00001596    00000008     tasks.obj (.text:prvIdleTask)
                  0000159e    00000006     driverlib.lib : gpio.obj (.text:GPIOPinWrite)
                  000015a4    00000006     startup_ccs.obj (.text:ResetISR)
                  000015aa    00000006     driverlib.lib : sysctl.obj (.text:SysCtlDelay)
                  000015b0    00000006     list.obj (.text:vListInitialiseItem)
                  000015b6    00000004     rtsv7M4_T_le_v4SPD16_eabi.lib : pre_init.c.obj (.text:_system_pre_init)
                  000015ba    00000004                                   : exit.c.obj (.text:abort:abort)

.const     0    000015c0    00000004     
                  000015c0    00000004     port.obj (.const)

.cinit     0    000015c8    00000048     
                  000015c8    0000001e     (.cinit..data.load) [load image, compression = lzss]
                  000015e6    00000002     --HOLE-- [fill = 0]
                  000015e8    0000000c     (__TI_handler_table)
                  000015f4    00000004     --HOLE-- [fill = 0]
                  000015f8    00000008     (.cinit..bss.load) [load image, compression = zero_init]
                  00001600    00000010     (__TI_cinit_table)

.init_array 
*          0    00000000    00000000     UNINITIALIZED

.bss       0    20000000    000076ec     UNINITIALIZED
                  20000000    00007530     heap_2.obj (.bss:ucHeap)
                  20007530    00000140     tasks.obj (.bss:pxReadyTasksLists)
                  20007670    00000014     tasks.obj (.bss:xDelayedTaskList1)
                  20007684    00000014     tasks.obj (.bss:xDelayedTaskList2)
                  20007698    00000014     tasks.obj (.bss:xPendingReadyList)
                  200076ac    00000014     tasks.obj (.bss:xSuspendedTaskList)
                  200076c0    00000014     tasks.obj (.bss:xTasksWaitingTermination)
                  200076d4    00000008     tasks.obj (.bss)
                  200076dc    00000008     heap_2.obj (.bss:xEnd)
                  200076e4    00000008     heap_2.obj (.bss:xStart)

.data      0    200078f0    0000004b     UNINITIALIZED
                  200078f0    00000030     tasks.obj (.data)
                  20007920    0000000b     Tasks.obj (.data)
                  2000792b    00000001     Buzzer.obj (.data)
                  2000792c    00000008     heap_2.obj (.data)
                  20007934    00000004     port.obj (.data)
                  20007938    00000003     Leds.obj (.data)

.stack     0    200076f0    00000200     UNINITIALIZED
                  200076f0    00000004     rtsv7M4_T_le_v4SPD16_eabi.lib : boot_cortex_m.c.obj (.stack)
                  200076f4    000001fc     --HOLE--

MODULE SUMMARY

       Module                       code   ro data   rw data
       ------                       ----   -------   -------
    .\
       startup_ccs.obj              12     620       0      
       Lcd.obj                      576    0         0      
       freertos_demo.obj            230    0         0      
       Tasks.obj                    210    0         11     
       Leds.obj                     188    0         3      
       Buzzer.obj                   84     0         1      
    +--+----------------------------+------+---------+---------+
       Total:                       1300   620       15     
                                                            
    .\third_party\FreeRTOS\Source\
       tasks.obj                    1734   0         476    
       list.obj                     140    0         0      
    +--+----------------------------+------+---------+---------+
       Total:                       1874   0         476    
                                                            
    .\third_party\FreeRTOS\Source\portable\CCS\ARM_CM4F\
       port.obj                     236    4         4      
       portasm.obj                  210    0         0      
    +--+----------------------------+------+---------+---------+
       Total:                       446    4         4      
                                                            
    .\third_party\FreeRTOS\Source\portable\MemMang\
       heap_2.obj                   288    0         30024  
    +--+----------------------------+------+---------+---------+
       Total:                       288    0         30024  
                                                            
    C:/ti/TivaWare_C_Series-2.1.4.178/driverlib/ccs/Debug/driverlib.lib
       gpio.obj                     378    0         0      
       sysctl.obj                   114    0         0      
    +--+----------------------------+------+---------+---------+
       Total:                       492    0         0      
                                                            
    C:\ti\ccsv8\tools\compiler\ti-cgt-arm_18.1.1.LTS\lib\rtsv7M4_T_le_v4SPD16_eabi.lib
       memcpy_t2.asm.obj            156    0         0      
       memset_t2.asm.obj            122    0         0      
       copy_decompress_lzss.c.obj   104    0         0      
       autoinit.c.obj               68     0         0      
       boot_cortex_m.c.obj          56     0         0      
       copy_decompress_none.c.obj   14     0         0      
       copy_zero_init.c.obj         12     0         0      
       exit.c.obj                   4      0         0      
       pre_init.c.obj               4      0         0      
    +--+----------------------------+------+---------+---------+
       Total:                       540    0         0      
                                                            
       Stack:                       0      0         512    
       Linker Generated:            0      66        0      
    +--+----------------------------+------+---------+---------+
       Grand Total:                 4940   690       31031  


LINKER GENERATED COPY TABLES

__TI_cinit_table @ 00001600 records: 2, size/record: 8, table size: 16
	.data: load addr=000015c8, load size=0000001e bytes, run addr=200078f0, run size=0000004b bytes, compression=lzss
	.bss: load addr=000015f8, load size=00000008 bytes, run addr=20000000, run size=000076ec bytes, compression=zero_init


LINKER GENERATED HANDLER TABLE

__TI_handler_table @ 000015e8 records: 3, size/record: 4, table size: 12
	index: 0, handler: __TI_decompress_lzss
	index: 1, handler: __TI_decompress_none
	index: 2, handler: __TI_zero_init


GLOBAL SYMBOLS: SORTED ALPHABETICALLY BY Name 

address   name                          
-------   ----                          
00001521  BuzzerTask                    
000013e1  Buzzer_Init                   
20007926  Buzzer_Periodicity            
000012d9  Buzzer_Toggle                 
000015bb  C$$EXIT                       
000013b5  GPIODirModeSet                
0000026d  GPIOPadConfigSet              
00001495  GPIOPinTypeGPIOOutput         
0000159f  GPIOPinWrite                  
00000be9  LCD_INIT                      
0000076d  LCD_Send_Command              
00000845  LCD_Send_Data                 
00001219  LED1Task                      
00001249  LED2Task                      
00001279  LED3Task                      
000014ad  LcdTask                       
20007928  Lcd_Periodicity               
00001305  Led1_Blink                    
20007920  Led1_Periodicity              
00001331  Led2_Blink                    
20007922  Led2_Periodicity              
0000135d  Led3_Blink                    
20007924  Led3_Periodicity              
2000792a  Leds_DIS                      
00001105  Leds_Init                     
000015a5  ResetISR                      
000015ab  SysCtlDelay                   
000011e5  SysCtlPeripheralEnable        
0000113d  SysCtlPeripheralReady         
000014f5  TaskInit                      
200078f0  __STACK_END                   
00000200  __STACK_SIZE                  
200078f0  __STACK_TOP                   
00001600  __TI_CINIT_Base               
00001610  __TI_CINIT_Limit              
000015e8  __TI_Handler_Table_Base       
000015f4  __TI_Handler_Table_Limit      
00001001  __TI_auto_init_nobinit_nopinit
00000d7f  __TI_decompress_lzss          
0000157d  __TI_decompress_none          
ffffffff  __TI_pprof_out_hndl           
ffffffff  __TI_prof_data_size           
ffffffff  __TI_prof_data_start          
00000000  __TI_static_base__            
0000158b  __TI_zero_init                
00000d05  __aeabi_memclr                
00000d05  __aeabi_memclr4               
00000d05  __aeabi_memclr8               
00000b4d  __aeabi_memcpy                
00000b4d  __aeabi_memcpy4               
00000b4d  __aeabi_memcpy8               
00000d07  __aeabi_memset                
00000d07  __aeabi_memset4               
00000d07  __aeabi_memset8               
ffffffff  __binit__                     
ffffffff  __c_args__                    
UNDEFED   __mpu_init                    
200076f0  __stack                       
00001175  _c_int00_noargs               
UNDEFED   _system_post_cinit            
000015b7  _system_pre_init              
000015bb  abort                         
ffffffff  binit                         
00000000  g_pfnVectors                  
000005a5  main                          
00000b4d  memcpy                        
00000d0d  memset                        
00000aa1  pvPortMalloc                  
200078f0  pxCurrentTCB                  
00001431  pxPortInitialiseStack         
000015c0  ulMaxSyscallInterruptPriority 
0000092d  ulPortGetIPSR                 
00001459  uxListRemove                  
00000fb3  vApplicationStackOverflowHook 
0000150b  vListInitialise               
000015b1  vListInitialiseItem           
000011ad  vListInsert                   
000014c5  vListInsertEnd                
000009e1  vPortEnableVFP                
00001479  vPortEnterCritical            
000014dd  vPortExitCritical             
00001045  vPortFree                     
000009a5  vPortSVCHandler               
00001535  vPortSetupTimerInterrupt      
000009c5  vPortStartFirstTask           
00000ea9  vTaskDelay                    
00000e49  vTaskStartScheduler           
000009f1  vTaskSuspend                  
0000156d  vTaskSuspendAll               
00000c79  vTaskSwitchContext            
00000945  xPortPendSVHandler            
00001089  xPortStartScheduler           
00001389  xPortSysTickHandler           
000004a5  xTaskGenericCreate            
000003a1  xTaskIncrementTick            
00000689  xTaskResumeAll                


GLOBAL SYMBOLS: SORTED BY Symbol Address 

address   name                          
-------   ----                          
00000000  __TI_static_base__            
00000000  g_pfnVectors                  
00000200  __STACK_SIZE                  
0000026d  GPIOPadConfigSet              
000003a1  xTaskIncrementTick            
000004a5  xTaskGenericCreate            
000005a5  main                          
00000689  xTaskResumeAll                
0000076d  LCD_Send_Command              
00000845  LCD_Send_Data                 
0000092d  ulPortGetIPSR                 
00000945  xPortPendSVHandler            
000009a5  vPortSVCHandler               
000009c5  vPortStartFirstTask           
000009e1  vPortEnableVFP                
000009f1  vTaskSuspend                  
00000aa1  pvPortMalloc                  
00000b4d  __aeabi_memcpy                
00000b4d  __aeabi_memcpy4               
00000b4d  __aeabi_memcpy8               
00000b4d  memcpy                        
00000be9  LCD_INIT                      
00000c79  vTaskSwitchContext            
00000d05  __aeabi_memclr                
00000d05  __aeabi_memclr4               
00000d05  __aeabi_memclr8               
00000d07  __aeabi_memset                
00000d07  __aeabi_memset4               
00000d07  __aeabi_memset8               
00000d0d  memset                        
00000d7f  __TI_decompress_lzss          
00000e49  vTaskStartScheduler           
00000ea9  vTaskDelay                    
00000fb3  vApplicationStackOverflowHook 
00001001  __TI_auto_init_nobinit_nopinit
00001045  vPortFree                     
00001089  xPortStartScheduler           
00001105  Leds_Init                     
0000113d  SysCtlPeripheralReady         
00001175  _c_int00_noargs               
000011ad  vListInsert                   
000011e5  SysCtlPeripheralEnable        
00001219  LED1Task                      
00001249  LED2Task                      
00001279  LED3Task                      
000012d9  Buzzer_Toggle                 
00001305  Led1_Blink                    
00001331  Led2_Blink                    
0000135d  Led3_Blink                    
00001389  xPortSysTickHandler           
000013b5  GPIODirModeSet                
000013e1  Buzzer_Init                   
00001431  pxPortInitialiseStack         
00001459  uxListRemove                  
00001479  vPortEnterCritical            
00001495  GPIOPinTypeGPIOOutput         
000014ad  LcdTask                       
000014c5  vListInsertEnd                
000014dd  vPortExitCritical             
000014f5  TaskInit                      
0000150b  vListInitialise               
00001521  BuzzerTask                    
00001535  vPortSetupTimerInterrupt      
0000156d  vTaskSuspendAll               
0000157d  __TI_decompress_none          
0000158b  __TI_zero_init                
0000159f  GPIOPinWrite                  
000015a5  ResetISR                      
000015ab  SysCtlDelay                   
000015b1  vListInitialiseItem           
000015b7  _system_pre_init              
000015bb  C$$EXIT                       
000015bb  abort                         
000015c0  ulMaxSyscallInterruptPriority 
000015e8  __TI_Handler_Table_Base       
000015f4  __TI_Handler_Table_Limit      
00001600  __TI_CINIT_Base               
00001610  __TI_CINIT_Limit              
200076f0  __stack                       
200078f0  __STACK_END                   
200078f0  __STACK_TOP                   
200078f0  pxCurrentTCB                  
20007920  Led1_Periodicity              
20007922  Led2_Periodicity              
20007924  Led3_Periodicity              
20007926  Buzzer_Periodicity            
20007928  Lcd_Periodicity               
2000792a  Leds_DIS                      
ffffffff  __TI_pprof_out_hndl           
ffffffff  __TI_prof_data_size           
ffffffff  __TI_prof_data_start          
ffffffff  __binit__                     
ffffffff  __c_args__                    
ffffffff  binit                         
UNDEFED   __mpu_init                    
UNDEFED   _system_post_cinit            

[96 symbols]
