******************************************************************************
                  TI ARM Linker PC v18.1.1                     
******************************************************************************
>> Linked Tue Mar 19 16:15:16 2019

OUTPUT FILE NAME:   <FreeRtos_Queue_Btn_Lcd.out>
ENTRY POINT SYMBOL: "_c_int00_noargs"  address: 00003165


MEMORY CONFIGURATION

         name            origin    length      used     unused   attr    fill
----------------------  --------  ---------  --------  --------  ----  --------
  FLASH                 00000000   00040000  000032ba  0003cd46  R  X
  SRAM                  20000000   00008000  0000797c  00000684  RW X


SEGMENT ALLOCATION MAP

run origin  load origin   length   init length attrs members
----------  ----------- ---------- ----------- ----- -------
00000000    00000000    000032c0   000032c0    r-x
  00000000    00000000    0000026c   0000026c    r-- .intvecs
  0000026c    0000026c    00002ff2   00002ff2    r-x .text
  00003260    00003260    0000001c   0000001c    r-- .const
  00003280    00003280    00000040   00000040    r-- .cinit
20000000    20000000    0000797c   00000000    rw-
  20000000    20000000    00007730   00000000    rw- .bss
  20007730    20007730    00000200   00000000    rw- .stack
  20007930    20007930    0000004c   00000000    rw- .data


SECTION ALLOCATION MAP

 output                                  attributes/
section   page    origin      length       input sections
--------  ----  ----------  ----------   ----------------
.intvecs   0    00000000    0000026c     
                  00000000    0000026c     tm4c123gh6pm_startup_ccs.obj (.intvecs)

.text      0    0000026c    00002ff2     
                  0000026c    00001780     tasks.obj (.text)
                  000019ec    00000990     queue.obj (.text)
                  0000237c    00000310     Lcd.obj (.text)
                  0000268c    00000250     My_Tasks.obj (.text)
                  000028dc    00000132     driverlib.lib : gpio.obj (.text:GPIOPadConfigSet)
                  00002a0e    0000012a     list.obj (.text)
                  00002b38    00000128     port.obj (.text)
                  00002c60    000000ec     main.obj (.text)
                  00002d4c    000000d2     portasm.obj (.text)
                  00002e1e    00000002     --HOLE-- [fill = 0]
                  00002e20    000000ac     Btn.obj (.text)
                  00002ecc    0000009c     heap_1.obj (.text)
                  00002f68    0000009c     rtsv7M4_T_le_v4SPD16_eabi.lib : memcpy_t2.asm.obj (.text)
                  00003004    0000007a                                   : memset_t2.asm.obj (.text)
                  0000307e    00000068                                   : copy_decompress_lzss.c.obj (.text:decompress:lzss:__TI_decompress_lzss)
                  000030e6    00000002     --HOLE-- [fill = 0]
                  000030e8    00000044                                   : autoinit.c.obj (.text:__TI_auto_init_nobinit_nopinit:__TI_auto_init_nobinit_nopinit)
                  0000312c    00000038     driverlib.lib : sysctl.obj (.text:SysCtlPeripheralReady)
                  00003164    00000038     rtsv7M4_T_le_v4SPD16_eabi.lib : boot_cortex_m.c.obj (.text:_c_int00_noargs:_c_int00_noargs)
                  0000319c    00000034     driverlib.lib : sysctl.obj (.text:SysCtlPeripheralEnable)
                  000031d0    0000002a                   : gpio.obj (.text:GPIODirModeSet)
                  000031fa    00000018                   : gpio.obj (.text:GPIOPinTypeGPIOOutput)
                  00003212    00000012                   : gpio.obj (.text:GPIOPinTypeGPIOInput)
                  00003224    0000000e     rtsv7M4_T_le_v4SPD16_eabi.lib : copy_decompress_none.c.obj (.text:decompress:none:__TI_decompress_none)
                  00003232    0000000c                                   : copy_zero_init.c.obj (.text:decompress:ZI:__TI_zero_init)
                  0000323e    0000000c     tm4c123gh6pm_startup_ccs.obj (.text)
                  0000324a    00000006     driverlib.lib : gpio.obj (.text:GPIOPinRead)
                  00003250    00000006                   : gpio.obj (.text:GPIOPinWrite)
                  00003256    00000004     rtsv7M4_T_le_v4SPD16_eabi.lib : pre_init.c.obj (.text:_system_pre_init)
                  0000325a    00000004                                   : exit.c.obj (.text:abort:abort)

.const     0    00003260    0000001c     
                  00003260    00000016     My_Tasks.obj (.const:.string)
                  00003276    00000002     --HOLE-- [fill = 0]
                  00003278    00000004     port.obj (.const)

.cinit     0    00003280    00000040     
                  00003280    0000001c     (.cinit..data.load) [load image, compression = lzss]
                  0000329c    0000000c     (__TI_handler_table)
                  000032a8    00000008     (.cinit..bss.load) [load image, compression = zero_init]
                  000032b0    00000010     (__TI_cinit_table)

.init_array 
*          0    00000000    00000000     UNINITIALIZED

.bss       0    20000000    00007730     UNINITIALIZED
                  20000000    00007530     heap_1.obj (.bss:ucHeap)
                  20007530    00000140     tasks.obj (.bss:pxReadyTasksLists)
                  20007670    00000050     (.common:xQueueRegistry)
                  200076c0    00000014     tasks.obj (.bss:xDelayedTaskList1)
                  200076d4    00000014     tasks.obj (.bss:xDelayedTaskList2)
                  200076e8    00000014     tasks.obj (.bss:xPendingReadyList)
                  200076fc    00000014     tasks.obj (.bss:xSuspendedTaskList)
                  20007710    00000014     tasks.obj (.bss:xTasksWaitingTermination)
                  20007724    00000008     tasks.obj (.bss)
                  2000772c    00000004     (.common:xBtnQueue)

.data      0    20007930    0000004c     UNINITIALIZED
                  20007930    00000030     tasks.obj (.data)
                  20007960    00000008     My_Tasks.obj (.data:Messages)
                  20007968    00000008     My_Tasks.obj (.data)
                  20007970    00000008     heap_1.obj (.data)
                  20007978    00000004     port.obj (.data)

.stack     0    20007730    00000200     UNINITIALIZED
                  20007730    00000004     rtsv7M4_T_le_v4SPD16_eabi.lib : boot_cortex_m.c.obj (.stack)
                  20007734    000001fc     --HOLE--

MODULE SUMMARY

       Module                         code    ro data   rw data
       ------                         ----    -------   -------
    .\
       heap_1.obj                     156     0         30008  
       tasks.obj                      6016    0         476    
       queue.obj                      2448    0         80     
       Lcd.obj                        784     0         0      
       My_Tasks.obj                   592     22        20     
       tm4c123gh6pm_startup_ccs.obj   12      620       0      
       port.obj                       296     4         4      
       list.obj                       298     0         0      
       main.obj                       236     0         0      
       portasm.obj                    210     0         0      
       Btn.obj                        172     0         0      
    +--+------------------------------+-------+---------+---------+
       Total:                         11220   646       30588  
                                                               
    C:/ti/TivaWare_C_Series-2.1.4.178/driverlib/ccs/Debug/driverlib.lib
       gpio.obj                       402     0         0      
       sysctl.obj                     108     0         0      
    +--+------------------------------+-------+---------+---------+
       Total:                         510     0         0      
                                                               
    C:\ti\ccsv8\tools\compiler\ti-cgt-arm_18.1.1.LTS\lib\rtsv7M4_T_le_v4SPD16_eabi.lib
       memcpy_t2.asm.obj              156     0         0      
       memset_t2.asm.obj              122     0         0      
       copy_decompress_lzss.c.obj     104     0         0      
       autoinit.c.obj                 68      0         0      
       boot_cortex_m.c.obj            56      0         0      
       copy_decompress_none.c.obj     14      0         0      
       copy_zero_init.c.obj           12      0         0      
       exit.c.obj                     4       0         0      
       pre_init.c.obj                 4       0         0      
    +--+------------------------------+-------+---------+---------+
       Total:                         540     0         0      
                                                               
       Stack:                         0       0         512    
       Linker Generated:              0       64        0      
    +--+------------------------------+-------+---------+---------+
       Grand Total:                   12270   710       31100  


LINKER GENERATED COPY TABLES

__TI_cinit_table @ 000032b0 records: 2, size/record: 8, table size: 16
	.data: load addr=00003280, load size=0000001c bytes, run addr=20007930, run size=0000004c bytes, compression=lzss
	.bss: load addr=000032a8, load size=00000008 bytes, run addr=20000000, run size=00007730 bytes, compression=zero_init


LINKER GENERATED HANDLER TABLE

__TI_handler_table @ 0000329c records: 3, size/record: 4, table size: 12
	index: 0, handler: __TI_decompress_lzss
	index: 1, handler: __TI_decompress_none
	index: 2, handler: __TI_zero_init


GLOBAL SYMBOLS: SORTED ALPHABETICALLY BY Name 

address   name                             
-------   ----                             
00002e6d  Btn1_Read                        
000026a1  Btn1_Task                        
00002e93  Btn2_Read                        
000026f1  Btn2_Task                        
00002e21  Btns_Init                        
0000325b  C$$EXIT                          
000031d1  GPIODirModeSet                   
000028dd  GPIOPadConfigSet                 
0000324b  GPIOPinRead                      
00003213  GPIOPinTypeGPIOInput             
000031fb  GPIOPinTypeGPIOOutput            
00003251  GPIOPinWrite                     
000025d3  LCD_Clear                        
0000237d  LCD_INIT                         
000023ef  LCD_Send_Command                 
000024e1  LCD_Send_Data                    
000025dd  LCD_diplayString                 
0000261b  LCD_gotoRowColumn                
00002659  LCD_sendString_RowCol            
00002735  Lcd_Task                         
20007960  Messages                         
0000323f  ResetISR                         
0000319d  SysCtlPeripheralEnable           
0000312d  SysCtlPeripheralReady            
0000268d  TaskInit                         
20007930  __STACK_END                      
00000200  __STACK_SIZE                     
20007930  __STACK_TOP                      
000032b0  __TI_CINIT_Base                  
000032c0  __TI_CINIT_Limit                 
0000329c  __TI_Handler_Table_Base          
000032a8  __TI_Handler_Table_Limit         
000030e9  __TI_auto_init_nobinit_nopinit   
0000307f  __TI_decompress_lzss             
00003225  __TI_decompress_none             
ffffffff  __TI_pprof_out_hndl              
ffffffff  __TI_prof_data_size              
ffffffff  __TI_prof_data_start             
00000000  __TI_static_base__               
00003233  __TI_zero_init                   
00003005  __aeabi_memclr                   
00003005  __aeabi_memclr4                  
00003005  __aeabi_memclr8                  
00002f69  __aeabi_memcpy                   
00002f69  __aeabi_memcpy4                  
00002f69  __aeabi_memcpy8                  
00003007  __aeabi_memset                   
00003007  __aeabi_memset4                  
00003007  __aeabi_memset8                  
ffffffff  __binit__                        
ffffffff  __c_args__                       
UNDEFED   __mpu_init                       
20007730  __stack                          
00003165  _c_int00_noargs                  
UNDEFED   _system_post_cinit               
00003257  _system_pre_init                 
0000325b  abort                            
ffffffff  binit                            
00000000  g_pfnVectors                     
00002c6b  main                             
00002f69  memcpy                           
0000300d  memset                           
00002ecd  pvPortMalloc                     
00001533  pvTaskIncrementMutexHeldCount    
20007930  pxCurrentTCB                     
00002b39  pxPortInitialiseStack            
000020e3  ucQueueGetQueueType              
00003278  ulMaxSyscallInterruptPriority    
00002d5d  ulPortGetIPSR                    
0000154b  ulTaskNotifyTake                 
00002af1  uxListRemove                     
000020c3  uxQueueGetQueueNumber            
00002065  uxQueueMessagesWaiting           
0000209b  uxQueueMessagesWaitingFromISR    
0000207b  uxQueueSpacesAvailable           
00000a55  uxTaskGetNumberOfTasks           
0000130d  uxTaskGetStackHighWaterMark      
00000a61  uxTaskGetSystemState             
00000f79  uxTaskGetTaskNumber              
00000527  uxTaskPriorityGet                
00000559  uxTaskPriorityGetFromISR         
00001511  uxTaskResetEventItemValue        
00002c61  vApplicationStackOverflowHook    
00002a0f  vListInitialise                  
00002a3f  vListInitialiseItem              
00002a8b  vListInsert                      
00002a4f  vListInsertEnd                   
00002e11  vPortEnableVFP                   
00002bd5  vPortEndScheduler                
00002bd7  vPortEnterCritical               
00002bf7  vPortExitCritical                
00002f3d  vPortFree                        
00002f47  vPortInitialiseBlocks            
00002dd5  vPortSVCHandler                  
00002c33  vPortSetupTimerInterrupt         
00002df5  vPortStartFirstTask              
000022f7  vQueueAddToRegistry              
000020ad  vQueueDelete                     
000020d1  vQueueSetQueueNumber             
00002339  vQueueUnregisterQueue            
000004cb  vTaskDelay                       
00000423  vTaskDelayUntil                  
00000387  vTaskDelete                      
00000921  vTaskEndScheduler                
00000f67  vTaskMissedYield                 
000018f5  vTaskNotifyGiveFromISR           
00000d05  vTaskPlaceOnEventList            
00000d6d  vTaskPlaceOnUnorderedEventList   
000013b9  vTaskPriorityInherit             
000005ad  vTaskPrioritySet                 
000007b5  vTaskResume                      
00000f99  vTaskSetTaskNumber               
00000ecf  vTaskSetTimeOutState             
000008c9  vTaskStartScheduler              
000006c1  vTaskSuspend                     
0000093d  vTaskSuspendAll                  
00000c5d  vTaskSwitchContext               
2000772c  xBtnQueue                        
00002f4f  xPortGetFreeHeapSize             
00002d75  xPortPendSVHandler               
00002b9f  xPortStartScheduler              
00002c0d  xPortSysTickHandler              
00001af9  xQueueCreateMutex                
00001a89  xQueueGenericCreate              
00001e27  xQueueGenericReceive             
000019ed  xQueueGenericReset               
00001bf5  xQueueGenericSend                
00001d1b  xQueueGenericSendFromISR         
00001da7  xQueueGiveFromISR                
00001b6f  xQueueGiveMutexRecursive         
00002293  xQueueIsQueueEmptyFromISR        
000022d5  xQueueIsQueueFullFromISR         
00002013  xQueuePeekFromISR                
00001f8d  xQueueReceiveFromISR             
20007670  xQueueRegistry                   
00001bab  xQueueTakeMutexRecursive         
00000eed  xTaskCheckForTimeOut             
0000026d  xTaskGenericCreate               
000016fb  xTaskGenericNotify               
000017ed  xTaskGenericNotifyFromISR        
0000139d  xTaskGetCurrentTaskHandle        
00000a2b  xTaskGetTickCount                
00000a41  xTaskGetTickCountFromISR         
00000b35  xTaskIncrementTick               
0000199b  xTaskNotifyStateClear            
00001611  xTaskNotifyWait                  
00001473  xTaskPriorityDisinherit          
00000de1  xTaskRemoveFromEventList         
00000e5d  xTaskRemoveFromUnorderedEventList
00000955  xTaskResumeAll                   
00000837  xTaskResumeFromISR               


GLOBAL SYMBOLS: SORTED BY Symbol Address 

address   name                             
-------   ----                             
00000000  __TI_static_base__               
00000000  g_pfnVectors                     
00000200  __STACK_SIZE                     
0000026d  xTaskGenericCreate               
00000387  vTaskDelete                      
00000423  vTaskDelayUntil                  
000004cb  vTaskDelay                       
00000527  uxTaskPriorityGet                
00000559  uxTaskPriorityGetFromISR         
000005ad  vTaskPrioritySet                 
000006c1  vTaskSuspend                     
000007b5  vTaskResume                      
00000837  xTaskResumeFromISR               
000008c9  vTaskStartScheduler              
00000921  vTaskEndScheduler                
0000093d  vTaskSuspendAll                  
00000955  xTaskResumeAll                   
00000a2b  xTaskGetTickCount                
00000a41  xTaskGetTickCountFromISR         
00000a55  uxTaskGetNumberOfTasks           
00000a61  uxTaskGetSystemState             
00000b35  xTaskIncrementTick               
00000c5d  vTaskSwitchContext               
00000d05  vTaskPlaceOnEventList            
00000d6d  vTaskPlaceOnUnorderedEventList   
00000de1  xTaskRemoveFromEventList         
00000e5d  xTaskRemoveFromUnorderedEventList
00000ecf  vTaskSetTimeOutState             
00000eed  xTaskCheckForTimeOut             
00000f67  vTaskMissedYield                 
00000f79  uxTaskGetTaskNumber              
00000f99  vTaskSetTaskNumber               
0000130d  uxTaskGetStackHighWaterMark      
0000139d  xTaskGetCurrentTaskHandle        
000013b9  vTaskPriorityInherit             
00001473  xTaskPriorityDisinherit          
00001511  uxTaskResetEventItemValue        
00001533  pvTaskIncrementMutexHeldCount    
0000154b  ulTaskNotifyTake                 
00001611  xTaskNotifyWait                  
000016fb  xTaskGenericNotify               
000017ed  xTaskGenericNotifyFromISR        
000018f5  vTaskNotifyGiveFromISR           
0000199b  xTaskNotifyStateClear            
000019ed  xQueueGenericReset               
00001a89  xQueueGenericCreate              
00001af9  xQueueCreateMutex                
00001b6f  xQueueGiveMutexRecursive         
00001bab  xQueueTakeMutexRecursive         
00001bf5  xQueueGenericSend                
00001d1b  xQueueGenericSendFromISR         
00001da7  xQueueGiveFromISR                
00001e27  xQueueGenericReceive             
00001f8d  xQueueReceiveFromISR             
00002013  xQueuePeekFromISR                
00002065  uxQueueMessagesWaiting           
0000207b  uxQueueSpacesAvailable           
0000209b  uxQueueMessagesWaitingFromISR    
000020ad  vQueueDelete                     
000020c3  uxQueueGetQueueNumber            
000020d1  vQueueSetQueueNumber             
000020e3  ucQueueGetQueueType              
00002293  xQueueIsQueueEmptyFromISR        
000022d5  xQueueIsQueueFullFromISR         
000022f7  vQueueAddToRegistry              
00002339  vQueueUnregisterQueue            
0000237d  LCD_INIT                         
000023ef  LCD_Send_Command                 
000024e1  LCD_Send_Data                    
000025d3  LCD_Clear                        
000025dd  LCD_diplayString                 
0000261b  LCD_gotoRowColumn                
00002659  LCD_sendString_RowCol            
0000268d  TaskInit                         
000026a1  Btn1_Task                        
000026f1  Btn2_Task                        
00002735  Lcd_Task                         
000028dd  GPIOPadConfigSet                 
00002a0f  vListInitialise                  
00002a3f  vListInitialiseItem              
00002a4f  vListInsertEnd                   
00002a8b  vListInsert                      
00002af1  uxListRemove                     
00002b39  pxPortInitialiseStack            
00002b9f  xPortStartScheduler              
00002bd5  vPortEndScheduler                
00002bd7  vPortEnterCritical               
00002bf7  vPortExitCritical                
00002c0d  xPortSysTickHandler              
00002c33  vPortSetupTimerInterrupt         
00002c61  vApplicationStackOverflowHook    
00002c6b  main                             
00002d5d  ulPortGetIPSR                    
00002d75  xPortPendSVHandler               
00002dd5  vPortSVCHandler                  
00002df5  vPortStartFirstTask              
00002e11  vPortEnableVFP                   
00002e21  Btns_Init                        
00002e6d  Btn1_Read                        
00002e93  Btn2_Read                        
00002ecd  pvPortMalloc                     
00002f3d  vPortFree                        
00002f47  vPortInitialiseBlocks            
00002f4f  xPortGetFreeHeapSize             
00002f69  __aeabi_memcpy                   
00002f69  __aeabi_memcpy4                  
00002f69  __aeabi_memcpy8                  
00002f69  memcpy                           
00003005  __aeabi_memclr                   
00003005  __aeabi_memclr4                  
00003005  __aeabi_memclr8                  
00003007  __aeabi_memset                   
00003007  __aeabi_memset4                  
00003007  __aeabi_memset8                  
0000300d  memset                           
0000307f  __TI_decompress_lzss             
000030e9  __TI_auto_init_nobinit_nopinit   
0000312d  SysCtlPeripheralReady            
00003165  _c_int00_noargs                  
0000319d  SysCtlPeripheralEnable           
000031d1  GPIODirModeSet                   
000031fb  GPIOPinTypeGPIOOutput            
00003213  GPIOPinTypeGPIOInput             
00003225  __TI_decompress_none             
00003233  __TI_zero_init                   
0000323f  ResetISR                         
0000324b  GPIOPinRead                      
00003251  GPIOPinWrite                     
00003257  _system_pre_init                 
0000325b  C$$EXIT                          
0000325b  abort                            
00003278  ulMaxSyscallInterruptPriority    
0000329c  __TI_Handler_Table_Base          
000032a8  __TI_Handler_Table_Limit         
000032b0  __TI_CINIT_Base                  
000032c0  __TI_CINIT_Limit                 
20007670  xQueueRegistry                   
2000772c  xBtnQueue                        
20007730  __stack                          
20007930  __STACK_END                      
20007930  __STACK_TOP                      
20007930  pxCurrentTCB                     
20007960  Messages                         
ffffffff  __TI_pprof_out_hndl              
ffffffff  __TI_prof_data_size              
ffffffff  __TI_prof_data_start             
ffffffff  __binit__                        
ffffffff  __c_args__                       
ffffffff  binit                            
UNDEFED   __mpu_init                       
UNDEFED   _system_post_cinit               

[151 symbols]
