******************************************************************************
                  TI ARM Linker PC v18.1.1                     
******************************************************************************
>> Linked Tue Mar 19 19:05:10 2019

OUTPUT FILE NAME:   <FreeRtos_FinalProject.out>
ENTRY POINT SYMBOL: "_c_int00_noargs"  address: 00003a01


MEMORY CONFIGURATION

         name            origin    length      used     unused   attr    fill
----------------------  --------  ---------  --------  --------  ----  --------
  FLASH                 00000000   00040000  00003ca8  0003c358  R  X
  SRAM                  20000000   00008000  0000798c  00000674  RW X


SEGMENT ALLOCATION MAP

run origin  load origin   length   init length attrs members
----------  ----------- ---------- ----------- ----- -------
00000000    00000000    00003ca8   00003ca8    r-x
  00000000    00000000    0000026c   0000026c    r-- .intvecs
  0000026c    0000026c    000038fc   000038fc    r-x .text
  00003b68    00003b68    00000100   00000100    r-- .const
  00003c68    00003c68    00000040   00000040    r-- .cinit
20000000    20000000    00007990   00000000    rw-
  20000000    20000000    0000773c   00000000    rw- .bss
  20007740    20007740    00000200   00000000    rw- .stack
  20007940    20007940    00000050   00000000    rw- .data


SECTION ALLOCATION MAP

 output                                  attributes/
section   page    origin      length       input sections
--------  ----  ----------  ----------   ----------------
.intvecs   0    00000000    0000026c     
                  00000000    0000026c     tm4c123gh6pm_startup_ccs.obj (.intvecs)

.text      0    0000026c    000038fc     
                  0000026c    00001780     tasks.obj (.text)
                  000019ec    00000990     queue.obj (.text)
                  0000237c    000003ae     event_groups.obj (.text)
                  0000272a    00000002     --HOLE-- [fill = 0]
                  0000272c    00000310     Lcd.obj (.text)
                  00002a3c    00000290     My_Tasks.obj (.text)
                  00002ccc    000001f0     Keypad.obj (.text)
                  00002ebc    00000174     main.obj (.text)
                  00003030    00000132     driverlib.lib : gpio.obj (.text:GPIOPadConfigSet)
                  00003162    0000012a     list.obj (.text)
                  0000328c    00000128     port.obj (.text)
                  000033b4    00000110     driverlib.lib : sysctl.obj (.text:SysCtlClockGet)
                  000034c4    000000d2     portasm.obj (.text)
                  00003596    00000002     --HOLE-- [fill = 0]
                  00003598    000000ac     Btn.obj (.text)
                  00003644    0000009c     heap_1.obj (.text)
                  000036e0    0000009c     rtsv7M4_T_le_v4SPD16_eabi.lib : memcpy_t2.asm.obj (.text)
                  0000377c    00000094     UART.obj (.text)
                  00003810    0000007a     rtsv7M4_T_le_v4SPD16_eabi.lib : memset_t2.asm.obj (.text)
                  0000388a    00000068                                   : copy_decompress_lzss.c.obj (.text:decompress:lzss:__TI_decompress_lzss)
                  000038f2    00000002     --HOLE-- [fill = 0]
                  000038f4    00000048     driverlib.lib : gpio.obj (.text:GPIOPinConfigure)
                  0000393c    00000046                   : uart.obj (.text:UARTConfigSetExpClk)
                  00003982    00000002     --HOLE-- [fill = 0]
                  00003984    00000044     rtsv7M4_T_le_v4SPD16_eabi.lib : autoinit.c.obj (.text:__TI_auto_init_nobinit_nopinit:__TI_auto_init_nobinit_nopinit)
                  000039c8    00000038     driverlib.lib : sysctl.obj (.text:SysCtlPeripheralReady)
                  00003a00    00000038     rtsv7M4_T_le_v4SPD16_eabi.lib : boot_cortex_m.c.obj (.text:_c_int00_noargs:_c_int00_noargs)
                  00003a38    00000034     driverlib.lib : sysctl.obj (.text:SysCtlPeripheralEnable)
                  00003a6c    0000002a                   : gpio.obj (.text:GPIODirModeSet)
                  00003a96    00000002     --HOLE-- [fill = 0]
                  00003a98    00000020                   : uart.obj (.text:UARTDisable)
                  00003ab8    00000018                   : gpio.obj (.text:GPIOPinTypeGPIOOutput)
                  00003ad0    00000014                   : uart.obj (.text:UARTEnable)
                  00003ae4    00000012                   : gpio.obj (.text:GPIOPinTypeGPIOInput)
                  00003af6    00000012                   : gpio.obj (.text:GPIOPinTypeUART)
                  00003b08    0000000e                   : uart.obj (.text:UARTCharGetNonBlocking)
                  00003b16    0000000e                   : uart.obj (.text:UARTCharsAvail)
                  00003b24    0000000e     rtsv7M4_T_le_v4SPD16_eabi.lib : copy_decompress_none.c.obj (.text:decompress:none:__TI_decompress_none)
                  00003b32    0000000c                                   : copy_zero_init.c.obj (.text:decompress:ZI:__TI_zero_init)
                  00003b3e    0000000c     tm4c123gh6pm_startup_ccs.obj (.text)
                  00003b4a    0000000a     driverlib.lib : uart.obj (.text:UARTCharPut)
                  00003b54    00000006                   : gpio.obj (.text:GPIOPinRead)
                  00003b5a    00000006                   : gpio.obj (.text:GPIOPinWrite)
                  00003b60    00000004     rtsv7M4_T_le_v4SPD16_eabi.lib : pre_init.c.obj (.text:_system_pre_init)
                  00003b64    00000004                                   : exit.c.obj (.text:abort:abort)

.const     0    00003b68    00000100     
                  00003b68    00000090     driverlib.lib : gpio.obj (.const:g_pui32GPIOBaseAddrs)
                  00003bf8    0000006c                   : sysctl.obj (.const:g_pui32Xtals)
                  00003c64    00000004     port.obj (.const)

.cinit     0    00003c68    00000040     
                  00003c68    0000001b     (.cinit..data.load) [load image, compression = lzss]
                  00003c83    00000001     --HOLE-- [fill = 0]
                  00003c84    0000000c     (__TI_handler_table)
                  00003c90    00000008     (.cinit..bss.load) [load image, compression = zero_init]
                  00003c98    00000010     (__TI_cinit_table)

.init_array 
*          0    00000000    00000000     UNINITIALIZED

.bss       0    20000000    0000773c     UNINITIALIZED
                  20000000    00007530     heap_1.obj (.bss:ucHeap)
                  20007530    00000140     tasks.obj (.bss:pxReadyTasksLists)
                  20007670    00000050     (.common:xQueueRegistry)
                  200076c0    00000014     tasks.obj (.bss:xDelayedTaskList1)
                  200076d4    00000014     tasks.obj (.bss:xDelayedTaskList2)
                  200076e8    00000014     tasks.obj (.bss:xPendingReadyList)
                  200076fc    00000014     tasks.obj (.bss:xSuspendedTaskList)
                  20007710    00000014     tasks.obj (.bss:xTasksWaitingTermination)
                  20007724    00000008     tasks.obj (.bss)
                  2000772c    00000004     (.common:xBtnEventGroup)
                  20007730    00000004     (.common:xKeypadQueue)
                  20007734    00000004     (.common:xUartRecv)
                  20007738    00000004     (.common:xUartSend)

.data      0    20007940    00000050     UNINITIALIZED
                  20007940    00000030     tasks.obj (.data)
                  20007970    00000011     My_Tasks.obj (.data)
                  20007981    00000003     --HOLE--
                  20007984    00000008     heap_1.obj (.data)
                  2000798c    00000004     port.obj (.data)

.stack     0    20007740    00000200     UNINITIALIZED
                  20007740    00000004     rtsv7M4_T_le_v4SPD16_eabi.lib : boot_cortex_m.c.obj (.stack)
                  20007744    000001fc     --HOLE--

MODULE SUMMARY

       Module                         code    ro data   rw data
       ------                         ----    -------   -------
    .\
       heap_1.obj                     156     0         30008  
       tasks.obj                      6016    0         476    
       queue.obj                      2448    0         80     
       event_groups.obj               942     0         0      
       Lcd.obj                        784     0         0      
       My_Tasks.obj                   656     0         33     
       tm4c123gh6pm_startup_ccs.obj   12      620       0      
       Keypad.obj                     496     0         0      
       main.obj                       372     0         0      
       port.obj                       296     4         4      
       list.obj                       298     0         0      
       portasm.obj                    210     0         0      
       Btn.obj                        172     0         0      
       UART.obj                       148     0         0      
    +--+------------------------------+-------+---------+---------+
       Total:                         13006   624       30601  
                                                               
    C:/ti/TivaWare_C_Series-2.1.4.178/driverlib/ccs/Debug/driverlib.lib
       gpio.obj                       492     144       0      
       sysctl.obj                     380     108       0      
       uart.obj                       160     0         0      
    +--+------------------------------+-------+---------+---------+
       Total:                         1032    252       0      
                                                               
    C:\ti\ccsv8\tools\compiler\ti-cgt-arm_18.1.1.LTS\lib\rtsv7M4_T_le_v4SPD16_eabi.lib
       memcpy_t2.asm.obj              156     0         0      
       memset_t2.asm.obj              122     0         0      
       copy_decompress_lzss.c.obj     104     0         0      
       autoinit.c.obj                 68      0         0      
       boot_cortex_m.c.obj            56      0         0      
       copy_decompress_none.c.obj     14      0         0      
       copy_zero_init.c.obj           12      0         0      
       exit.c.obj                     4       0         0      
       pre_init.c.obj                 4       0         0      
    +--+------------------------------+-------+---------+---------+
       Total:                         540     0         0      
                                                               
       Stack:                         0       0         512    
       Linker Generated:              0       63        0      
    +--+------------------------------+-------+---------+---------+
       Grand Total:                   14578   939       31113  


LINKER GENERATED COPY TABLES

__TI_cinit_table @ 00003c98 records: 2, size/record: 8, table size: 16
	.data: load addr=00003c68, load size=0000001b bytes, run addr=20007940, run size=00000050 bytes, compression=lzss
	.bss: load addr=00003c90, load size=00000008 bytes, run addr=20000000, run size=0000773c bytes, compression=zero_init


LINKER GENERATED HANDLER TABLE

__TI_handler_table @ 00003c84 records: 3, size/record: 4, table size: 12
	index: 0, handler: __TI_decompress_lzss
	index: 1, handler: __TI_decompress_none
	index: 2, handler: __TI_zero_init


GLOBAL SYMBOLS: SORTED ALPHABETICALLY BY Name 

address   name                             
-------   ----                             
000035e5  Btn1_Read                        
00002ac1  Btn1_Task                        
0000360b  Btn2_Read                        
00003599  Btns_Init                        
00003b65  C$$EXIT                          
00003a6d  GPIODirModeSet                   
00003031  GPIOPadConfigSet                 
000038f5  GPIOPinConfigure                 
00003b55  GPIOPinRead                      
00003ae5  GPIOPinTypeGPIOInput             
00003ab9  GPIOPinTypeGPIOOutput            
00003af7  GPIOPinTypeUART                  
00003b5b  GPIOPinWrite                     
00002d67  Keypad_GetPressedKey             
00002ccd  Keypad_Init                      
00002a59  Keypad_Task                      
00002983  LCD_Clear                        
0000272d  LCD_INIT                         
0000279f  LCD_Send_Command                 
00002891  LCD_Send_Data                    
0000298d  LCD_diplayString                 
000029cb  LCD_gotoRowColumn                
00002a09  LCD_sendString_RowCol            
00002b05  Lcd_Task                         
00003b3f  ResetISR                         
000033b5  SysCtlClockGet                   
00003a39  SysCtlPeripheralEnable           
000039c9  SysCtlPeripheralReady            
00002a3d  TaskInit                         
000037d9  UART0_Recv                       
000037c7  UART0_Send                       
0000377d  UART0_init                       
00003b09  UARTCharGetNonBlocking           
00003b4b  UARTCharPut                      
00003b17  UARTCharsAvail                   
0000393d  UARTConfigSetExpClk              
00003a99  UARTDisable                      
00003ad1  UARTEnable                       
00002c63  UartRecv_Task                    
00002be9  UartSend_Task                    
20007940  __STACK_END                      
00000200  __STACK_SIZE                     
20007940  __STACK_TOP                      
00003c98  __TI_CINIT_Base                  
00003ca8  __TI_CINIT_Limit                 
00003c84  __TI_Handler_Table_Base          
00003c90  __TI_Handler_Table_Limit         
00003985  __TI_auto_init_nobinit_nopinit   
0000388b  __TI_decompress_lzss             
00003b25  __TI_decompress_none             
ffffffff  __TI_pprof_out_hndl              
ffffffff  __TI_prof_data_size              
ffffffff  __TI_prof_data_start             
00000000  __TI_static_base__               
00003b33  __TI_zero_init                   
00003811  __aeabi_memclr                   
00003811  __aeabi_memclr4                  
00003811  __aeabi_memclr8                  
000036e1  __aeabi_memcpy                   
000036e1  __aeabi_memcpy4                  
000036e1  __aeabi_memcpy8                  
00003813  __aeabi_memset                   
00003813  __aeabi_memset4                  
00003813  __aeabi_memset8                  
ffffffff  __binit__                        
ffffffff  __c_args__                       
UNDEFED   __mpu_init                       
20007740  __stack                          
00003a01  _c_int00_noargs                  
UNDEFED   _system_post_cinit               
00003b61  _system_pre_init                 
00003b65  abort                            
ffffffff  binit                            
00000000  g_pfnVectors                     
00002ec7  main                             
000036e1  memcpy                           
00003819  memset                           
00003645  pvPortMalloc                     
00001533  pvTaskIncrementMutexHeldCount    
20007940  pxCurrentTCB                     
0000328d  pxPortInitialiseStack            
000020e3  ucQueueGetQueueType              
00003c64  ulMaxSyscallInterruptPriority    
000034d5  ulPortGetIPSR                    
0000154b  ulTaskNotifyTake                 
0000270b  uxEventGroupGetNumber            
00003245  uxListRemove                     
000020c3  uxQueueGetQueueNumber            
00002065  uxQueueMessagesWaiting           
0000209b  uxQueueMessagesWaitingFromISR    
0000207b  uxQueueSpacesAvailable           
00000a55  uxTaskGetNumberOfTasks           
0000130d  uxTaskGetStackHighWaterMark      
00000a61  uxTaskGetSystemState             
00000f79  uxTaskGetTaskNumber              
00000527  uxTaskPriorityGet                
00000559  uxTaskPriorityGetFromISR         
00001511  uxTaskResetEventItemValue        
00002ebd  vApplicationStackOverflowHook    
000026c5  vEventGroupClearBitsCallback     
00002681  vEventGroupDelete                
000026b5  vEventGroupSetBitsCallback       
00003163  vListInitialise                  
00003193  vListInitialiseItem              
000031df  vListInsert                      
000031a3  vListInsertEnd                   
00003589  vPortEnableVFP                   
00003329  vPortEndScheduler                
0000332b  vPortEnterCritical               
0000334b  vPortExitCritical                
000036b5  vPortFree                        
000036bf  vPortInitialiseBlocks            
0000354d  vPortSVCHandler                  
00003387  vPortSetupTimerInterrupt         
0000356d  vPortStartFirstTask              
000022f7  vQueueAddToRegistry              
000020ad  vQueueDelete                     
000020d1  vQueueSetQueueNumber             
00002339  vQueueUnregisterQueue            
000004cb  vTaskDelay                       
00000423  vTaskDelayUntil                  
00000387  vTaskDelete                      
00000921  vTaskEndScheduler                
00000f67  vTaskMissedYield                 
000018f5  vTaskNotifyGiveFromISR           
00000d05  vTaskPlaceOnEventList            
00000d6d  vTaskPlaceOnUnorderedEventList   
000013b9  vTaskPriorityInherit             
000005ad  vTaskPrioritySet                 
000007b5  vTaskResume                      
00000f99  vTaskSetTaskNumber               
00000ecf  vTaskSetTimeOutState             
000008c9  vTaskStartScheduler              
000006c1  vTaskSuspend                     
0000093d  vTaskSuspendAll                  
00000c5d  vTaskSwitchContext               
2000772c  xBtnEventGroup                   
00002557  xEventGroupClearBits             
0000237d  xEventGroupCreate                
00002583  xEventGroupGetBitsFromISR        
000025b3  xEventGroupSetBits               
0000239d  xEventGroupSync                  
0000246d  xEventGroupWaitBits              
20007730  xKeypadQueue                     
000036c7  xPortGetFreeHeapSize             
000034ed  xPortPendSVHandler               
000032f3  xPortStartScheduler              
00003361  xPortSysTickHandler              
00001af9  xQueueCreateMutex                
00001a89  xQueueGenericCreate              
00001e27  xQueueGenericReceive             
000019ed  xQueueGenericReset               
00001bf5  xQueueGenericSend                
00001d1b  xQueueGenericSendFromISR         
00001da7  xQueueGiveFromISR                
00001b6f  xQueueGiveMutexRecursive         
00002293  xQueueIsQueueEmptyFromISR        
000022d5  xQueueIsQueueFullFromISR         
00002013  xQueuePeekFromISR                
00001f8d  xQueueReceiveFromISR             
20007670  xQueueRegistry                   
00001bab  xQueueTakeMutexRecursive         
00000eed  xTaskCheckForTimeOut             
0000026d  xTaskGenericCreate               
000016fb  xTaskGenericNotify               
000017ed  xTaskGenericNotifyFromISR        
0000139d  xTaskGetCurrentTaskHandle        
00000a2b  xTaskGetTickCount                
00000a41  xTaskGetTickCountFromISR         
00000b35  xTaskIncrementTick               
0000199b  xTaskNotifyStateClear            
00001611  xTaskNotifyWait                  
00001473  xTaskPriorityDisinherit          
00000de1  xTaskRemoveFromEventList         
00000e5d  xTaskRemoveFromUnorderedEventList
00000955  xTaskResumeAll                   
00000837  xTaskResumeFromISR               
20007734  xUartRecv                        
20007738  xUartSend                        


GLOBAL SYMBOLS: SORTED BY Symbol Address 

address   name                             
-------   ----                             
00000000  __TI_static_base__               
00000000  g_pfnVectors                     
00000200  __STACK_SIZE                     
0000026d  xTaskGenericCreate               
00000387  vTaskDelete                      
00000423  vTaskDelayUntil                  
000004cb  vTaskDelay                       
00000527  uxTaskPriorityGet                
00000559  uxTaskPriorityGetFromISR         
000005ad  vTaskPrioritySet                 
000006c1  vTaskSuspend                     
000007b5  vTaskResume                      
00000837  xTaskResumeFromISR               
000008c9  vTaskStartScheduler              
00000921  vTaskEndScheduler                
0000093d  vTaskSuspendAll                  
00000955  xTaskResumeAll                   
00000a2b  xTaskGetTickCount                
00000a41  xTaskGetTickCountFromISR         
00000a55  uxTaskGetNumberOfTasks           
00000a61  uxTaskGetSystemState             
00000b35  xTaskIncrementTick               
00000c5d  vTaskSwitchContext               
00000d05  vTaskPlaceOnEventList            
00000d6d  vTaskPlaceOnUnorderedEventList   
00000de1  xTaskRemoveFromEventList         
00000e5d  xTaskRemoveFromUnorderedEventList
00000ecf  vTaskSetTimeOutState             
00000eed  xTaskCheckForTimeOut             
00000f67  vTaskMissedYield                 
00000f79  uxTaskGetTaskNumber              
00000f99  vTaskSetTaskNumber               
0000130d  uxTaskGetStackHighWaterMark      
0000139d  xTaskGetCurrentTaskHandle        
000013b9  vTaskPriorityInherit             
00001473  xTaskPriorityDisinherit          
00001511  uxTaskResetEventItemValue        
00001533  pvTaskIncrementMutexHeldCount    
0000154b  ulTaskNotifyTake                 
00001611  xTaskNotifyWait                  
000016fb  xTaskGenericNotify               
000017ed  xTaskGenericNotifyFromISR        
000018f5  vTaskNotifyGiveFromISR           
0000199b  xTaskNotifyStateClear            
000019ed  xQueueGenericReset               
00001a89  xQueueGenericCreate              
00001af9  xQueueCreateMutex                
00001b6f  xQueueGiveMutexRecursive         
00001bab  xQueueTakeMutexRecursive         
00001bf5  xQueueGenericSend                
00001d1b  xQueueGenericSendFromISR         
00001da7  xQueueGiveFromISR                
00001e27  xQueueGenericReceive             
00001f8d  xQueueReceiveFromISR             
00002013  xQueuePeekFromISR                
00002065  uxQueueMessagesWaiting           
0000207b  uxQueueSpacesAvailable           
0000209b  uxQueueMessagesWaitingFromISR    
000020ad  vQueueDelete                     
000020c3  uxQueueGetQueueNumber            
000020d1  vQueueSetQueueNumber             
000020e3  ucQueueGetQueueType              
00002293  xQueueIsQueueEmptyFromISR        
000022d5  xQueueIsQueueFullFromISR         
000022f7  vQueueAddToRegistry              
00002339  vQueueUnregisterQueue            
0000237d  xEventGroupCreate                
0000239d  xEventGroupSync                  
0000246d  xEventGroupWaitBits              
00002557  xEventGroupClearBits             
00002583  xEventGroupGetBitsFromISR        
000025b3  xEventGroupSetBits               
00002681  vEventGroupDelete                
000026b5  vEventGroupSetBitsCallback       
000026c5  vEventGroupClearBitsCallback     
0000270b  uxEventGroupGetNumber            
0000272d  LCD_INIT                         
0000279f  LCD_Send_Command                 
00002891  LCD_Send_Data                    
00002983  LCD_Clear                        
0000298d  LCD_diplayString                 
000029cb  LCD_gotoRowColumn                
00002a09  LCD_sendString_RowCol            
00002a3d  TaskInit                         
00002a59  Keypad_Task                      
00002ac1  Btn1_Task                        
00002b05  Lcd_Task                         
00002be9  UartSend_Task                    
00002c63  UartRecv_Task                    
00002ccd  Keypad_Init                      
00002d67  Keypad_GetPressedKey             
00002ebd  vApplicationStackOverflowHook    
00002ec7  main                             
00003031  GPIOPadConfigSet                 
00003163  vListInitialise                  
00003193  vListInitialiseItem              
000031a3  vListInsertEnd                   
000031df  vListInsert                      
00003245  uxListRemove                     
0000328d  pxPortInitialiseStack            
000032f3  xPortStartScheduler              
00003329  vPortEndScheduler                
0000332b  vPortEnterCritical               
0000334b  vPortExitCritical                
00003361  xPortSysTickHandler              
00003387  vPortSetupTimerInterrupt         
000033b5  SysCtlClockGet                   
000034d5  ulPortGetIPSR                    
000034ed  xPortPendSVHandler               
0000354d  vPortSVCHandler                  
0000356d  vPortStartFirstTask              
00003589  vPortEnableVFP                   
00003599  Btns_Init                        
000035e5  Btn1_Read                        
0000360b  Btn2_Read                        
00003645  pvPortMalloc                     
000036b5  vPortFree                        
000036bf  vPortInitialiseBlocks            
000036c7  xPortGetFreeHeapSize             
000036e1  __aeabi_memcpy                   
000036e1  __aeabi_memcpy4                  
000036e1  __aeabi_memcpy8                  
000036e1  memcpy                           
0000377d  UART0_init                       
000037c7  UART0_Send                       
000037d9  UART0_Recv                       
00003811  __aeabi_memclr                   
00003811  __aeabi_memclr4                  
00003811  __aeabi_memclr8                  
00003813  __aeabi_memset                   
00003813  __aeabi_memset4                  
00003813  __aeabi_memset8                  
00003819  memset                           
0000388b  __TI_decompress_lzss             
000038f5  GPIOPinConfigure                 
0000393d  UARTConfigSetExpClk              
00003985  __TI_auto_init_nobinit_nopinit   
000039c9  SysCtlPeripheralReady            
00003a01  _c_int00_noargs                  
00003a39  SysCtlPeripheralEnable           
00003a6d  GPIODirModeSet                   
00003a99  UARTDisable                      
00003ab9  GPIOPinTypeGPIOOutput            
00003ad1  UARTEnable                       
00003ae5  GPIOPinTypeGPIOInput             
00003af7  GPIOPinTypeUART                  
00003b09  UARTCharGetNonBlocking           
00003b17  UARTCharsAvail                   
00003b25  __TI_decompress_none             
00003b33  __TI_zero_init                   
00003b3f  ResetISR                         
00003b4b  UARTCharPut                      
00003b55  GPIOPinRead                      
00003b5b  GPIOPinWrite                     
00003b61  _system_pre_init                 
00003b65  C$$EXIT                          
00003b65  abort                            
00003c64  ulMaxSyscallInterruptPriority    
00003c84  __TI_Handler_Table_Base          
00003c90  __TI_Handler_Table_Limit         
00003c98  __TI_CINIT_Base                  
00003ca8  __TI_CINIT_Limit                 
20007670  xQueueRegistry                   
2000772c  xBtnEventGroup                   
20007730  xKeypadQueue                     
20007734  xUartRecv                        
20007738  xUartSend                        
20007740  __stack                          
20007940  __STACK_END                      
20007940  __STACK_TOP                      
20007940  pxCurrentTCB                     
ffffffff  __TI_pprof_out_hndl              
ffffffff  __TI_prof_data_size              
ffffffff  __TI_prof_data_start             
ffffffff  __binit__                        
ffffffff  __c_args__                       
ffffffff  binit                            
UNDEFED   __mpu_init                       
UNDEFED   _system_post_cinit               

[179 symbols]
