<?xml version="1.0" encoding="ISO-8859-1" ?>
<link_info>
   <banner>TI ARM Linker PC v18.1.1.LTS</banner>
   <copyright>Copyright (c) 1996-2017 Texas Instruments Incorporated</copyright>
   <link_time>0x5c939597</link_time>
   <link_errors>0x0</link_errors>
   <output_file>Ignition_Cycle_Project.out</output_file>
   <entry_point>
      <name>_c_int00_noargs</name>
      <address>0x39b1</address>
   </entry_point>
   <input_file_list>
      <input_file id="fl-2">
         <path>.\</path>
         <kind>object</kind>
         <file>croutine.obj</file>
         <name>croutine.obj</name>
      </input_file>
      <input_file id="fl-3">
         <path>.\</path>
         <kind>object</kind>
         <file>event_groups.obj</file>
         <name>event_groups.obj</name>
      </input_file>
      <input_file id="fl-4">
         <path>.\</path>
         <kind>object</kind>
         <file>heap_1.obj</file>
         <name>heap_1.obj</name>
      </input_file>
      <input_file id="fl-5">
         <path>.\</path>
         <kind>object</kind>
         <file>list.obj</file>
         <name>list.obj</name>
      </input_file>
      <input_file id="fl-6">
         <path>.\</path>
         <kind>object</kind>
         <file>main.obj</file>
         <name>main.obj</name>
      </input_file>
      <input_file id="fl-7">
         <path>.\</path>
         <kind>object</kind>
         <file>port.obj</file>
         <name>port.obj</name>
      </input_file>
      <input_file id="fl-8">
         <path>.\</path>
         <kind>object</kind>
         <file>portasm.obj</file>
         <name>portasm.obj</name>
      </input_file>
      <input_file id="fl-9">
         <path>.\</path>
         <kind>object</kind>
         <file>queue.obj</file>
         <name>queue.obj</name>
      </input_file>
      <input_file id="fl-a">
         <path>.\</path>
         <kind>object</kind>
         <file>tasks.obj</file>
         <name>tasks.obj</name>
      </input_file>
      <input_file id="fl-b">
         <path>.\</path>
         <kind>object</kind>
         <file>timers.obj</file>
         <name>timers.obj</name>
      </input_file>
      <input_file id="fl-c">
         <path>.\</path>
         <kind>object</kind>
         <file>tm4c123gh6pm_startup_ccs.obj</file>
         <name>tm4c123gh6pm_startup_ccs.obj</name>
      </input_file>
      <input_file id="fl-d">
         <path>.\Button\</path>
         <kind>object</kind>
         <file>Btn.obj</file>
         <name>Btn.obj</name>
      </input_file>
      <input_file id="fl-e">
         <path>.\FSM\</path>
         <kind>object</kind>
         <file>FSM.obj</file>
         <name>FSM.obj</name>
      </input_file>
      <input_file id="fl-f">
         <path>.\Lcd\</path>
         <kind>object</kind>
         <file>Lcd.obj</file>
         <name>Lcd.obj</name>
      </input_file>
      <input_file id="fl-10">
         <path>.\Manager\</path>
         <kind>object</kind>
         <file>Manager.obj</file>
         <name>Manager.obj</name>
      </input_file>
      <input_file id="fl-11">
         <path>.\SPI\</path>
         <kind>object</kind>
         <file>Spi.obj</file>
         <name>Spi.obj</name>
      </input_file>
      <input_file id="fl-12">
         <path>.\Uart\</path>
         <kind>object</kind>
         <file>UART.obj</file>
         <name>UART.obj</name>
      </input_file>
      <input_file id="fl-17">
         <kind>object</kind>
         <file>&lt;internal&gt;</file>
         <name>&lt;internal&gt;</name>
      </input_file>
      <input_file id="fl-cd">
         <path>C:\ti\ccsv8\tools\compiler\ti-cgt-arm_18.1.1.LTS\lib\</path>
         <kind>archive</kind>
         <file>rtsv7M4_T_le_v4SPD16_eabi.lib</file>
         <name>fd_cmp_t2.asm.obj</name>
      </input_file>
      <input_file id="fl-ce">
         <path>C:\ti\ccsv8\tools\compiler\ti-cgt-arm_18.1.1.LTS\lib\</path>
         <kind>archive</kind>
         <file>rtsv7M4_T_le_v4SPD16_eabi.lib</file>
         <name>fd_div_t2.asm.obj</name>
      </input_file>
      <input_file id="fl-cf">
         <path>C:\ti\ccsv8\tools\compiler\ti-cgt-arm_18.1.1.LTS\lib\</path>
         <kind>archive</kind>
         <file>rtsv7M4_T_le_v4SPD16_eabi.lib</file>
         <name>fd_mul_t2.asm.obj</name>
      </input_file>
      <input_file id="fl-d0">
         <path>C:\ti\ccsv8\tools\compiler\ti-cgt-arm_18.1.1.LTS\lib\</path>
         <kind>archive</kind>
         <file>rtsv7M4_T_le_v4SPD16_eabi.lib</file>
         <name>fd_toi_t2.asm.obj</name>
      </input_file>
      <input_file id="fl-d1">
         <path>C:\ti\ccsv8\tools\compiler\ti-cgt-arm_18.1.1.LTS\lib\</path>
         <kind>archive</kind>
         <file>rtsv7M4_T_le_v4SPD16_eabi.lib</file>
         <name>memcpy_t2.asm.obj</name>
      </input_file>
      <input_file id="fl-d2">
         <path>C:\ti\ccsv8\tools\compiler\ti-cgt-arm_18.1.1.LTS\lib\</path>
         <kind>archive</kind>
         <file>rtsv7M4_T_le_v4SPD16_eabi.lib</file>
         <name>u_tofd_t2.asm.obj</name>
      </input_file>
      <input_file id="fl-d3">
         <path>C:\ti\ccsv8\tools\compiler\ti-cgt-arm_18.1.1.LTS\lib\</path>
         <kind>archive</kind>
         <file>rtsv7M4_T_le_v4SPD16_eabi.lib</file>
         <name>memset_t2.asm.obj</name>
      </input_file>
      <input_file id="fl-d4">
         <path>C:\ti\ccsv8\tools\compiler\ti-cgt-arm_18.1.1.LTS\lib\</path>
         <kind>archive</kind>
         <file>rtsv7M4_T_le_v4SPD16_eabi.lib</file>
         <name>copy_zero_init.c.obj</name>
      </input_file>
      <input_file id="fl-d5">
         <path>C:\ti\ccsv8\tools\compiler\ti-cgt-arm_18.1.1.LTS\lib\</path>
         <kind>archive</kind>
         <file>rtsv7M4_T_le_v4SPD16_eabi.lib</file>
         <name>copy_decompress_none.c.obj</name>
      </input_file>
      <input_file id="fl-d6">
         <path>C:\ti\ccsv8\tools\compiler\ti-cgt-arm_18.1.1.LTS\lib\</path>
         <kind>archive</kind>
         <file>rtsv7M4_T_le_v4SPD16_eabi.lib</file>
         <name>copy_decompress_lzss.c.obj</name>
      </input_file>
      <input_file id="fl-d7">
         <path>C:\ti\ccsv8\tools\compiler\ti-cgt-arm_18.1.1.LTS\lib\</path>
         <kind>archive</kind>
         <file>rtsv7M4_T_le_v4SPD16_eabi.lib</file>
         <name>boot_cortex_m.c.obj</name>
      </input_file>
      <input_file id="fl-d8">
         <path>C:\ti\ccsv8\tools\compiler\ti-cgt-arm_18.1.1.LTS\lib\</path>
         <kind>archive</kind>
         <file>rtsv7M4_T_le_v4SPD16_eabi.lib</file>
         <name>exit.c.obj</name>
      </input_file>
      <input_file id="fl-d9">
         <path>C:\ti\ccsv8\tools\compiler\ti-cgt-arm_18.1.1.LTS\lib\</path>
         <kind>archive</kind>
         <file>rtsv7M4_T_le_v4SPD16_eabi.lib</file>
         <name>_lock.c.obj</name>
      </input_file>
      <input_file id="fl-da">
         <path>C:\ti\ccsv8\tools\compiler\ti-cgt-arm_18.1.1.LTS\lib\</path>
         <kind>archive</kind>
         <file>rtsv7M4_T_le_v4SPD16_eabi.lib</file>
         <name>args_main.c.obj</name>
      </input_file>
      <input_file id="fl-db">
         <path>C:\ti\ccsv8\tools\compiler\ti-cgt-arm_18.1.1.LTS\lib\</path>
         <kind>archive</kind>
         <file>rtsv7M4_T_le_v4SPD16_eabi.lib</file>
         <name>autoinit.c.obj</name>
      </input_file>
      <input_file id="fl-dc">
         <path>C:\ti\ccsv8\tools\compiler\ti-cgt-arm_18.1.1.LTS\lib\</path>
         <kind>archive</kind>
         <file>rtsv7M4_T_le_v4SPD16_eabi.lib</file>
         <name>pre_init.c.obj</name>
      </input_file>
      <input_file id="fl-dd">
         <path>C:\ti\ccsv8\tools\compiler\ti-cgt-arm_18.1.1.LTS\lib\</path>
         <kind>archive</kind>
         <file>rtsv7M4_T_le_v4SPD16_eabi.lib</file>
         <name>cpy_tbl.c.obj</name>
      </input_file>
      <input_file id="fl-de">
         <path>C:\ti\TivaWare_C_Series-2.1.4.178\driverlib\ccs\Debug\</path>
         <kind>archive</kind>
         <file>driverlib.lib</file>
         <name>gpio.obj</name>
      </input_file>
      <input_file id="fl-df">
         <path>C:\ti\TivaWare_C_Series-2.1.4.178\driverlib\ccs\Debug\</path>
         <kind>archive</kind>
         <file>driverlib.lib</file>
         <name>interrupt.obj</name>
      </input_file>
      <input_file id="fl-e0">
         <path>C:\ti\TivaWare_C_Series-2.1.4.178\driverlib\ccs\Debug\</path>
         <kind>archive</kind>
         <file>driverlib.lib</file>
         <name>ssi.obj</name>
      </input_file>
      <input_file id="fl-e1">
         <path>C:\ti\TivaWare_C_Series-2.1.4.178\driverlib\ccs\Debug\</path>
         <kind>archive</kind>
         <file>driverlib.lib</file>
         <name>sysctl.obj</name>
      </input_file>
      <input_file id="fl-e2">
         <path>C:\ti\TivaWare_C_Series-2.1.4.178\driverlib\ccs\Debug\</path>
         <kind>archive</kind>
         <file>driverlib.lib</file>
         <name>uart.obj</name>
      </input_file>
      <input_file id="fl-e3">
         <path>C:\ti\TivaWare_C_Series-2.1.4.178\driverlib\ccs\Debug\</path>
         <kind>archive</kind>
         <file>driverlib.lib</file>
         <name>cpu.obj</name>
      </input_file>
   </input_file_list>
   <object_component_list>
      <object_component id="oc-f">
         <name>.intvecs</name>
         <load_address>0x0</load_address>
         <run_address>0x0</run_address>
         <size>0x26c</size>
         <input_file_ref idref="fl-c"/>
      </object_component>
      <object_component id="oc-7c">
         <name>.text</name>
         <load_address>0x26c</load_address>
         <run_address>0x26c</run_address>
         <size>0x1780</size>
         <input_file_ref idref="fl-a"/>
      </object_component>
      <object_component id="oc-133">
         <name>.text</name>
         <load_address>0x19ec</load_address>
         <run_address>0x19ec</run_address>
         <size>0x990</size>
         <input_file_ref idref="fl-9"/>
      </object_component>
      <object_component id="oc-139">
         <name>.text</name>
         <load_address>0x237c</load_address>
         <run_address>0x237c</run_address>
         <size>0x3ae</size>
         <input_file_ref idref="fl-3"/>
      </object_component>
      <object_component id="oc-143">
         <name>.text</name>
         <load_address>0x272c</load_address>
         <run_address>0x272c</run_address>
         <size>0x250</size>
         <input_file_ref idref="fl-e"/>
      </object_component>
      <object_component id="oc-238">
         <name>.text</name>
         <load_address>0x297c</load_address>
         <run_address>0x297c</run_address>
         <size>0x136</size>
         <input_file_ref idref="fl-ce"/>
      </object_component>
      <object_component id="oc-1c5">
         <name>.text:GPIOPadConfigSet</name>
         <load_address>0x2ab2</load_address>
         <run_address>0x2ab2</run_address>
         <size>0x132</size>
         <input_file_ref idref="fl-de"/>
      </object_component>
      <object_component id="oc-d6">
         <name>.text</name>
         <load_address>0x2be4</load_address>
         <run_address>0x2be4</run_address>
         <size>0x12a</size>
         <input_file_ref idref="fl-5"/>
      </object_component>
      <object_component id="oc-2f">
         <name>.text</name>
         <load_address>0x2d10</load_address>
         <run_address>0x2d10</run_address>
         <size>0x128</size>
         <input_file_ref idref="fl-7"/>
      </object_component>
      <object_component id="oc-1e0">
         <name>.text:SysCtlClockGet</name>
         <load_address>0x2e38</load_address>
         <run_address>0x2e38</run_address>
         <size>0x110</size>
         <input_file_ref idref="fl-e1"/>
      </object_component>
      <object_component id="oc-2c1">
         <name>.text</name>
         <load_address>0x2f48</load_address>
         <run_address>0x2f48</run_address>
         <size>0xfc</size>
         <input_file_ref idref="fl-cf"/>
      </object_component>
      <object_component id="oc-2a">
         <name>.text</name>
         <load_address>0x3044</load_address>
         <run_address>0x3044</run_address>
         <size>0xd2</size>
         <input_file_ref idref="fl-8"/>
      </object_component>
      <object_component id="oc-bf">
         <name>.text</name>
         <load_address>0x3118</load_address>
         <run_address>0x3118</run_address>
         <size>0xd0</size>
         <input_file_ref idref="fl-6"/>
      </object_component>
      <object_component id="oc-242">
         <name>.text</name>
         <load_address>0x31e8</load_address>
         <run_address>0x31e8</run_address>
         <size>0xcc</size>
         <input_file_ref idref="fl-10"/>
      </object_component>
      <object_component id="oc-127">
         <name>.text</name>
         <load_address>0x32b4</load_address>
         <run_address>0x32b4</run_address>
         <size>0xc8</size>
         <input_file_ref idref="fl-12"/>
      </object_component>
      <object_component id="oc-121">
         <name>.text</name>
         <load_address>0x337c</load_address>
         <run_address>0x337c</run_address>
         <size>0xc4</size>
         <input_file_ref idref="fl-d"/>
      </object_component>
      <object_component id="oc-12d">
         <name>.text</name>
         <load_address>0x3440</load_address>
         <run_address>0x3440</run_address>
         <size>0xb8</size>
         <input_file_ref idref="fl-11"/>
      </object_component>
      <object_component id="oc-eb">
         <name>.text</name>
         <load_address>0x34f8</load_address>
         <run_address>0x34f8</run_address>
         <size>0x9c</size>
         <input_file_ref idref="fl-4"/>
      </object_component>
      <object_component id="oc-43">
         <name>.text</name>
         <load_address>0x3594</load_address>
         <run_address>0x3594</run_address>
         <size>0x9c</size>
         <input_file_ref idref="fl-d1"/>
      </object_component>
      <object_component id="oc-2c6">
         <name>.text:__aeabi_cdcmple</name>
         <load_address>0x3630</load_address>
         <run_address>0x3630</run_address>
         <size>0x86</size>
         <input_file_ref idref="fl-cd"/>
      </object_component>
      <object_component id="oc-2cb">
         <name>.text:__aeabi_cdrcmple</name>
         <load_address>0x36b6</load_address>
         <run_address>0x36b6</run_address>
         <size>0x86</size>
         <input_file_ref idref="fl-cd"/>
      </object_component>
      <object_component id="oc-b3">
         <name>.text</name>
         <load_address>0x373c</load_address>
         <run_address>0x373c</run_address>
         <size>0x7a</size>
         <input_file_ref idref="fl-d3"/>
      </object_component>
      <object_component id="oc-12">
         <name>.text:decompress:lzss:__TI_decompress_lzss</name>
         <load_address>0x37b6</load_address>
         <run_address>0x37b6</run_address>
         <size>0x68</size>
         <input_file_ref idref="fl-d6"/>
      </object_component>
      <object_component id="oc-1da">
         <name>.text:GPIOPinConfigure</name>
         <load_address>0x3820</load_address>
         <run_address>0x3820</run_address>
         <size>0x48</size>
         <input_file_ref idref="fl-de"/>
      </object_component>
      <object_component id="oc-23d">
         <name>.text</name>
         <load_address>0x3868</load_address>
         <run_address>0x3868</run_address>
         <size>0x48</size>
         <input_file_ref idref="fl-d0"/>
      </object_component>
      <object_component id="oc-1e6">
         <name>.text:UARTConfigSetExpClk</name>
         <load_address>0x38b0</load_address>
         <run_address>0x38b0</run_address>
         <size>0x46</size>
         <input_file_ref idref="fl-e2"/>
      </object_component>
      <object_component id="oc-156">
         <name>.text:__TI_auto_init_nobinit_nopinit:__TI_auto_init_nobinit_nopinit</name>
         <load_address>0x38f8</load_address>
         <run_address>0x38f8</run_address>
         <size>0x44</size>
         <input_file_ref idref="fl-db"/>
      </object_component>
      <object_component id="oc-206">
         <name>.text:SSIConfigSetExpClk</name>
         <load_address>0x393c</load_address>
         <run_address>0x393c</run_address>
         <size>0x3c</size>
         <input_file_ref idref="fl-e0"/>
      </object_component>
      <object_component id="oc-1b9">
         <name>.text:SysCtlPeripheralReady</name>
         <load_address>0x3978</load_address>
         <run_address>0x3978</run_address>
         <size>0x38</size>
         <input_file_ref idref="fl-e1"/>
      </object_component>
      <object_component id="oc-61">
         <name>.text:_c_int00_noargs:_c_int00_noargs</name>
         <load_address>0x39b0</load_address>
         <run_address>0x39b0</run_address>
         <size>0x38</size>
         <input_file_ref idref="fl-d7"/>
      </object_component>
      <object_component id="oc-1b3">
         <name>.text:SysCtlPeripheralEnable</name>
         <load_address>0x39e8</load_address>
         <run_address>0x39e8</run_address>
         <size>0x34</size>
         <input_file_ref idref="fl-e1"/>
      </object_component>
      <object_component id="oc-280">
         <name>.text:GPIODirModeSet</name>
         <load_address>0x3a1c</load_address>
         <run_address>0x3a1c</run_address>
         <size>0x2a</size>
         <input_file_ref idref="fl-de"/>
      </object_component>
      <object_component id="oc-295">
         <name>.text:UARTDisable</name>
         <load_address>0x3a48</load_address>
         <run_address>0x3a48</run_address>
         <size>0x20</size>
         <input_file_ref idref="fl-e2"/>
      </object_component>
      <object_component id="oc-233">
         <name>.text</name>
         <load_address>0x3a68</load_address>
         <run_address>0x3a68</run_address>
         <size>0x20</size>
         <input_file_ref idref="fl-d2"/>
      </object_component>
      <object_component id="oc-29b">
         <name>.text:UARTEnable</name>
         <load_address>0x3a88</load_address>
         <run_address>0x3a88</run_address>
         <size>0x14</size>
         <input_file_ref idref="fl-e2"/>
      </object_component>
      <object_component id="oc-1bf">
         <name>.text:GPIOPinTypeGPIOInput</name>
         <load_address>0x3a9c</load_address>
         <run_address>0x3a9c</run_address>
         <size>0x12</size>
         <input_file_ref idref="fl-de"/>
      </object_component>
      <object_component id="oc-200">
         <name>.text:GPIOPinTypeSSI</name>
         <load_address>0x3aae</load_address>
         <run_address>0x3aae</run_address>
         <size>0x12</size>
         <input_file_ref idref="fl-de"/>
      </object_component>
      <object_component id="oc-1d4">
         <name>.text:GPIOPinTypeUART</name>
         <load_address>0x3ac0</load_address>
         <run_address>0x3ac0</run_address>
         <size>0x12</size>
         <input_file_ref idref="fl-de"/>
      </object_component>
      <object_component id="oc-218">
         <name>.text:SSIDataGetNonBlocking</name>
         <load_address>0x3ad2</load_address>
         <run_address>0x3ad2</run_address>
         <size>0x12</size>
         <input_file_ref idref="fl-e0"/>
      </object_component>
      <object_component id="oc-1f8">
         <name>.text:UARTCharGetNonBlocking</name>
         <load_address>0x3ae4</load_address>
         <run_address>0x3ae4</run_address>
         <size>0xe</size>
         <input_file_ref idref="fl-e2"/>
      </object_component>
      <object_component id="oc-1f2">
         <name>.text:UARTCharsAvail</name>
         <load_address>0x3af2</load_address>
         <run_address>0x3af2</run_address>
         <size>0xe</size>
         <input_file_ref idref="fl-e2"/>
      </object_component>
      <object_component id="oc-18">
         <name>.text:decompress:none:__TI_decompress_none</name>
         <load_address>0x3b00</load_address>
         <run_address>0x3b00</run_address>
         <size>0xe</size>
         <input_file_ref idref="fl-d5"/>
      </object_component>
      <object_component id="oc-55">
         <name>.text:decompress:ZI:__TI_zero_init</name>
         <load_address>0x3b0e</load_address>
         <run_address>0x3b0e</run_address>
         <size>0xc</size>
         <input_file_ref idref="fl-d4"/>
      </object_component>
      <object_component id="oc-24">
         <name>.text</name>
         <load_address>0x3b1a</load_address>
         <run_address>0x3b1a</run_address>
         <size>0xc</size>
         <input_file_ref idref="fl-c"/>
      </object_component>
      <object_component id="oc-212">
         <name>.text:SSIDataPut</name>
         <load_address>0x3b26</load_address>
         <run_address>0x3b26</run_address>
         <size>0xa</size>
         <input_file_ref idref="fl-e0"/>
      </object_component>
      <object_component id="oc-20c">
         <name>.text:SSIEnable</name>
         <load_address>0x3b30</load_address>
         <run_address>0x3b30</run_address>
         <size>0xa</size>
         <input_file_ref idref="fl-e0"/>
      </object_component>
      <object_component id="oc-1ec">
         <name>.text:UARTCharPut</name>
         <load_address>0x3b3a</load_address>
         <run_address>0x3b3a</run_address>
         <size>0xa</size>
         <input_file_ref idref="fl-e2"/>
      </object_component>
      <object_component id="oc-1cb">
         <name>.text:GPIOPinRead</name>
         <load_address>0x3b44</load_address>
         <run_address>0x3b44</run_address>
         <size>0x6</size>
         <input_file_ref idref="fl-de"/>
      </object_component>
      <object_component id="oc-b9">
         <name>.text:_system_pre_init</name>
         <load_address>0x3b4a</load_address>
         <run_address>0x3b4a</run_address>
         <size>0x4</size>
         <input_file_ref idref="fl-dc"/>
      </object_component>
      <object_component id="oc-14a">
         <name>.text:abort:abort</name>
         <load_address>0x3b4e</load_address>
         <run_address>0x3b4e</run_address>
         <size>0x4</size>
         <input_file_ref idref="fl-d8"/>
      </object_component>
      <object_component id="oc-28d">
         <name>.const:g_pui32GPIOBaseAddrs</name>
         <load_address>0x3b54</load_address>
         <run_address>0x3b54</run_address>
         <size>0x90</size>
         <input_file_ref idref="fl-de"/>
      </object_component>
      <object_component id="oc-291">
         <name>.const:g_pui32Xtals</name>
         <load_address>0x3be4</load_address>
         <run_address>0x3be4</run_address>
         <size>0x6c</size>
         <input_file_ref idref="fl-e1"/>
      </object_component>
      <object_component id="oc-79">
         <name>.const</name>
         <load_address>0x3c50</load_address>
         <run_address>0x3c50</run_address>
         <size>0x4</size>
         <input_file_ref idref="fl-7"/>
      </object_component>
      <object_component id="oc-343">
         <name>.cinit..data.load</name>
         <load_address>0x3c58</load_address>
         <run_address>0x3c58</run_address>
         <size>0xd</size>
      </object_component>
      <object_component id="oc-341">
         <name>__TI_handler_table</name>
         <load_address>0x3c68</load_address>
         <run_address>0x3c68</run_address>
         <size>0xc</size>
      </object_component>
      <object_component id="oc-344">
         <name>.cinit..bss.load</name>
         <load_address>0x3c78</load_address>
         <run_address>0x3c78</run_address>
         <size>0x8</size>
      </object_component>
      <object_component id="oc-342">
         <name>__TI_cinit_table</name>
         <load_address>0x3c80</load_address>
         <run_address>0x3c80</run_address>
         <size>0x10</size>
      </object_component>
      <object_component id="oc-1a0">
         <name>.data</name>
         <load_address>0x20007968</load_address>
         <run_address>0x20007968</run_address>
         <size>0x8</size>
         <input_file_ref idref="fl-4"/>
      </object_component>
      <object_component id="oc-83">
         <name>.data</name>
         <load_address>0x20007970</load_address>
         <run_address>0x20007970</run_address>
         <size>0x4</size>
         <input_file_ref idref="fl-7"/>
      </object_component>
      <object_component id="oc-76">
         <name>.data</name>
         <load_address>0x20007938</load_address>
         <run_address>0x20007938</run_address>
         <size>0x30</size>
         <input_file_ref idref="fl-a"/>
      </object_component>
      <object_component id="oc-1d1">
         <name>.data</name>
         <load_address>0x20007974</load_address>
         <run_address>0x20007974</run_address>
         <size>0x2</size>
         <input_file_ref idref="fl-d"/>
      </object_component>
      <object_component id="oc-248">
         <name>.data</name>
         <load_address>0x20007976</load_address>
         <run_address>0x20007976</run_address>
         <size>0x1</size>
         <input_file_ref idref="fl-e"/>
      </object_component>
      <object_component id="oc-1a3">
         <name>.bss:ucHeap</name>
         <uninitialized>true</uninitialized>
         <run_address>0x20000000</run_address>
         <size>0x7530</size>
         <input_file_ref idref="fl-4"/>
      </object_component>
      <object_component id="oc-dc">
         <name>.bss:pxReadyTasksLists</name>
         <uninitialized>true</uninitialized>
         <run_address>0x20007530</run_address>
         <size>0x140</size>
         <input_file_ref idref="fl-a"/>
      </object_component>
      <object_component id="oc-f1">
         <name>.bss:xDelayedTaskList1</name>
         <uninitialized>true</uninitialized>
         <run_address>0x200076c0</run_address>
         <size>0x14</size>
         <input_file_ref idref="fl-a"/>
      </object_component>
      <object_component id="oc-f4">
         <name>.bss:xDelayedTaskList2</name>
         <uninitialized>true</uninitialized>
         <run_address>0x200076d4</run_address>
         <size>0x14</size>
         <input_file_ref idref="fl-a"/>
      </object_component>
      <object_component id="oc-e8">
         <name>.bss</name>
         <uninitialized>true</uninitialized>
         <run_address>0x20007724</run_address>
         <size>0x8</size>
         <input_file_ref idref="fl-a"/>
      </object_component>
      <object_component id="oc-e5">
         <name>.bss:xPendingReadyList</name>
         <uninitialized>true</uninitialized>
         <run_address>0x200076e8</run_address>
         <size>0x14</size>
         <input_file_ref idref="fl-a"/>
      </object_component>
      <object_component id="oc-df">
         <name>.bss:xTasksWaitingTermination</name>
         <uninitialized>true</uninitialized>
         <run_address>0x20007710</run_address>
         <size>0x14</size>
         <input_file_ref idref="fl-a"/>
      </object_component>
      <object_component id="oc-e2">
         <name>.bss:xSuspendedTaskList</name>
         <uninitialized>true</uninitialized>
         <run_address>0x200076fc</run_address>
         <size>0x14</size>
         <input_file_ref idref="fl-a"/>
      </object_component>
      <object_component id="oc-21e">
         <name>.bss</name>
         <uninitialized>true</uninitialized>
         <run_address>0x2000772c</run_address>
         <size>0x4</size>
         <input_file_ref idref="fl-11"/>
      </object_component>
      <object_component id="oc-13f">
         <name>.common:xUartRecv</name>
         <uninitialized>true</uninitialized>
         <run_address>0x20007734</run_address>
         <size>0x4</size>
      </object_component>
      <object_component id="oc-142">
         <name>.common:xBtnEventGroup</name>
         <uninitialized>true</uninitialized>
         <run_address>0x20007730</run_address>
         <size>0x4</size>
      </object_component>
      <object_component id="oc-221">
         <name>.common:xQueueRegistry</name>
         <uninitialized>true</uninitialized>
         <run_address>0x20007670</run_address>
         <size>0x50</size>
      </object_component>
      <object_component id="oc-21">
         <name>.stack</name>
         <uninitialized>true</uninitialized>
         <run_address>0x20007738</run_address>
         <size>0x4</size>
         <input_file_ref idref="fl-d7"/>
      </object_component>
      <object_component id="oc-345">
         <name>.stack</name>
         <uninitialized>true</uninitialized>
         <run_address>0x20007738</run_address>
         <size>0x0</size>
      </object_component>
      <object_component id="oc-10b">
         <name>.debug_info</name>
         <load_address>0x0</load_address>
         <run_address>0x0</run_address>
         <size>0x14e</size>
         <input_file_ref idref="fl-2"/>
      </object_component>
      <object_component id="oc-f8">
         <name>.debug_info</name>
         <load_address>0x14e</load_address>
         <run_address>0x14e</run_address>
         <size>0x2ef</size>
         <input_file_ref idref="fl-2"/>
      </object_component>
      <object_component id="oc-94">
         <name>.debug_info</name>
         <load_address>0x43d</load_address>
         <run_address>0x43d</run_address>
         <size>0x26b</size>
         <input_file_ref idref="fl-2"/>
      </object_component>
      <object_component id="oc-3e">
         <name>.debug_info</name>
         <load_address>0x6a8</load_address>
         <run_address>0x6a8</run_address>
         <size>0x84</size>
         <input_file_ref idref="fl-2"/>
      </object_component>
      <object_component id="oc-1ae">
         <name>.debug_info</name>
         <load_address>0x72c</load_address>
         <run_address>0x72c</run_address>
         <size>0xcc</size>
         <input_file_ref idref="fl-2"/>
      </object_component>
      <object_component id="oc-88">
         <name>.debug_info</name>
         <load_address>0x7f8</load_address>
         <run_address>0x7f8</run_address>
         <size>0x2c</size>
         <input_file_ref idref="fl-2"/>
      </object_component>
      <object_component id="oc-10c">
         <name>.debug_info</name>
         <load_address>0x824</load_address>
         <run_address>0x824</run_address>
         <size>0x297</size>
         <input_file_ref idref="fl-2"/>
      </object_component>
      <object_component id="oc-99">
         <name>.debug_info</name>
         <load_address>0xabb</load_address>
         <run_address>0xabb</run_address>
         <size>0xbb</size>
         <input_file_ref idref="fl-2"/>
      </object_component>
      <object_component id="oc-8d">
         <name>.debug_info</name>
         <load_address>0xb76</load_address>
         <run_address>0xb76</run_address>
         <size>0x53</size>
         <input_file_ref idref="fl-2"/>
      </object_component>
      <object_component id="oc-106">
         <name>.debug_info</name>
         <load_address>0xbc9</load_address>
         <run_address>0xbc9</run_address>
         <size>0x14c</size>
         <input_file_ref idref="fl-2"/>
      </object_component>
      <object_component id="oc-230">
         <name>.debug_info</name>
         <load_address>0xd15</load_address>
         <run_address>0xd15</run_address>
         <size>0x586</size>
         <input_file_ref idref="fl-3"/>
      </object_component>
      <object_component id="oc-13a">
         <name>.debug_info</name>
         <load_address>0x129b</load_address>
         <run_address>0x129b</run_address>
         <size>0x130a</size>
         <input_file_ref idref="fl-3"/>
      </object_component>
      <object_component id="oc-18f">
         <name>.debug_info</name>
         <load_address>0x25a5</load_address>
         <run_address>0x25a5</run_address>
         <size>0x110</size>
         <input_file_ref idref="fl-3"/>
      </object_component>
      <object_component id="oc-22b">
         <name>.debug_info</name>
         <load_address>0x26b5</load_address>
         <run_address>0x26b5</run_address>
         <size>0x39</size>
         <input_file_ref idref="fl-3"/>
      </object_component>
      <object_component id="oc-18a">
         <name>.debug_info</name>
         <load_address>0x26ee</load_address>
         <run_address>0x26ee</run_address>
         <size>0x46</size>
         <input_file_ref idref="fl-3"/>
      </object_component>
      <object_component id="oc-2b9">
         <name>.debug_info</name>
         <load_address>0x2734</load_address>
         <run_address>0x2734</run_address>
         <size>0x76</size>
         <input_file_ref idref="fl-3"/>
      </object_component>
      <object_component id="oc-1a7">
         <name>.debug_info</name>
         <load_address>0x27aa</load_address>
         <run_address>0x27aa</run_address>
         <size>0x35d</size>
         <input_file_ref idref="fl-4"/>
      </object_component>
      <object_component id="oc-1a4">
         <name>.debug_info</name>
         <load_address>0x2b07</load_address>
         <run_address>0x2b07</run_address>
         <size>0xe1</size>
         <input_file_ref idref="fl-4"/>
      </object_component>
      <object_component id="oc-1a1">
         <name>.debug_info</name>
         <load_address>0x2be8</load_address>
         <run_address>0x2be8</run_address>
         <size>0xef</size>
         <input_file_ref idref="fl-4"/>
      </object_component>
      <object_component id="oc-ec">
         <name>.debug_info</name>
         <load_address>0x2cd7</load_address>
         <run_address>0x2cd7</run_address>
         <size>0x2f7</size>
         <input_file_ref idref="fl-4"/>
      </object_component>
      <object_component id="oc-195">
         <name>.debug_info</name>
         <load_address>0x2fce</load_address>
         <run_address>0x2fce</run_address>
         <size>0x2d6</size>
         <input_file_ref idref="fl-5"/>
      </object_component>
      <object_component id="oc-d7">
         <name>.debug_info</name>
         <load_address>0x32a4</load_address>
         <run_address>0x32a4</run_address>
         <size>0x459</size>
         <input_file_ref idref="fl-5"/>
      </object_component>
      <object_component id="oc-140">
         <name>.debug_info</name>
         <load_address>0x36fd</load_address>
         <run_address>0x36fd</run_address>
         <size>0x562</size>
         <input_file_ref idref="fl-6"/>
      </object_component>
      <object_component id="oc-c0">
         <name>.debug_info</name>
         <load_address>0x3c5f</load_address>
         <run_address>0x3c5f</run_address>
         <size>0x2a7</size>
         <input_file_ref idref="fl-6"/>
      </object_component>
      <object_component id="oc-225">
         <name>.debug_info</name>
         <load_address>0x3f06</load_address>
         <run_address>0x3f06</run_address>
         <size>0x46</size>
         <input_file_ref idref="fl-6"/>
      </object_component>
      <object_component id="oc-87">
         <name>.debug_info</name>
         <load_address>0x3f4c</load_address>
         <run_address>0x3f4c</run_address>
         <size>0x355</size>
         <input_file_ref idref="fl-7"/>
      </object_component>
      <object_component id="oc-7a">
         <name>.debug_info</name>
         <load_address>0x42a1</load_address>
         <run_address>0x42a1</run_address>
         <size>0x10e</size>
         <input_file_ref idref="fl-7"/>
      </object_component>
      <object_component id="oc-84">
         <name>.debug_info</name>
         <load_address>0x43af</load_address>
         <run_address>0x43af</run_address>
         <size>0xf5</size>
         <input_file_ref idref="fl-7"/>
      </object_component>
      <object_component id="oc-30">
         <name>.debug_info</name>
         <load_address>0x44a4</load_address>
         <run_address>0x44a4</run_address>
         <size>0x4b8</size>
         <input_file_ref idref="fl-7"/>
      </object_component>
      <object_component id="oc-2b">
         <name>.debug_info</name>
         <load_address>0x495c</load_address>
         <run_address>0x495c</run_address>
         <size>0x246</size>
         <input_file_ref idref="fl-8"/>
      </object_component>
      <object_component id="oc-222">
         <name>.debug_info</name>
         <load_address>0x4ba2</load_address>
         <run_address>0x4ba2</run_address>
         <size>0x721</size>
         <input_file_ref idref="fl-9"/>
      </object_component>
      <object_component id="oc-134">
         <name>.debug_info</name>
         <load_address>0x52c3</load_address>
         <run_address>0x52c3</run_address>
         <size>0x2323</size>
         <input_file_ref idref="fl-9"/>
      </object_component>
      <object_component id="oc-2b2">
         <name>.debug_info</name>
         <load_address>0x75e6</load_address>
         <run_address>0x75e6</run_address>
         <size>0x1cd</size>
         <input_file_ref idref="fl-9"/>
      </object_component>
      <object_component id="oc-d3">
         <name>.debug_info</name>
         <load_address>0x77b3</load_address>
         <run_address>0x77b3</run_address>
         <size>0x709</size>
         <input_file_ref idref="fl-a"/>
      </object_component>
      <object_component id="oc-77">
         <name>.debug_info</name>
         <load_address>0x7ebc</load_address>
         <run_address>0x7ebc</run_address>
         <size>0x2fa</size>
         <input_file_ref idref="fl-a"/>
      </object_component>
      <object_component id="oc-dd">
         <name>.debug_info</name>
         <load_address>0x81b6</load_address>
         <run_address>0x81b6</run_address>
         <size>0xf6</size>
         <input_file_ref idref="fl-a"/>
      </object_component>
      <object_component id="oc-f2">
         <name>.debug_info</name>
         <load_address>0x82ac</load_address>
         <run_address>0x82ac</run_address>
         <size>0xf6</size>
         <input_file_ref idref="fl-a"/>
      </object_component>
      <object_component id="oc-f5">
         <name>.debug_info</name>
         <load_address>0x83a2</load_address>
         <run_address>0x83a2</run_address>
         <size>0xf6</size>
         <input_file_ref idref="fl-a"/>
      </object_component>
      <object_component id="oc-e9">
         <name>.debug_info</name>
         <load_address>0x8498</load_address>
         <run_address>0x8498</run_address>
         <size>0x138</size>
         <input_file_ref idref="fl-a"/>
      </object_component>
      <object_component id="oc-e6">
         <name>.debug_info</name>
         <load_address>0x85d0</load_address>
         <run_address>0x85d0</run_address>
         <size>0xf6</size>
         <input_file_ref idref="fl-a"/>
      </object_component>
      <object_component id="oc-e0">
         <name>.debug_info</name>
         <load_address>0x86c6</load_address>
         <run_address>0x86c6</run_address>
         <size>0x104</size>
         <input_file_ref idref="fl-a"/>
      </object_component>
      <object_component id="oc-e3">
         <name>.debug_info</name>
         <load_address>0x87ca</load_address>
         <run_address>0x87ca</run_address>
         <size>0xf8</size>
         <input_file_ref idref="fl-a"/>
      </object_component>
      <object_component id="oc-7d">
         <name>.debug_info</name>
         <load_address>0x88c2</load_address>
         <run_address>0x88c2</run_address>
         <size>0x3f1b</size>
         <input_file_ref idref="fl-a"/>
      </object_component>
      <object_component id="oc-fd">
         <name>.debug_info</name>
         <load_address>0xc7dd</load_address>
         <run_address>0xc7dd</run_address>
         <size>0x169</size>
         <input_file_ref idref="fl-a"/>
      </object_component>
      <object_component id="oc-37">
         <name>.debug_info</name>
         <load_address>0xc946</load_address>
         <run_address>0xc946</run_address>
         <size>0x341</size>
         <input_file_ref idref="fl-c"/>
      </object_component>
      <object_component id="oc-10">
         <name>.debug_info</name>
         <load_address>0xcc87</load_address>
         <run_address>0xcc87</run_address>
         <size>0x100</size>
         <input_file_ref idref="fl-c"/>
      </object_component>
      <object_component id="oc-25">
         <name>.debug_info</name>
         <load_address>0xcd87</load_address>
         <run_address>0xcd87</run_address>
         <size>0x27c</size>
         <input_file_ref idref="fl-c"/>
      </object_component>
      <object_component id="oc-1d3">
         <name>.debug_info</name>
         <load_address>0xd003</load_address>
         <run_address>0xd003</run_address>
         <size>0x4f1</size>
         <input_file_ref idref="fl-d"/>
      </object_component>
      <object_component id="oc-122">
         <name>.debug_info</name>
         <load_address>0xd4f4</load_address>
         <run_address>0xd4f4</run_address>
         <size>0x324</size>
         <input_file_ref idref="fl-d"/>
      </object_component>
      <object_component id="oc-27b">
         <name>.debug_info</name>
         <load_address>0xd818</load_address>
         <run_address>0xd818</run_address>
         <size>0x8b</size>
         <input_file_ref idref="fl-d"/>
      </object_component>
      <object_component id="oc-24a">
         <name>.debug_info</name>
         <load_address>0xd8a3</load_address>
         <run_address>0xd8a3</run_address>
         <size>0x3f0</size>
         <input_file_ref idref="fl-e"/>
      </object_component>
      <object_component id="oc-144">
         <name>.debug_info</name>
         <load_address>0xdc93</load_address>
         <run_address>0xdc93</run_address>
         <size>0x491</size>
         <input_file_ref idref="fl-e"/>
      </object_component>
      <object_component id="oc-243">
         <name>.debug_info</name>
         <load_address>0xe124</load_address>
         <run_address>0xe124</run_address>
         <size>0x2a2</size>
         <input_file_ref idref="fl-10"/>
      </object_component>
      <object_component id="oc-220">
         <name>.debug_info</name>
         <load_address>0xe3c6</load_address>
         <run_address>0xe3c6</run_address>
         <size>0x4c7</size>
         <input_file_ref idref="fl-11"/>
      </object_component>
      <object_component id="oc-12e">
         <name>.debug_info</name>
         <load_address>0xe88d</load_address>
         <run_address>0xe88d</run_address>
         <size>0x415</size>
         <input_file_ref idref="fl-11"/>
      </object_component>
      <object_component id="oc-1ff">
         <name>.debug_info</name>
         <load_address>0xeca2</load_address>
         <run_address>0xeca2</run_address>
         <size>0x59f</size>
         <input_file_ref idref="fl-12"/>
      </object_component>
      <object_component id="oc-128">
         <name>.debug_info</name>
         <load_address>0xf241</load_address>
         <run_address>0xf241</run_address>
         <size>0x439</size>
         <input_file_ref idref="fl-12"/>
      </object_component>
      <object_component id="oc-2c9">
         <name>.debug_info</name>
         <load_address>0xf67a</load_address>
         <run_address>0xf67a</run_address>
         <size>0x120</size>
         <input_file_ref idref="fl-cd"/>
      </object_component>
      <object_component id="oc-2cc">
         <name>.debug_info</name>
         <load_address>0xf79a</load_address>
         <run_address>0xf79a</run_address>
         <size>0x122</size>
         <input_file_ref idref="fl-cd"/>
      </object_component>
      <object_component id="oc-23b">
         <name>.debug_info</name>
         <load_address>0xf8bc</load_address>
         <run_address>0xf8bc</run_address>
         <size>0x132</size>
         <input_file_ref idref="fl-ce"/>
      </object_component>
      <object_component id="oc-2c2">
         <name>.debug_info</name>
         <load_address>0xf9ee</load_address>
         <run_address>0xf9ee</run_address>
         <size>0x132</size>
         <input_file_ref idref="fl-cf"/>
      </object_component>
      <object_component id="oc-23f">
         <name>.debug_info</name>
         <load_address>0xfb20</load_address>
         <run_address>0xfb20</run_address>
         <size>0x126</size>
         <input_file_ref idref="fl-d0"/>
      </object_component>
      <object_component id="oc-46">
         <name>.debug_info</name>
         <load_address>0xfc46</load_address>
         <run_address>0xfc46</run_address>
         <size>0x111</size>
         <input_file_ref idref="fl-d1"/>
      </object_component>
      <object_component id="oc-235">
         <name>.debug_info</name>
         <load_address>0xfd57</load_address>
         <run_address>0xfd57</run_address>
         <size>0x126</size>
         <input_file_ref idref="fl-d2"/>
      </object_component>
      <object_component id="oc-b5">
         <name>.debug_info</name>
         <load_address>0xfe7d</load_address>
         <run_address>0xfe7d</run_address>
         <size>0x13f</size>
         <input_file_ref idref="fl-d3"/>
      </object_component>
      <object_component id="oc-b2">
         <name>.debug_info</name>
         <load_address>0xffbc</load_address>
         <run_address>0xffbc</run_address>
         <size>0x313</size>
         <input_file_ref idref="fl-d4"/>
      </object_component>
      <object_component id="oc-57">
         <name>.debug_info</name>
         <load_address>0x102cf</load_address>
         <run_address>0x102cf</run_address>
         <size>0x1aa</size>
         <input_file_ref idref="fl-d4"/>
      </object_component>
      <object_component id="oc-ad">
         <name>.debug_info</name>
         <load_address>0x10479</load_address>
         <run_address>0x10479</run_address>
         <size>0x46</size>
         <input_file_ref idref="fl-d4"/>
      </object_component>
      <object_component id="oc-118">
         <name>.debug_info</name>
         <load_address>0x104bf</load_address>
         <run_address>0x104bf</run_address>
         <size>0x2c</size>
         <input_file_ref idref="fl-d4"/>
      </object_component>
      <object_component id="oc-4e">
         <name>.debug_info</name>
         <load_address>0x104eb</load_address>
         <run_address>0x104eb</run_address>
         <size>0x29d</size>
         <input_file_ref idref="fl-d5"/>
      </object_component>
      <object_component id="oc-19">
         <name>.debug_info</name>
         <load_address>0x10788</load_address>
         <run_address>0x10788</run_address>
         <size>0x1df</size>
         <input_file_ref idref="fl-d5"/>
      </object_component>
      <object_component id="oc-49">
         <name>.debug_info</name>
         <load_address>0x10967</load_address>
         <run_address>0x10967</run_address>
         <size>0x46</size>
         <input_file_ref idref="fl-d5"/>
      </object_component>
      <object_component id="oc-a5">
         <name>.debug_info</name>
         <load_address>0x109ad</load_address>
         <run_address>0x109ad</run_address>
         <size>0x2c</size>
         <input_file_ref idref="fl-d5"/>
      </object_component>
      <object_component id="oc-a3">
         <name>.debug_info</name>
         <load_address>0x109d9</load_address>
         <run_address>0x109d9</run_address>
         <size>0x293</size>
         <input_file_ref idref="fl-d6"/>
      </object_component>
      <object_component id="oc-13">
         <name>.debug_info</name>
         <load_address>0x10c6c</load_address>
         <run_address>0x10c6c</run_address>
         <size>0x245</size>
         <input_file_ref idref="fl-d6"/>
      </object_component>
      <object_component id="oc-39">
         <name>.debug_info</name>
         <load_address>0x10eb1</load_address>
         <run_address>0x10eb1</run_address>
         <size>0x60</size>
         <input_file_ref idref="fl-d6"/>
      </object_component>
      <object_component id="oc-111">
         <name>.debug_info</name>
         <load_address>0x10f11</load_address>
         <run_address>0x10f11</run_address>
         <size>0x46</size>
         <input_file_ref idref="fl-d6"/>
      </object_component>
      <object_component id="oc-9e">
         <name>.debug_info</name>
         <load_address>0x10f57</load_address>
         <run_address>0x10f57</run_address>
         <size>0x39</size>
         <input_file_ref idref="fl-d6"/>
      </object_component>
      <object_component id="oc-22">
         <name>.debug_info</name>
         <load_address>0x10f90</load_address>
         <run_address>0x10f90</run_address>
         <size>0x100</size>
         <input_file_ref idref="fl-d7"/>
      </object_component>
      <object_component id="oc-63">
         <name>.debug_info</name>
         <load_address>0x11090</load_address>
         <run_address>0x11090</run_address>
         <size>0x1a4</size>
         <input_file_ref idref="fl-d7"/>
      </object_component>
      <object_component id="oc-14e">
         <name>.debug_info</name>
         <load_address>0x11234</load_address>
         <run_address>0x11234</run_address>
         <size>0x117</size>
         <input_file_ref idref="fl-d8"/>
      </object_component>
      <object_component id="oc-256">
         <name>.debug_info</name>
         <load_address>0x1134b</load_address>
         <run_address>0x1134b</run_address>
         <size>0x547</size>
         <input_file_ref idref="fl-db"/>
      </object_component>
      <object_component id="oc-159">
         <name>.debug_info</name>
         <load_address>0x11892</load_address>
         <run_address>0x11892</run_address>
         <size>0x19b</size>
         <input_file_ref idref="fl-db"/>
      </object_component>
      <object_component id="oc-2e3">
         <name>.debug_info</name>
         <load_address>0x11a2d</load_address>
         <run_address>0x11a2d</run_address>
         <size>0x39</size>
         <input_file_ref idref="fl-db"/>
      </object_component>
      <object_component id="oc-30e">
         <name>.debug_info</name>
         <load_address>0x11a66</load_address>
         <run_address>0x11a66</run_address>
         <size>0x39</size>
         <input_file_ref idref="fl-db"/>
      </object_component>
      <object_component id="oc-2e8">
         <name>.debug_info</name>
         <load_address>0x11a9f</load_address>
         <run_address>0x11a9f</run_address>
         <size>0x39</size>
         <input_file_ref idref="fl-db"/>
      </object_component>
      <object_component id="oc-2ed">
         <name>.debug_info</name>
         <load_address>0x11ad8</load_address>
         <run_address>0x11ad8</run_address>
         <size>0xcd</size>
         <input_file_ref idref="fl-db"/>
      </object_component>
      <object_component id="oc-bd">
         <name>.debug_info</name>
         <load_address>0x11ba5</load_address>
         <run_address>0x11ba5</run_address>
         <size>0x148</size>
         <input_file_ref idref="fl-dc"/>
      </object_component>
      <object_component id="oc-288">
         <name>.debug_info</name>
         <load_address>0x11ced</load_address>
         <run_address>0x11ced</run_address>
         <size>0x240</size>
         <input_file_ref idref="fl-de"/>
      </object_component>
      <object_component id="oc-28e">
         <name>.debug_info</name>
         <load_address>0x11f2d</load_address>
         <run_address>0x11f2d</run_address>
         <size>0x15b</size>
         <input_file_ref idref="fl-de"/>
      </object_component>
      <object_component id="oc-281">
         <name>.debug_info</name>
         <load_address>0x12088</load_address>
         <run_address>0x12088</run_address>
         <size>0x2b3</size>
         <input_file_ref idref="fl-de"/>
      </object_component>
      <object_component id="oc-1c6">
         <name>.debug_info</name>
         <load_address>0x1233b</load_address>
         <run_address>0x1233b</run_address>
         <size>0x316</size>
         <input_file_ref idref="fl-de"/>
      </object_component>
      <object_component id="oc-1d5">
         <name>.debug_info</name>
         <load_address>0x12651</load_address>
         <run_address>0x12651</run_address>
         <size>0x27b</size>
         <input_file_ref idref="fl-de"/>
      </object_component>
      <object_component id="oc-201">
         <name>.debug_info</name>
         <load_address>0x128cc</load_address>
         <run_address>0x128cc</run_address>
         <size>0x279</size>
         <input_file_ref idref="fl-de"/>
      </object_component>
      <object_component id="oc-1c1">
         <name>.debug_info</name>
         <load_address>0x12b45</load_address>
         <run_address>0x12b45</run_address>
         <size>0x285</size>
         <input_file_ref idref="fl-de"/>
      </object_component>
      <object_component id="oc-1cd">
         <name>.debug_info</name>
         <load_address>0x12dca</load_address>
         <run_address>0x12dca</run_address>
         <size>0x27b</size>
         <input_file_ref idref="fl-de"/>
      </object_component>
      <object_component id="oc-1dc">
         <name>.debug_info</name>
         <load_address>0x13045</load_address>
         <run_address>0x13045</run_address>
         <size>0x280</size>
         <input_file_ref idref="fl-de"/>
      </object_component>
      <object_component id="oc-274">
         <name>.debug_info</name>
         <load_address>0x132c5</load_address>
         <run_address>0x132c5</run_address>
         <size>0x18b</size>
         <input_file_ref idref="fl-de"/>
      </object_component>
      <object_component id="oc-2aa">
         <name>.debug_info</name>
         <load_address>0x13450</load_address>
         <run_address>0x13450</run_address>
         <size>0x21c</size>
         <input_file_ref idref="fl-e0"/>
      </object_component>
      <object_component id="oc-20f">
         <name>.debug_info</name>
         <load_address>0x1366c</load_address>
         <run_address>0x1366c</run_address>
         <size>0x242</size>
         <input_file_ref idref="fl-e0"/>
      </object_component>
      <object_component id="oc-215">
         <name>.debug_info</name>
         <load_address>0x138ae</load_address>
         <run_address>0x138ae</run_address>
         <size>0x276</size>
         <input_file_ref idref="fl-e0"/>
      </object_component>
      <object_component id="oc-21b">
         <name>.debug_info</name>
         <load_address>0x13b24</load_address>
         <run_address>0x13b24</run_address>
         <size>0x29a</size>
         <input_file_ref idref="fl-e0"/>
      </object_component>
      <object_component id="oc-20a">
         <name>.debug_info</name>
         <load_address>0x13dbe</load_address>
         <run_address>0x13dbe</run_address>
         <size>0x3d9</size>
         <input_file_ref idref="fl-e0"/>
      </object_component>
      <object_component id="oc-279">
         <name>.debug_info</name>
         <load_address>0x14197</load_address>
         <run_address>0x14197</run_address>
         <size>0x298</size>
         <input_file_ref idref="fl-e1"/>
      </object_component>
      <object_component id="oc-292">
         <name>.debug_info</name>
         <load_address>0x1442f</load_address>
         <run_address>0x1442f</run_address>
         <size>0x14d</size>
         <input_file_ref idref="fl-e1"/>
      </object_component>
      <object_component id="oc-1ba">
         <name>.debug_info</name>
         <load_address>0x1457c</load_address>
         <run_address>0x1457c</run_address>
         <size>0x27f</size>
         <input_file_ref idref="fl-e1"/>
      </object_component>
      <object_component id="oc-1b4">
         <name>.debug_info</name>
         <load_address>0x147fb</load_address>
         <run_address>0x147fb</run_address>
         <size>0x27d</size>
         <input_file_ref idref="fl-e1"/>
      </object_component>
      <object_component id="oc-1e1">
         <name>.debug_info</name>
         <load_address>0x14a78</load_address>
         <run_address>0x14a78</run_address>
         <size>0x2b5</size>
         <input_file_ref idref="fl-e1"/>
      </object_component>
      <object_component id="oc-2f6">
         <name>.debug_info</name>
         <load_address>0x14d2d</load_address>
         <run_address>0x14d2d</run_address>
         <size>0x5f</size>
         <input_file_ref idref="fl-e1"/>
      </object_component>
      <object_component id="oc-2a2">
         <name>.debug_info</name>
         <load_address>0x14d8c</load_address>
         <run_address>0x14d8c</run_address>
         <size>0x227</size>
         <input_file_ref idref="fl-e2"/>
      </object_component>
      <object_component id="oc-29c">
         <name>.debug_info</name>
         <load_address>0x14fb3</load_address>
         <run_address>0x14fb3</run_address>
         <size>0x247</size>
         <input_file_ref idref="fl-e2"/>
      </object_component>
      <object_component id="oc-296">
         <name>.debug_info</name>
         <load_address>0x151fa</load_address>
         <run_address>0x151fa</run_address>
         <size>0x249</size>
         <input_file_ref idref="fl-e2"/>
      </object_component>
      <object_component id="oc-1e7">
         <name>.debug_info</name>
         <load_address>0x15443</load_address>
         <run_address>0x15443</run_address>
         <size>0x326</size>
         <input_file_ref idref="fl-e2"/>
      </object_component>
      <object_component id="oc-1f3">
         <name>.debug_info</name>
         <load_address>0x15769</load_address>
         <run_address>0x15769</run_address>
         <size>0x253</size>
         <input_file_ref idref="fl-e2"/>
      </object_component>
      <object_component id="oc-1ed">
         <name>.debug_info</name>
         <load_address>0x159bc</load_address>
         <run_address>0x159bc</run_address>
         <size>0x273</size>
         <input_file_ref idref="fl-e2"/>
      </object_component>
      <object_component id="oc-1f9">
         <name>.debug_info</name>
         <load_address>0x15c2f</load_address>
         <run_address>0x15c2f</run_address>
         <size>0x263</size>
         <input_file_ref idref="fl-e2"/>
      </object_component>
      <object_component id="oc-346">
         <name>.debug_info</name>
         <load_address>0x15e92</load_address>
         <run_address>0x15e92</run_address>
         <size>0xb6</size>
      </object_component>
      <object_component id="oc-1ad">
         <name>.debug_line</name>
         <load_address>0x0</load_address>
         <run_address>0x0</run_address>
         <size>0x20</size>
         <input_file_ref idref="fl-2"/>
      </object_component>
      <object_component id="oc-fb">
         <name>.debug_line</name>
         <load_address>0x20</load_address>
         <run_address>0x20</run_address>
         <size>0x2d</size>
         <input_file_ref idref="fl-2"/>
      </object_component>
      <object_component id="oc-97">
         <name>.debug_line</name>
         <load_address>0x4d</load_address>
         <run_address>0x4d</run_address>
         <size>0x69</size>
         <input_file_ref idref="fl-2"/>
      </object_component>
      <object_component id="oc-41">
         <name>.debug_line</name>
         <load_address>0xb6</load_address>
         <run_address>0xb6</run_address>
         <size>0x20</size>
         <input_file_ref idref="fl-2"/>
      </object_component>
      <object_component id="oc-1b1">
         <name>.debug_line</name>
         <load_address>0xd6</load_address>
         <run_address>0xd6</run_address>
         <size>0x31</size>
         <input_file_ref idref="fl-2"/>
      </object_component>
      <object_component id="oc-8b">
         <name>.debug_line</name>
         <load_address>0x107</load_address>
         <run_address>0x107</run_address>
         <size>0x31</size>
         <input_file_ref idref="fl-2"/>
      </object_component>
      <object_component id="oc-10f">
         <name>.debug_line</name>
         <load_address>0x138</load_address>
         <run_address>0x138</run_address>
         <size>0x6d</size>
         <input_file_ref idref="fl-2"/>
      </object_component>
      <object_component id="oc-9c">
         <name>.debug_line</name>
         <load_address>0x1a5</load_address>
         <run_address>0x1a5</run_address>
         <size>0x6a</size>
         <input_file_ref idref="fl-2"/>
      </object_component>
      <object_component id="oc-90">
         <name>.debug_line</name>
         <load_address>0x20f</load_address>
         <run_address>0x20f</run_address>
         <size>0x32</size>
         <input_file_ref idref="fl-2"/>
      </object_component>
      <object_component id="oc-109">
         <name>.debug_line</name>
         <load_address>0x241</load_address>
         <run_address>0x241</run_address>
         <size>0x2d</size>
         <input_file_ref idref="fl-2"/>
      </object_component>
      <object_component id="oc-2b8">
         <name>.debug_line</name>
         <load_address>0x26e</load_address>
         <run_address>0x26e</run_address>
         <size>0x5d</size>
         <input_file_ref idref="fl-3"/>
      </object_component>
      <object_component id="oc-13d">
         <name>.debug_line</name>
         <load_address>0x2cb</load_address>
         <run_address>0x2cb</run_address>
         <size>0x2fd</size>
         <input_file_ref idref="fl-3"/>
      </object_component>
      <object_component id="oc-192">
         <name>.debug_line</name>
         <load_address>0x5c8</load_address>
         <run_address>0x5c8</run_address>
         <size>0x65</size>
         <input_file_ref idref="fl-3"/>
      </object_component>
      <object_component id="oc-22e">
         <name>.debug_line</name>
         <load_address>0x62d</load_address>
         <run_address>0x62d</run_address>
         <size>0x35</size>
         <input_file_ref idref="fl-3"/>
      </object_component>
      <object_component id="oc-18d">
         <name>.debug_line</name>
         <load_address>0x662</load_address>
         <run_address>0x662</run_address>
         <size>0x2f</size>
         <input_file_ref idref="fl-3"/>
      </object_component>
      <object_component id="oc-2bc">
         <name>.debug_line</name>
         <load_address>0x691</load_address>
         <run_address>0x691</run_address>
         <size>0x35</size>
         <input_file_ref idref="fl-3"/>
      </object_component>
      <object_component id="oc-272">
         <name>.debug_line</name>
         <load_address>0x6c6</load_address>
         <run_address>0x6c6</run_address>
         <size>0x2d</size>
         <input_file_ref idref="fl-4"/>
      </object_component>
      <object_component id="oc-270">
         <name>.debug_line</name>
         <load_address>0x6f3</load_address>
         <run_address>0x6f3</run_address>
         <size>0x2f</size>
         <input_file_ref idref="fl-4"/>
      </object_component>
      <object_component id="oc-26e">
         <name>.debug_line</name>
         <load_address>0x722</load_address>
         <run_address>0x722</run_address>
         <size>0x2f</size>
         <input_file_ref idref="fl-4"/>
      </object_component>
      <object_component id="oc-ef">
         <name>.debug_line</name>
         <load_address>0x751</load_address>
         <run_address>0x751</run_address>
         <size>0xb2</size>
         <input_file_ref idref="fl-4"/>
      </object_component>
      <object_component id="oc-26c">
         <name>.debug_line</name>
         <load_address>0x803</load_address>
         <run_address>0x803</run_address>
         <size>0x20</size>
         <input_file_ref idref="fl-5"/>
      </object_component>
      <object_component id="oc-da">
         <name>.debug_line</name>
         <load_address>0x823</load_address>
         <run_address>0x823</run_address>
         <size>0xe5</size>
         <input_file_ref idref="fl-5"/>
      </object_component>
      <object_component id="oc-232">
         <name>.debug_line</name>
         <load_address>0x908</load_address>
         <run_address>0x908</run_address>
         <size>0xb2</size>
         <input_file_ref idref="fl-6"/>
      </object_component>
      <object_component id="oc-c3">
         <name>.debug_line</name>
         <load_address>0x9ba</load_address>
         <run_address>0x9ba</run_address>
         <size>0x64</size>
         <input_file_ref idref="fl-6"/>
      </object_component>
      <object_component id="oc-228">
         <name>.debug_line</name>
         <load_address>0xa1e</load_address>
         <run_address>0xa1e</run_address>
         <size>0x2e</size>
         <input_file_ref idref="fl-6"/>
      </object_component>
      <object_component id="oc-105">
         <name>.debug_line</name>
         <load_address>0xa4c</load_address>
         <run_address>0xa4c</run_address>
         <size>0x3a</size>
         <input_file_ref idref="fl-7"/>
      </object_component>
      <object_component id="oc-d5">
         <name>.debug_line</name>
         <load_address>0xa86</load_address>
         <run_address>0xa86</run_address>
         <size>0x2d</size>
         <input_file_ref idref="fl-7"/>
      </object_component>
      <object_component id="oc-103">
         <name>.debug_line</name>
         <load_address>0xab3</load_address>
         <run_address>0xab3</run_address>
         <size>0x2d</size>
         <input_file_ref idref="fl-7"/>
      </object_component>
      <object_component id="oc-33">
         <name>.debug_line</name>
         <load_address>0xae0</load_address>
         <run_address>0xae0</run_address>
         <size>0x126</size>
         <input_file_ref idref="fl-7"/>
      </object_component>
      <object_component id="oc-2e">
         <name>.debug_line</name>
         <load_address>0xc06</load_address>
         <run_address>0xc06</run_address>
         <size>0xc9</size>
         <input_file_ref idref="fl-8"/>
      </object_component>
      <object_component id="oc-2b1">
         <name>.debug_line</name>
         <load_address>0xccf</load_address>
         <run_address>0xccf</run_address>
         <size>0x6b</size>
         <input_file_ref idref="fl-9"/>
      </object_component>
      <object_component id="oc-137">
         <name>.debug_line</name>
         <load_address>0xd3a</load_address>
         <run_address>0xd3a</run_address>
         <size>0x6ef</size>
         <input_file_ref idref="fl-9"/>
      </object_component>
      <object_component id="oc-2b5">
         <name>.debug_line</name>
         <load_address>0x1429</load_address>
         <run_address>0x1429</run_address>
         <size>0x2e</size>
         <input_file_ref idref="fl-9"/>
      </object_component>
      <object_component id="oc-189">
         <name>.debug_line</name>
         <load_address>0x1457</load_address>
         <run_address>0x1457</run_address>
         <size>0xa3</size>
         <input_file_ref idref="fl-a"/>
      </object_component>
      <object_component id="oc-d2">
         <name>.debug_line</name>
         <load_address>0x14fa</load_address>
         <run_address>0x14fa</run_address>
         <size>0x2e</size>
         <input_file_ref idref="fl-a"/>
      </object_component>
      <object_component id="oc-197">
         <name>.debug_line</name>
         <load_address>0x1528</load_address>
         <run_address>0x1528</run_address>
         <size>0x2e</size>
         <input_file_ref idref="fl-a"/>
      </object_component>
      <object_component id="oc-1a9">
         <name>.debug_line</name>
         <load_address>0x1556</load_address>
         <run_address>0x1556</run_address>
         <size>0x2e</size>
         <input_file_ref idref="fl-a"/>
      </object_component>
      <object_component id="oc-1ab">
         <name>.debug_line</name>
         <load_address>0x1584</load_address>
         <run_address>0x1584</run_address>
         <size>0x2e</size>
         <input_file_ref idref="fl-a"/>
      </object_component>
      <object_component id="oc-19f">
         <name>.debug_line</name>
         <load_address>0x15b2</load_address>
         <run_address>0x15b2</run_address>
         <size>0x2e</size>
         <input_file_ref idref="fl-a"/>
      </object_component>
      <object_component id="oc-19d">
         <name>.debug_line</name>
         <load_address>0x15e0</load_address>
         <run_address>0x15e0</run_address>
         <size>0x2e</size>
         <input_file_ref idref="fl-a"/>
      </object_component>
      <object_component id="oc-199">
         <name>.debug_line</name>
         <load_address>0x160e</load_address>
         <run_address>0x160e</run_address>
         <size>0x2e</size>
         <input_file_ref idref="fl-a"/>
      </object_component>
      <object_component id="oc-19b">
         <name>.debug_line</name>
         <load_address>0x163c</load_address>
         <run_address>0x163c</run_address>
         <size>0x2e</size>
         <input_file_ref idref="fl-a"/>
      </object_component>
      <object_component id="oc-80">
         <name>.debug_line</name>
         <load_address>0x166a</load_address>
         <run_address>0x166a</run_address>
         <size>0xd81</size>
         <input_file_ref idref="fl-a"/>
      </object_component>
      <object_component id="oc-100">
         <name>.debug_line</name>
         <load_address>0x23eb</load_address>
         <run_address>0x23eb</run_address>
         <size>0x2e</size>
         <input_file_ref idref="fl-a"/>
      </object_component>
      <object_component id="oc-93">
         <name>.debug_line</name>
         <load_address>0x2419</load_address>
         <run_address>0x2419</run_address>
         <size>0x41</size>
         <input_file_ref idref="fl-c"/>
      </object_component>
      <object_component id="oc-36">
         <name>.debug_line</name>
         <load_address>0x245a</load_address>
         <run_address>0x245a</run_address>
         <size>0x41</size>
         <input_file_ref idref="fl-c"/>
      </object_component>
      <object_component id="oc-28">
         <name>.debug_line</name>
         <load_address>0x249b</load_address>
         <run_address>0x249b</run_address>
         <size>0xa1</size>
         <input_file_ref idref="fl-c"/>
      </object_component>
      <object_component id="oc-28b">
         <name>.debug_line</name>
         <load_address>0x253c</load_address>
         <run_address>0x253c</run_address>
         <size>0xd7</size>
         <input_file_ref idref="fl-d"/>
      </object_component>
      <object_component id="oc-125">
         <name>.debug_line</name>
         <load_address>0x2613</load_address>
         <run_address>0x2613</run_address>
         <size>0xb3</size>
         <input_file_ref idref="fl-d"/>
      </object_component>
      <object_component id="oc-27e">
         <name>.debug_line</name>
         <load_address>0x26c6</load_address>
         <run_address>0x26c6</run_address>
         <size>0x20</size>
         <input_file_ref idref="fl-d"/>
      </object_component>
      <object_component id="oc-2d2">
         <name>.debug_line</name>
         <load_address>0x26e6</load_address>
         <run_address>0x26e6</run_address>
         <size>0x9c</size>
         <input_file_ref idref="fl-e"/>
      </object_component>
      <object_component id="oc-147">
         <name>.debug_line</name>
         <load_address>0x2782</load_address>
         <run_address>0x2782</run_address>
         <size>0x11b</size>
         <input_file_ref idref="fl-e"/>
      </object_component>
      <object_component id="oc-246">
         <name>.debug_line</name>
         <load_address>0x289d</load_address>
         <run_address>0x289d</run_address>
         <size>0x68</size>
         <input_file_ref idref="fl-10"/>
      </object_component>
      <object_component id="oc-2af">
         <name>.debug_line</name>
         <load_address>0x2905</load_address>
         <run_address>0x2905</run_address>
         <size>0xc3</size>
         <input_file_ref idref="fl-11"/>
      </object_component>
      <object_component id="oc-131">
         <name>.debug_line</name>
         <load_address>0x29c8</load_address>
         <run_address>0x29c8</run_address>
         <size>0xad</size>
         <input_file_ref idref="fl-11"/>
      </object_component>
      <object_component id="oc-2a7">
         <name>.debug_line</name>
         <load_address>0x2a75</load_address>
         <run_address>0x2a75</run_address>
         <size>0x101</size>
         <input_file_ref idref="fl-12"/>
      </object_component>
      <object_component id="oc-12b">
         <name>.debug_line</name>
         <load_address>0x2b76</load_address>
         <run_address>0x2b76</run_address>
         <size>0xc4</size>
         <input_file_ref idref="fl-12"/>
      </object_component>
      <object_component id="oc-2c8">
         <name>.debug_line</name>
         <load_address>0x2c3a</load_address>
         <run_address>0x2c3a</run_address>
         <size>0x77</size>
         <input_file_ref idref="fl-cd"/>
      </object_component>
      <object_component id="oc-2cf">
         <name>.debug_line</name>
         <load_address>0x2cb1</load_address>
         <run_address>0x2cb1</run_address>
         <size>0x77</size>
         <input_file_ref idref="fl-cd"/>
      </object_component>
      <object_component id="oc-23a">
         <name>.debug_line</name>
         <load_address>0x2d28</load_address>
         <run_address>0x2d28</run_address>
         <size>0xa8</size>
         <input_file_ref idref="fl-ce"/>
      </object_component>
      <object_component id="oc-2c5">
         <name>.debug_line</name>
         <load_address>0x2dd0</load_address>
         <run_address>0x2dd0</run_address>
         <size>0x8e</size>
         <input_file_ref idref="fl-cf"/>
      </object_component>
      <object_component id="oc-23e">
         <name>.debug_line</name>
         <load_address>0x2e5e</load_address>
         <run_address>0x2e5e</run_address>
         <size>0x5a</size>
         <input_file_ref idref="fl-d0"/>
      </object_component>
      <object_component id="oc-44">
         <name>.debug_line</name>
         <load_address>0x2eb8</load_address>
         <run_address>0x2eb8</run_address>
         <size>0x88</size>
         <input_file_ref idref="fl-d1"/>
      </object_component>
      <object_component id="oc-237">
         <name>.debug_line</name>
         <load_address>0x2f40</load_address>
         <run_address>0x2f40</run_address>
         <size>0x4c</size>
         <input_file_ref idref="fl-d2"/>
      </object_component>
      <object_component id="oc-b7">
         <name>.debug_line</name>
         <load_address>0x2f8c</load_address>
         <run_address>0x2f8c</run_address>
         <size>0x79</size>
         <input_file_ref idref="fl-d3"/>
      </object_component>
      <object_component id="oc-11e">
         <name>.debug_line</name>
         <load_address>0x3005</load_address>
         <run_address>0x3005</run_address>
         <size>0x9e</size>
         <input_file_ref idref="fl-d4"/>
      </object_component>
      <object_component id="oc-56">
         <name>.debug_line</name>
         <load_address>0x30a3</load_address>
         <run_address>0x30a3</run_address>
         <size>0x4f</size>
         <input_file_ref idref="fl-d4"/>
      </object_component>
      <object_component id="oc-b0">
         <name>.debug_line</name>
         <load_address>0x30f2</load_address>
         <run_address>0x30f2</run_address>
         <size>0x34</size>
         <input_file_ref idref="fl-d4"/>
      </object_component>
      <object_component id="oc-11b">
         <name>.debug_line</name>
         <load_address>0x3126</load_address>
         <run_address>0x3126</run_address>
         <size>0x8a</size>
         <input_file_ref idref="fl-d4"/>
      </object_component>
      <object_component id="oc-ab">
         <name>.debug_line</name>
         <load_address>0x31b0</load_address>
         <run_address>0x31b0</run_address>
         <size>0x20</size>
         <input_file_ref idref="fl-d5"/>
      </object_component>
      <object_component id="oc-1c">
         <name>.debug_line</name>
         <load_address>0x31d0</load_address>
         <run_address>0x31d0</run_address>
         <size>0x55</size>
         <input_file_ref idref="fl-d5"/>
      </object_component>
      <object_component id="oc-4c">
         <name>.debug_line</name>
         <load_address>0x3225</load_address>
         <run_address>0x3225</run_address>
         <size>0x3a</size>
         <input_file_ref idref="fl-d5"/>
      </object_component>
      <object_component id="oc-a8">
         <name>.debug_line</name>
         <load_address>0x325f</load_address>
         <run_address>0x325f</run_address>
         <size>0x8a</size>
         <input_file_ref idref="fl-d5"/>
      </object_component>
      <object_component id="oc-117">
         <name>.debug_line</name>
         <load_address>0x32e9</load_address>
         <run_address>0x32e9</run_address>
         <size>0x20</size>
         <input_file_ref idref="fl-d6"/>
      </object_component>
      <object_component id="oc-16">
         <name>.debug_line</name>
         <load_address>0x3309</load_address>
         <run_address>0x3309</run_address>
         <size>0xa9</size>
         <input_file_ref idref="fl-d6"/>
      </object_component>
      <object_component id="oc-3c">
         <name>.debug_line</name>
         <load_address>0x33b2</load_address>
         <run_address>0x33b2</run_address>
         <size>0x3a</size>
         <input_file_ref idref="fl-d6"/>
      </object_component>
      <object_component id="oc-114">
         <name>.debug_line</name>
         <load_address>0x33ec</load_address>
         <run_address>0x33ec</run_address>
         <size>0x92</size>
         <input_file_ref idref="fl-d6"/>
      </object_component>
      <object_component id="oc-a1">
         <name>.debug_line</name>
         <load_address>0x347e</load_address>
         <run_address>0x347e</run_address>
         <size>0x8e</size>
         <input_file_ref idref="fl-d6"/>
      </object_component>
      <object_component id="oc-74">
         <name>.debug_line</name>
         <load_address>0x350c</load_address>
         <run_address>0x350c</run_address>
         <size>0x33</size>
         <input_file_ref idref="fl-d7"/>
      </object_component>
      <object_component id="oc-65">
         <name>.debug_line</name>
         <load_address>0x353f</load_address>
         <run_address>0x353f</run_address>
         <size>0x56</size>
         <input_file_ref idref="fl-d7"/>
      </object_component>
      <object_component id="oc-14c">
         <name>.debug_line</name>
         <load_address>0x3595</load_address>
         <run_address>0x3595</run_address>
         <size>0x3c</size>
         <input_file_ref idref="fl-d8"/>
      </object_component>
      <object_component id="oc-2e2">
         <name>.debug_line</name>
         <load_address>0x35d1</load_address>
         <run_address>0x35d1</run_address>
         <size>0xb7</size>
         <input_file_ref idref="fl-db"/>
      </object_component>
      <object_component id="oc-15b">
         <name>.debug_line</name>
         <load_address>0x3688</load_address>
         <run_address>0x3688</run_address>
         <size>0x6c</size>
         <input_file_ref idref="fl-db"/>
      </object_component>
      <object_component id="oc-2e6">
         <name>.debug_line</name>
         <load_address>0x36f4</load_address>
         <run_address>0x36f4</run_address>
         <size>0x2e</size>
         <input_file_ref idref="fl-db"/>
      </object_component>
      <object_component id="oc-311">
         <name>.debug_line</name>
         <load_address>0x3722</load_address>
         <run_address>0x3722</run_address>
         <size>0x92</size>
         <input_file_ref idref="fl-db"/>
      </object_component>
      <object_component id="oc-2eb">
         <name>.debug_line</name>
         <load_address>0x37b4</load_address>
         <run_address>0x37b4</run_address>
         <size>0x8f</size>
         <input_file_ref idref="fl-db"/>
      </object_component>
      <object_component id="oc-2f0">
         <name>.debug_line</name>
         <load_address>0x3843</load_address>
         <run_address>0x3843</run_address>
         <size>0x8b</size>
         <input_file_ref idref="fl-db"/>
      </object_component>
      <object_component id="oc-bc">
         <name>.debug_line</name>
[...]
         <name>xQueueIsQueueFullFromISR</name>
         <value>0x22d5</value>
         <object_component_ref idref="oc-133"/>
      </symbol>
      <symbol id="sm-1f2">
         <name>xQueueGenericCreate</name>
         <value>0x1a89</value>
         <object_component_ref idref="oc-133"/>
      </symbol>
      <symbol id="sm-1f3">
         <name>xQueueCreateMutex</name>
         <value>0x1af9</value>
         <object_component_ref idref="oc-133"/>
      </symbol>
      <symbol id="sm-1f4">
         <name>vQueueSetQueueNumber</name>
         <value>0x20d1</value>
         <object_component_ref idref="oc-133"/>
      </symbol>
      <symbol id="sm-1f5">
         <name>xQueueGenericSend</name>
         <value>0x1bf5</value>
         <object_component_ref idref="oc-133"/>
      </symbol>
      <symbol id="sm-1f6">
         <name>xQueueGenericReset</name>
         <value>0x19ed</value>
         <object_component_ref idref="oc-133"/>
      </symbol>
      <symbol id="sm-1f7">
         <name>xQueueReceiveFromISR</name>
         <value>0x1f8d</value>
         <object_component_ref idref="oc-133"/>
      </symbol>
      <symbol id="sm-1f8">
         <name>uxQueueSpacesAvailable</name>
         <value>0x207b</value>
         <object_component_ref idref="oc-133"/>
      </symbol>
      <symbol id="sm-1f9">
         <name>xQueueGiveMutexRecursive</name>
         <value>0x1b6f</value>
         <object_component_ref idref="oc-133"/>
      </symbol>
      <symbol id="sm-1fa">
         <name>vQueueUnregisterQueue</name>
         <value>0x2339</value>
         <object_component_ref idref="oc-133"/>
      </symbol>
      <symbol id="sm-1fb">
         <name>xQueueGiveFromISR</name>
         <value>0x1da7</value>
         <object_component_ref idref="oc-133"/>
      </symbol>
      <symbol id="sm-1fc">
         <name>uxQueueMessagesWaitingFromISR</name>
         <value>0x209b</value>
         <object_component_ref idref="oc-133"/>
      </symbol>
      <symbol id="sm-1fd">
         <name>uxQueueGetQueueNumber</name>
         <value>0x20c3</value>
         <object_component_ref idref="oc-133"/>
      </symbol>
      <symbol id="sm-1fe">
         <name>xQueueGenericReceive</name>
         <value>0x1e27</value>
         <object_component_ref idref="oc-133"/>
      </symbol>
      <symbol id="sm-1ff">
         <name>xQueueTakeMutexRecursive</name>
         <value>0x1bab</value>
         <object_component_ref idref="oc-133"/>
      </symbol>
      <symbol id="sm-200">
         <name>vQueueDelete</name>
         <value>0x20ad</value>
         <object_component_ref idref="oc-133"/>
      </symbol>
      <symbol id="sm-201">
         <name>ucQueueGetQueueType</name>
         <value>0x20e3</value>
         <object_component_ref idref="oc-133"/>
      </symbol>
      <symbol id="sm-3c1">
         <name>vTaskDelay</name>
         <value>0x4cb</value>
         <object_component_ref idref="oc-7c"/>
      </symbol>
      <symbol id="sm-3c2">
         <name>vTaskSuspendAll</name>
         <value>0x93d</value>
         <object_component_ref idref="oc-7c"/>
      </symbol>
      <symbol id="sm-3c3">
         <name>vTaskPriorityInherit</name>
         <value>0x13b9</value>
         <object_component_ref idref="oc-7c"/>
      </symbol>
      <symbol id="sm-3c4">
         <name>vTaskPlaceOnEventList</name>
         <value>0xd05</value>
         <object_component_ref idref="oc-7c"/>
      </symbol>
      <symbol id="sm-3c5">
         <name>vTaskSetTaskNumber</name>
         <value>0xf99</value>
         <object_component_ref idref="oc-7c"/>
      </symbol>
      <symbol id="sm-3c6">
         <name>uxTaskPriorityGetFromISR</name>
         <value>0x559</value>
         <object_component_ref idref="oc-7c"/>
      </symbol>
      <symbol id="sm-3c7">
         <name>ulTaskNotifyTake</name>
         <value>0x154b</value>
         <object_component_ref idref="oc-7c"/>
      </symbol>
      <symbol id="sm-3c8">
         <name>xTaskCheckForTimeOut</name>
         <value>0xeed</value>
         <object_component_ref idref="oc-7c"/>
      </symbol>
      <symbol id="sm-3c9">
         <name>xTaskRemoveFromUnorderedEventList</name>
         <value>0xe5d</value>
         <object_component_ref idref="oc-7c"/>
      </symbol>
      <symbol id="sm-3ca">
         <name>vTaskPrioritySet</name>
         <value>0x5ad</value>
         <object_component_ref idref="oc-7c"/>
      </symbol>
      <symbol id="sm-3cb">
         <name>xTaskPriorityDisinherit</name>
         <value>0x1473</value>
         <object_component_ref idref="oc-7c"/>
      </symbol>
      <symbol id="sm-3cc">
         <name>vTaskStartScheduler</name>
         <value>0x8c9</value>
         <object_component_ref idref="oc-7c"/>
      </symbol>
      <symbol id="sm-3cd">
         <name>xTaskNotifyStateClear</name>
         <value>0x199b</value>
         <object_component_ref idref="oc-7c"/>
      </symbol>
      <symbol id="sm-3ce">
         <name>pvTaskIncrementMutexHeldCount</name>
         <value>0x1533</value>
         <object_component_ref idref="oc-7c"/>
      </symbol>
      <symbol id="sm-3cf">
         <name>uxTaskGetStackHighWaterMark</name>
         <value>0x130d</value>
         <object_component_ref idref="oc-7c"/>
      </symbol>
      <symbol id="sm-3d0">
         <name>xTaskGenericNotify</name>
         <value>0x16fb</value>
         <object_component_ref idref="oc-7c"/>
      </symbol>
      <symbol id="sm-3d1">
         <name>vTaskDelayUntil</name>
         <value>0x423</value>
         <object_component_ref idref="oc-7c"/>
      </symbol>
      <symbol id="sm-3d2">
         <name>uxTaskGetTaskNumber</name>
         <value>0xf79</value>
         <object_component_ref idref="oc-7c"/>
      </symbol>
      <symbol id="sm-3d3">
         <name>vTaskEndScheduler</name>
         <value>0x921</value>
         <object_component_ref idref="oc-7c"/>
      </symbol>
      <symbol id="sm-3d4">
         <name>xTaskNotifyWait</name>
         <value>0x1611</value>
         <object_component_ref idref="oc-7c"/>
      </symbol>
      <symbol id="sm-3d5">
         <name>vTaskMissedYield</name>
         <value>0xf67</value>
         <object_component_ref idref="oc-7c"/>
      </symbol>
      <symbol id="sm-3d6">
         <name>uxTaskGetNumberOfTasks</name>
         <value>0xa55</value>
         <object_component_ref idref="oc-7c"/>
      </symbol>
      <symbol id="sm-3d7">
         <name>xTaskGenericNotifyFromISR</name>
         <value>0x17ed</value>
         <object_component_ref idref="oc-7c"/>
      </symbol>
      <symbol id="sm-3d8">
         <name>uxTaskPriorityGet</name>
         <value>0x527</value>
         <object_component_ref idref="oc-7c"/>
      </symbol>
      <symbol id="sm-3d9">
         <name>xTaskResumeAll</name>
         <value>0x955</value>
         <object_component_ref idref="oc-7c"/>
      </symbol>
      <symbol id="sm-3da">
         <name>xTaskGetTickCount</name>
         <value>0xa2b</value>
         <object_component_ref idref="oc-7c"/>
      </symbol>
      <symbol id="sm-3db">
         <name>xTaskGenericCreate</name>
         <value>0x26d</value>
         <object_component_ref idref="oc-7c"/>
      </symbol>
      <symbol id="sm-3dc">
         <name>uxTaskGetSystemState</name>
         <value>0xa61</value>
         <object_component_ref idref="oc-7c"/>
      </symbol>
      <symbol id="sm-3dd">
         <name>vTaskDelete</name>
         <value>0x387</value>
         <object_component_ref idref="oc-7c"/>
      </symbol>
      <symbol id="sm-3de">
         <name>pxCurrentTCB</name>
         <value>0x20007938</value>
         <object_component_ref idref="oc-76"/>
      </symbol>
      <symbol id="sm-3df">
         <name>vTaskNotifyGiveFromISR</name>
         <value>0x18f5</value>
         <object_component_ref idref="oc-7c"/>
      </symbol>
      <symbol id="sm-3e0">
         <name>vTaskSuspend</name>
         <value>0x6c1</value>
         <object_component_ref idref="oc-7c"/>
      </symbol>
      <symbol id="sm-3e1">
         <name>xTaskGetTickCountFromISR</name>
         <value>0xa41</value>
         <object_component_ref idref="oc-7c"/>
      </symbol>
      <symbol id="sm-3e2">
         <name>vTaskResume</name>
         <value>0x7b5</value>
         <object_component_ref idref="oc-7c"/>
      </symbol>
      <symbol id="sm-3e3">
         <name>vTaskSetTimeOutState</name>
         <value>0xecf</value>
         <object_component_ref idref="oc-7c"/>
      </symbol>
      <symbol id="sm-3e4">
         <name>xTaskIncrementTick</name>
         <value>0xb35</value>
         <object_component_ref idref="oc-7c"/>
      </symbol>
      <symbol id="sm-3e5">
         <name>vTaskSwitchContext</name>
         <value>0xc5d</value>
         <object_component_ref idref="oc-7c"/>
      </symbol>
      <symbol id="sm-3e6">
         <name>uxTaskResetEventItemValue</name>
         <value>0x1511</value>
         <object_component_ref idref="oc-7c"/>
      </symbol>
      <symbol id="sm-3e7">
         <name>xTaskResumeFromISR</name>
         <value>0x837</value>
         <object_component_ref idref="oc-7c"/>
      </symbol>
      <symbol id="sm-3e8">
         <name>xTaskGetCurrentTaskHandle</name>
         <value>0x139d</value>
         <object_component_ref idref="oc-7c"/>
      </symbol>
      <symbol id="sm-3e9">
         <name>vTaskPlaceOnUnorderedEventList</name>
         <value>0xd6d</value>
         <object_component_ref idref="oc-7c"/>
      </symbol>
      <symbol id="sm-3ea">
         <name>xTaskRemoveFromEventList</name>
         <value>0xde1</value>
         <object_component_ref idref="oc-7c"/>
      </symbol>
      <symbol id="sm-407">
         <name>ResetISR</name>
         <value>0x3b1b</value>
         <object_component_ref idref="oc-24"/>
      </symbol>
      <symbol id="sm-408">
         <name>g_pfnVectors</name>
         <value>0x0</value>
         <object_component_ref idref="oc-f"/>
      </symbol>
      <symbol id="sm-42e">
         <name>Btns_Init</name>
         <value>0x337d</value>
         <object_component_ref idref="oc-121"/>
      </symbol>
      <symbol id="sm-42f">
         <name>Btn1_Read</name>
         <value>0x33b5</value>
         <object_component_ref idref="oc-121"/>
      </symbol>
      <symbol id="sm-430">
         <name>Btn1_Task</name>
         <value>0x33db</value>
         <object_component_ref idref="oc-121"/>
      </symbol>
      <symbol id="sm-451">
         <name>FSM_Handler_Task</name>
         <value>0x2783</value>
         <object_component_ref idref="oc-143"/>
      </symbol>
      <symbol id="sm-452">
         <name>AlignData</name>
         <value>0x272d</value>
         <object_component_ref idref="oc-143"/>
      </symbol>
      <symbol id="sm-469">
         <name>Get_Distance</name>
         <value>0x31e9</value>
         <object_component_ref idref="oc-242"/>
      </symbol>
      <symbol id="sm-486">
         <name>SpiSend_Task</name>
         <value>0x34d5</value>
         <object_component_ref idref="oc-12d"/>
      </symbol>
      <symbol id="sm-487">
         <name>SPI0_Master_Init</name>
         <value>0x3441</value>
         <object_component_ref idref="oc-12d"/>
      </symbol>
      <symbol id="sm-488">
         <name>SPI3_Recieve</name>
         <value>0x34bf</value>
         <object_component_ref idref="oc-12d"/>
      </symbol>
      <symbol id="sm-489">
         <name>SPI0_Send</name>
         <value>0x34ad</value>
         <object_component_ref idref="oc-12d"/>
      </symbol>
      <symbol id="sm-4a3">
         <name>UART0_init</name>
         <value>0x32b5</value>
         <object_component_ref idref="oc-127"/>
      </symbol>
      <symbol id="sm-4a4">
         <name>UART0_Send</name>
         <value>0x3303</value>
         <object_component_ref idref="oc-127"/>
      </symbol>
      <symbol id="sm-4a5">
         <name>UART0_Recv</name>
         <value>0x3315</value>
         <object_component_ref idref="oc-127"/>
      </symbol>
      <symbol id="sm-4a6">
         <name>UartRecv_Task</name>
         <value>0x3335</value>
         <object_component_ref idref="oc-127"/>
      </symbol>
      <symbol id="sm-4c8">
         <name>__aeabi_cdcmpeq</name>
         <value>0x3631</value>
         <object_component_ref idref="oc-2c6"/>
      </symbol>
      <symbol id="sm-4c9">
         <name>__aeabi_cdcmple</name>
         <value>0x3631</value>
         <object_component_ref idref="oc-2c6"/>
      </symbol>
      <symbol id="sm-4ca">
         <name>__aeabi_cdrcmple</name>
         <value>0x36b7</value>
         <object_component_ref idref="oc-2cb"/>
      </symbol>
      <symbol id="sm-4de">
         <name>__aeabi_ddiv</name>
         <value>0x297d</value>
         <object_component_ref idref="oc-238"/>
      </symbol>
      <symbol id="sm-4e9">
         <name>__aeabi_dmul</name>
         <value>0x2f49</value>
         <object_component_ref idref="oc-2c1"/>
      </symbol>
      <symbol id="sm-4f3">
         <name>__aeabi_d2iz</name>
         <value>0x3869</value>
         <object_component_ref idref="oc-23d"/>
      </symbol>
      <symbol id="sm-50e">
         <name>memcpy</name>
         <value>0x3595</value>
         <object_component_ref idref="oc-43"/>
      </symbol>
      <symbol id="sm-50f">
         <name>__aeabi_memcpy</name>
         <value>0x3595</value>
         <object_component_ref idref="oc-43"/>
      </symbol>
      <symbol id="sm-510">
         <name>__aeabi_memcpy8</name>
         <value>0x3595</value>
         <object_component_ref idref="oc-43"/>
      </symbol>
      <symbol id="sm-511">
         <name>__aeabi_memcpy4</name>
         <value>0x3595</value>
         <object_component_ref idref="oc-43"/>
      </symbol>
      <symbol id="sm-51b">
         <name>__aeabi_ui2d</name>
         <value>0x3a69</value>
         <object_component_ref idref="oc-233"/>
      </symbol>
      <symbol id="sm-52a">
         <name>__aeabi_memset</name>
         <value>0x373f</value>
         <object_component_ref idref="oc-b3"/>
      </symbol>
      <symbol id="sm-52b">
         <name>memset</name>
         <value>0x3745</value>
         <object_component_ref idref="oc-b3"/>
      </symbol>
      <symbol id="sm-52c">
         <name>__aeabi_memset8</name>
         <value>0x373f</value>
         <object_component_ref idref="oc-b3"/>
      </symbol>
      <symbol id="sm-52d">
         <name>__aeabi_memset4</name>
         <value>0x373f</value>
         <object_component_ref idref="oc-b3"/>
      </symbol>
      <symbol id="sm-52e">
         <name>__aeabi_memclr8</name>
         <value>0x373d</value>
         <object_component_ref idref="oc-b3"/>
      </symbol>
      <symbol id="sm-52f">
         <name>__aeabi_memclr4</name>
         <value>0x373d</value>
         <object_component_ref idref="oc-b3"/>
      </symbol>
      <symbol id="sm-530">
         <name>__aeabi_memclr</name>
         <value>0x373d</value>
         <object_component_ref idref="oc-b3"/>
      </symbol>
      <symbol id="sm-547">
         <name>__TI_zero_init</name>
         <value>0x3b0f</value>
         <object_component_ref idref="oc-55"/>
      </symbol>
      <symbol id="sm-55e">
         <name>__TI_decompress_none</name>
         <value>0x3b01</value>
         <object_component_ref idref="oc-18"/>
      </symbol>
      <symbol id="sm-581">
         <name>__TI_decompress_lzss</name>
         <value>0x37b7</value>
         <object_component_ref idref="oc-12"/>
      </symbol>
      <symbol id="sm-594">
         <name>__stack</name>
         <value>0x20007738</value>
         <object_component_ref idref="oc-21"/>
      </symbol>
      <symbol id="sm-595">
         <name>_c_int00_noargs</name>
         <value>0x39b1</value>
         <object_component_ref idref="oc-61"/>
      </symbol>
      <symbol id="sm-5a0">
         <name>C$$EXIT</name>
         <value>0x3b4f</value>
         <object_component_ref idref="oc-14a"/>
      </symbol>
      <symbol id="sm-5a1">
         <name>abort</name>
         <value>0x3b4f</value>
         <object_component_ref idref="oc-14a"/>
      </symbol>
      <symbol id="sm-5cb">
         <name>__TI_auto_init_nobinit_nopinit</name>
         <value>0x38f9</value>
         <object_component_ref idref="oc-156"/>
      </symbol>
      <symbol id="sm-5d5">
         <name>_system_pre_init</name>
         <value>0x3b4b</value>
         <object_component_ref idref="oc-b9"/>
      </symbol>
      <symbol id="sm-625">
         <name>GPIOPinConfigure</name>
         <value>0x3821</value>
         <object_component_ref idref="oc-1da"/>
      </symbol>
      <symbol id="sm-626">
         <name>GPIOPinTypeGPIOInput</name>
         <value>0x3a9d</value>
         <object_component_ref idref="oc-1bf"/>
      </symbol>
      <symbol id="sm-627">
         <name>GPIOPinTypeUART</name>
         <value>0x3ac1</value>
         <object_component_ref idref="oc-1d4"/>
      </symbol>
      <symbol id="sm-628">
         <name>GPIOPinRead</name>
         <value>0x3b45</value>
         <object_component_ref idref="oc-1cb"/>
      </symbol>
      <symbol id="sm-629">
         <name>GPIODirModeSet</name>
         <value>0x3a1d</value>
         <object_component_ref idref="oc-280"/>
      </symbol>
      <symbol id="sm-62a">
         <name>GPIOPadConfigSet</name>
         <value>0x2ab3</value>
         <object_component_ref idref="oc-1c5"/>
      </symbol>
      <symbol id="sm-62b">
         <name>GPIOPinTypeSSI</name>
         <value>0x3aaf</value>
         <object_component_ref idref="oc-200"/>
      </symbol>
      <symbol id="sm-654">
         <name>SSIDataPut</name>
         <value>0x3b27</value>
         <object_component_ref idref="oc-212"/>
      </symbol>
      <symbol id="sm-655">
         <name>SSIDataGetNonBlocking</name>
         <value>0x3ad3</value>
         <object_component_ref idref="oc-218"/>
      </symbol>
      <symbol id="sm-656">
         <name>SSIConfigSetExpClk</name>
         <value>0x393d</value>
         <object_component_ref idref="oc-206"/>
      </symbol>
      <symbol id="sm-657">
         <name>SSIEnable</name>
         <value>0x3b31</value>
         <object_component_ref idref="oc-20c"/>
      </symbol>
      <symbol id="sm-69c">
         <name>SysCtlPeripheralEnable</name>
         <value>0x39e9</value>
         <object_component_ref idref="oc-1b3"/>
      </symbol>
      <symbol id="sm-69d">
         <name>SysCtlClockGet</name>
         <value>0x2e39</value>
         <object_component_ref idref="oc-1e0"/>
      </symbol>
      <symbol id="sm-69e">
         <name>SysCtlPeripheralReady</name>
         <value>0x3979</value>
         <object_component_ref idref="oc-1b9"/>
      </symbol>
      <symbol id="sm-6d8">
         <name>UARTConfigSetExpClk</name>
         <value>0x38b1</value>
         <object_component_ref idref="oc-1e6"/>
      </symbol>
      <symbol id="sm-6d9">
         <name>UARTDisable</name>
         <value>0x3a49</value>
         <object_component_ref idref="oc-295"/>
      </symbol>
      <symbol id="sm-6da">
         <name>UARTCharsAvail</name>
         <value>0x3af3</value>
         <object_component_ref idref="oc-1f2"/>
      </symbol>
      <symbol id="sm-6db">
         <name>UARTCharGetNonBlocking</name>
         <value>0x3ae5</value>
         <object_component_ref idref="oc-1f8"/>
      </symbol>
      <symbol id="sm-6dc">
         <name>UARTCharPut</name>
         <value>0x3b3b</value>
         <object_component_ref idref="oc-1ec"/>
      </symbol>
      <symbol id="sm-6dd">
         <name>UARTEnable</name>
         <value>0x3a89</value>
         <object_component_ref idref="oc-29b"/>
      </symbol>
      <symbol id="sm-6df">
         <name>__TI_static_base__</name>
         <value>0x0</value>
      </symbol>
      <symbol id="sm-6e2">
         <name>__mpu_init</name>
         <value>0x0</value>
      </symbol>
      <symbol id="sm-6e3">
         <name>_system_post_cinit</name>
         <value>0x0</value>
      </symbol>
   </symbol_table>
   <title>Link successful</title>
</link_info>
